Archive member included because of file (symbol)

c:/program files (x86)/gnu tools arm embedded/4.8 2014q2/bin/../lib/gcc/arm-none-eabi/4.8.4/../../../../arm-none-eabi/lib/armv7-m\libm.a(lib_a-s_sin.o)
                              out/pwm.o (sin)
c:/program files (x86)/gnu tools arm embedded/4.8 2014q2/bin/../lib/gcc/arm-none-eabi/4.8.4/../../../../arm-none-eabi/lib/armv7-m\libm.a(lib_a-sf_cos.o)
                              out/engine.o (cosf)
c:/program files (x86)/gnu tools arm embedded/4.8 2014q2/bin/../lib/gcc/arm-none-eabi/4.8.4/../../../../arm-none-eabi/lib/armv7-m\libm.a(lib_a-sf_sin.o)
                              out/engine.o (sinf)
c:/program files (x86)/gnu tools arm embedded/4.8 2014q2/bin/../lib/gcc/arm-none-eabi/4.8.4/../../../../arm-none-eabi/lib/armv7-m\libm.a(lib_a-wf_atan2.o)
                              out/engine.o (atan2f)
c:/program files (x86)/gnu tools arm embedded/4.8 2014q2/bin/../lib/gcc/arm-none-eabi/4.8.4/../../../../arm-none-eabi/lib/armv7-m\libm.a(lib_a-wf_fmod.o)
                              out/pwm.o (fmodf)
c:/program files (x86)/gnu tools arm embedded/4.8 2014q2/bin/../lib/gcc/arm-none-eabi/4.8.4/../../../../arm-none-eabi/lib/armv7-m\libm.a(lib_a-wf_sqrt.o)
                              out/engine.o (sqrtf)
c:/program files (x86)/gnu tools arm embedded/4.8 2014q2/bin/../lib/gcc/arm-none-eabi/4.8.4/../../../../arm-none-eabi/lib/armv7-m\libm.a(lib_a-e_rem_pio2.o)
                              c:/program files (x86)/gnu tools arm embedded/4.8 2014q2/bin/../lib/gcc/arm-none-eabi/4.8.4/../../../../arm-none-eabi/lib/armv7-m\libm.a(lib_a-s_sin.o) (__ieee754_rem_pio2)
c:/program files (x86)/gnu tools arm embedded/4.8 2014q2/bin/../lib/gcc/arm-none-eabi/4.8.4/../../../../arm-none-eabi/lib/armv7-m\libm.a(lib_a-ef_atan2.o)
                              c:/program files (x86)/gnu tools arm embedded/4.8 2014q2/bin/../lib/gcc/arm-none-eabi/4.8.4/../../../../arm-none-eabi/lib/armv7-m\libm.a(lib_a-wf_atan2.o) (__ieee754_atan2f)
c:/program files (x86)/gnu tools arm embedded/4.8 2014q2/bin/../lib/gcc/arm-none-eabi/4.8.4/../../../../arm-none-eabi/lib/armv7-m\libm.a(lib_a-ef_fmod.o)
                              c:/program files (x86)/gnu tools arm embedded/4.8 2014q2/bin/../lib/gcc/arm-none-eabi/4.8.4/../../../../arm-none-eabi/lib/armv7-m\libm.a(lib_a-wf_fmod.o) (__ieee754_fmodf)
c:/program files (x86)/gnu tools arm embedded/4.8 2014q2/bin/../lib/gcc/arm-none-eabi/4.8.4/../../../../arm-none-eabi/lib/armv7-m\libm.a(lib_a-ef_rem_pio2.o)
                              c:/program files (x86)/gnu tools arm embedded/4.8 2014q2/bin/../lib/gcc/arm-none-eabi/4.8.4/../../../../arm-none-eabi/lib/armv7-m\libm.a(lib_a-sf_cos.o) (__ieee754_rem_pio2f)
c:/program files (x86)/gnu tools arm embedded/4.8 2014q2/bin/../lib/gcc/arm-none-eabi/4.8.4/../../../../arm-none-eabi/lib/armv7-m\libm.a(lib_a-ef_sqrt.o)
                              c:/program files (x86)/gnu tools arm embedded/4.8 2014q2/bin/../lib/gcc/arm-none-eabi/4.8.4/../../../../arm-none-eabi/lib/armv7-m\libm.a(lib_a-wf_sqrt.o) (__ieee754_sqrtf)
c:/program files (x86)/gnu tools arm embedded/4.8 2014q2/bin/../lib/gcc/arm-none-eabi/4.8.4/../../../../arm-none-eabi/lib/armv7-m\libm.a(lib_a-k_cos.o)
                              c:/program files (x86)/gnu tools arm embedded/4.8 2014q2/bin/../lib/gcc/arm-none-eabi/4.8.4/../../../../arm-none-eabi/lib/armv7-m\libm.a(lib_a-s_sin.o) (__kernel_cos)
c:/program files (x86)/gnu tools arm embedded/4.8 2014q2/bin/../lib/gcc/arm-none-eabi/4.8.4/../../../../arm-none-eabi/lib/armv7-m\libm.a(lib_a-k_rem_pio2.o)
                              c:/program files (x86)/gnu tools arm embedded/4.8 2014q2/bin/../lib/gcc/arm-none-eabi/4.8.4/../../../../arm-none-eabi/lib/armv7-m\libm.a(lib_a-e_rem_pio2.o) (__kernel_rem_pio2)
c:/program files (x86)/gnu tools arm embedded/4.8 2014q2/bin/../lib/gcc/arm-none-eabi/4.8.4/../../../../arm-none-eabi/lib/armv7-m\libm.a(lib_a-k_sin.o)
                              c:/program files (x86)/gnu tools arm embedded/4.8 2014q2/bin/../lib/gcc/arm-none-eabi/4.8.4/../../../../arm-none-eabi/lib/armv7-m\libm.a(lib_a-s_sin.o) (__kernel_sin)
c:/program files (x86)/gnu tools arm embedded/4.8 2014q2/bin/../lib/gcc/arm-none-eabi/4.8.4/../../../../arm-none-eabi/lib/armv7-m\libm.a(lib_a-kf_cos.o)
                              c:/program files (x86)/gnu tools arm embedded/4.8 2014q2/bin/../lib/gcc/arm-none-eabi/4.8.4/../../../../arm-none-eabi/lib/armv7-m\libm.a(lib_a-sf_cos.o) (__kernel_cosf)
c:/program files (x86)/gnu tools arm embedded/4.8 2014q2/bin/../lib/gcc/arm-none-eabi/4.8.4/../../../../arm-none-eabi/lib/armv7-m\libm.a(lib_a-kf_rem_pio2.o)
                              c:/program files (x86)/gnu tools arm embedded/4.8 2014q2/bin/../lib/gcc/arm-none-eabi/4.8.4/../../../../arm-none-eabi/lib/armv7-m\libm.a(lib_a-ef_rem_pio2.o) (__kernel_rem_pio2f)
[...]
Memory Configuration

Name             Origin             Length             Attributes
FLASH            0x08000000         0x00040000         xr
RAM              0x20000000         0x0000c000         xrw
*default*        0x00000000         0xffffffff

Linker script and memory map

LOAD out/startup_stm32f10x_hd.o
LOAD out/stm32f10x_gpio.o
LOAD out/stm32f10x_fsmc.o
LOAD out/stm32f10x_exti.o
LOAD out/stm32f10x_bkp.o
LOAD out/stm32f10x_spi.o
LOAD out/stm32f10x_adc.o
LOAD out/stm32f10x_iwdg.o
LOAD out/misc.o
LOAD out/stm32f10x_cec.o
LOAD out/stm32f10x_wwdg.o
LOAD out/stm32f10x_tim.o
LOAD out/stm32f10x_usart.o
LOAD out/stm32f10x_crc.o
LOAD out/stm32f10x_flash.o
LOAD out/stm32f10x_rcc.o
LOAD out/stm32f10x_sdio.o
LOAD out/stm32f10x_i2c.o
LOAD out/stm32f10x_pwr.o
LOAD out/stm32f10x_rtc.o
LOAD out/stm32f10x_can.o
LOAD out/stm32f10x_dac.o
LOAD out/stm32f10x_dbgmcu.o
LOAD out/stm32f10x_dma.o
LOAD out/adc.o
LOAD out/systick.o
LOAD out/i2c.o
LOAD out/usart.o
LOAD out/usb.o
LOAD out/stopwatch.o
LOAD out/engine.o
LOAD out/commhandler.o
LOAD out/system_stm32f10x.o
LOAD out/ringbuffer.o
LOAD out/gyro.o
LOAD out/utils.o
LOAD out/newlib_stubs.o
LOAD out/reboot.o
LOAD out/pwm.o
LOAD out/stm32_it.o
LOAD out/eeprom.o
LOAD out/comio.o
LOAD out/main.o
LOAD out/rc.o
LOAD out/pins.o
LOAD out/fasttrig.o
LOAD out/config.o
LOAD out/itoa.o
LOAD out/printf.o
LOAD out/usb_int.o
LOAD out/usb_regs.o
LOAD out/usb_core.o
LOAD out/usb_sil.o
LOAD out/usb_init.o
LOAD out/usb_mem.o
LOAD out/usb_pwr.o
LOAD out/usb_istr.o
LOAD out/hw_config.o
LOAD out/usb_prop.o
LOAD out/usb_endp.o
LOAD out/usb_desc.o
LOAD c:/program files (x86)/gnu tools arm embedded/4.8 2014q2/bin/../lib/gcc/arm-none-eabi/4.8.4/../../../../arm-none-eabi/lib/armv7-m\libstdc++.a
LOAD c:/program files (x86)/gnu tools arm embedded/4.8 2014q2/bin/../lib/gcc/arm-none-eabi/4.8.4/../../../../arm-none-eabi/lib/armv7-m\libm.a
START GROUP
LOAD c:/program files (x86)/gnu tools arm embedded/4.8 2014q2/bin/../lib/gcc/arm-none-eabi/4.8.4/armv7-m\libgcc.a
LOAD c:/program files (x86)/gnu tools arm embedded/4.8 2014q2/bin/../lib/gcc/arm-none-eabi/4.8.4/../../../../arm-none-eabi/lib/armv7-m\libc.a
END GROUP
                0x2000c000                _estack = 0x2000c000
                0x00000000                _Min_Heap_Size = 0x0
                0x00000200                _Min_Stack_Size = 0x200

.isr_vector     0x08000000      0x1e4
                0x08000000                . = ALIGN (0x4)
 *(.isr_vector)
 .isr_vector    0x08000000      0x1e4 out/startup_stm32f10x_hd.o
                0x08000000                g_pfnVectors
                0x080001e4                . = ALIGN (0x4)

.text           0x080001e8     0xbfec
                0x080001e8                . = ALIGN (0x4)
 *(.text)
 .text          0x080001e8      0x370 c:/program files (x86)/gnu tools arm embedded/4.8 2014q2/bin/../lib/gcc/arm-none-eabi/4.8.4/armv7-m\libgcc.a(_arm_addsubdf3.o)
                0x080001e8                __aeabi_drsub
                0x080001f0                __aeabi_dsub
                0x080001f0                __subdf3
                0x080001f4                __aeabi_dadd
                0x080001f4                __adddf3
                0x0800046c                __floatunsidf
                0x0800046c                __aeabi_ui2d
                0x0800048c                __floatsidf
                0x0800048c                __aeabi_i2d
                0x080004b0                __aeabi_f2d
                0x080004b0                __extendsfdf2
                0x080004ec                __floatundidf
                0x080004ec                __aeabi_ul2d
                0x080004fc                __floatdidf
                0x080004fc                __aeabi_l2d
 .text          0x08000558      0x424 c:/program files (x86)/gnu tools arm embedded/4.8 2014q2/bin/../lib/gcc/arm-none-eabi/4.8.4/armv7-m\libgcc.a(_arm_muldivdf3.o)
                0x08000558                __aeabi_dmul
                0x08000558                __muldf3
                0x080007ac                __divdf3
                0x080007ac                __aeabi_ddiv
 .text          0x0800097c      0x110 c:/program files (x86)/gnu tools arm embedded/4.8 2014q2/bin/../lib/gcc/arm-none-eabi/4.8.4/armv7-m\libgcc.a(_arm_cmpdf2.o)
                0x0800097c                __gtdf2
                0x0800097c                __gedf2
                0x08000984                __ltdf2
                0x08000984                __ledf2
                0x0800098c                __nedf2
                0x0800098c                __eqdf2
                0x0800098c                __cmpdf2
                0x08000a08                __aeabi_cdrcmple
                0x08000a18                __aeabi_cdcmpeq
                0x08000a18                __aeabi_cdcmple
                0x08000a28                __aeabi_dcmpeq
                0x08000a3c                __aeabi_dcmplt
                0x08000a50                __aeabi_dcmple
                0x08000a64                __aeabi_dcmpge
                0x08000a78                __aeabi_dcmpgt
 .text          0x08000a8c       0x50 c:/program files (x86)/gnu tools arm embedded/4.8 2014q2/bin/../lib/gcc/arm-none-eabi/4.8.4/armv7-m\libgcc.a(_arm_fixdfsi.o)
                0x08000a8c                __aeabi_d2iz
                0x08000a8c                __fixdfsi
 .text          0x08000adc       0xa0 c:/program files (x86)/gnu tools arm embedded/4.8 2014q2/bin/../lib/gcc/arm-none-eabi/4.8.4/armv7-m\libgcc.a(_arm_truncdfsf2.o)
                0x08000adc                __truncdfsf2
                0x08000adc                __aeabi_d2f
 .text          0x08000b7c      0x21c c:/program files (x86)/gnu tools arm embedded/4.8 2014q2/bin/../lib/gcc/arm-none-eabi/4.8.4/armv7-m\libgcc.a(_arm_addsubsf3.o)
                0x08000b7c                __aeabi_frsub
                0x08000b84                __subsf3
                0x08000b84                __aeabi_fsub
                0x08000b88                __aeabi_fadd
                0x08000b88                __addsf3
                0x08000ce8                __aeabi_ui2f
                0x08000ce8                __floatunsisf
                0x08000cf0                __aeabi_i2f
                0x08000cf0                __floatsisf
                0x08000d0c                __aeabi_ul2f
                0x08000d0c                __floatundisf
                0x08000d1c                __aeabi_l2f
                0x08000d1c                __floatdisf
 .text          0x08000d98      0x2a0 c:/program files (x86)/gnu tools arm embedded/4.8 2014q2/bin/../lib/gcc/arm-none-eabi/4.8.4/armv7-m\libgcc.a(_arm_muldivsf3.o)
                0x08000d98                __mulsf3
                0x08000d98                __aeabi_fmul
                0x08000f00                __aeabi_fdiv
                0x08000f00                __divsf3
 .text          0x08001038       0xec c:/program files (x86)/gnu tools arm embedded/4.8 2014q2/bin/../lib/gcc/arm-none-eabi/4.8.4/armv7-m\libgcc.a(_arm_cmpsf2.o)
                0x08001038                __gesf2
                0x08001038                __gtsf2
                0x08001040                __lesf2
                0x08001040                __ltsf2
                0x08001048                __nesf2
                0x08001048                __eqsf2
                0x08001048                __cmpsf2
                0x080010a8                __aeabi_cfrcmple
                0x080010b0                __aeabi_cfcmpeq
                0x080010b0                __aeabi_cfcmple
                0x080010c0                __aeabi_fcmpeq
                0x080010d4                __aeabi_fcmplt
                0x080010e8                __aeabi_fcmple
                0x080010fc                __aeabi_fcmpge
                0x08001110                __aeabi_fcmpgt
 .text          0x08001124       0x4c c:/program files (x86)/gnu tools arm embedded/4.8 2014q2/bin/../lib/gcc/arm-none-eabi/4.8.4/armv7-m\libgcc.a(_arm_fixsfsi.o)
                0x08001124                __aeabi_f2iz
                0x08001124                __fixsfsi
 .text          0x08001170       0xec c:/program files (x86)/gnu tools arm embedded/4.8 2014q2/bin/../lib/gcc/arm-none-eabi/4.8.4/../../../../arm-none-eabi/lib/armv7-m\libc.a(lib_a-memcpy.o)
                0x08001170                memcpy
 .text          0x0800125c       0x2c c:/program files (x86)/gnu tools arm embedded/4.8 2014q2/bin/../lib/gcc/arm-none-eabi/4.8.4/armv7-m\libgcc.a(_aeabi_uldivmod.o)
                0x0800125c                __aeabi_uldivmod
 .text          0x08001288       0x60 c:/program files (x86)/gnu tools arm embedded/4.8 2014q2/bin/../lib/gcc/arm-none-eabi/4.8.4/armv7-m\libgcc.a(bpabi.o)
                0x08001288                __gnu_ldivmod_helper
                0x080012b8                __gnu_uldivmod_helper
 .text          0x080012e8        0x4 c:/program files (x86)/gnu tools arm embedded/4.8 2014q2/bin/../lib/gcc/arm-none-eabi/4.8.4/armv7-m\libgcc.a(_dvmd_tls.o)
                0x080012e8                __aeabi_idiv0
                0x080012e8                __aeabi_ldiv0
 .text          0x080012ec      0x2a0 c:/program files (x86)/gnu tools arm embedded/4.8 2014q2/bin/../lib/gcc/arm-none-eabi/4.8.4/armv7-m\libgcc.a(_divdi3.o)
                0x080012ec                __divdi3
 .text          0x0800158c      0x290 c:/program files (x86)/gnu tools arm embedded/4.8 2014q2/bin/../lib/gcc/arm-none-eabi/4.8.4/armv7-m\libgcc.a(_udivdi3.o)
                0x0800158c                __udivdi3
 *(.text*)
 .text.Reset_Handler
                0x0800181c       0x50 out/startup_stm32f10x_hd.o
                0x0800181c                Reset_Handler
 .text.Default_Handler
                0x0800186c        0x4 out/startup_stm32f10x_hd.o
                0x0800186c                TIM8_TRG_COM_IRQHandler
                0x0800186c                TIM8_CC_IRQHandler
                0x0800186c                TIM1_CC_IRQHandler
                0x0800186c                TIM6_IRQHandler
                0x0800186c                PVD_IRQHandler
                0x0800186c                SDIO_IRQHandler
                0x0800186c                EXTI0_IRQHandler
                0x0800186c                I2C2_EV_IRQHandler
                0x0800186c                ADC1_2_IRQHandler
                0x0800186c                SPI1_IRQHandler
                0x0800186c                TAMPER_IRQHandler
                0x0800186c                DMA2_Channel2_IRQHandler
                0x0800186c                DMA1_Channel4_IRQHandler
                0x0800186c                USART3_IRQHandler
                0x0800186c                RTC_IRQHandler
                0x0800186c                DMA1_Channel7_IRQHandler
                0x0800186c                CAN1_RX1_IRQHandler
                0x0800186c                UART5_IRQHandler
                0x0800186c                ADC3_IRQHandler
                0x0800186c                TIM4_IRQHandler
                0x0800186c                DMA2_Channel1_IRQHandler
                0x0800186c                I2C1_EV_IRQHandler
                0x0800186c                DMA1_Channel6_IRQHandler
                0x0800186c                TIM3_IRQHandler
                0x0800186c                RCC_IRQHandler
                0x0800186c                TIM1_TRG_COM_IRQHandler
                0x0800186c                DMA1_Channel1_IRQHandler
                0x0800186c                Default_Handler
                0x0800186c                EXTI15_10_IRQHandler
                0x0800186c                TIM7_IRQHandler
                0x0800186c                EXTI9_5_IRQHandler
                0x0800186c                SPI2_IRQHandler
                0x0800186c                DMA1_Channel5_IRQHandler
                0x0800186c                USB_HP_CAN1_TX_IRQHandler
                0x0800186c                DMA1_Channel3_IRQHandler
                0x0800186c                FSMC_IRQHandler
                0x0800186c                WWDG_IRQHandler
                0x0800186c                TIM2_IRQHandler
                0x0800186c                TIM1_BRK_IRQHandler
                0x0800186c                EXTI1_IRQHandler
                0x0800186c                RTCAlarm_IRQHandler
                0x0800186c                DMA2_Channel4_5_IRQHandler
                0x0800186c                USART2_IRQHandler
                0x0800186c                I2C2_ER_IRQHandler
                0x0800186c                DMA1_Channel2_IRQHandler
                0x0800186c                TIM8_BRK_IRQHandler
                0x0800186c                CAN1_SCE_IRQHandler
                0x0800186c                FLASH_IRQHandler
                0x0800186c                USART1_IRQHandler
                0x0800186c                SPI3_IRQHandler
                0x0800186c                I2C1_ER_IRQHandler
                0x0800186c                DMA2_Channel3_IRQHandler
 .text.GPIO_Init
                0x08001870       0xc4 out/stm32f10x_gpio.o
                0x08001870                GPIO_Init
 .text.GPIO_ReadInputDataBit
                0x08001934        0xc out/stm32f10x_gpio.o
                0x08001934                GPIO_ReadInputDataBit
 .text.GPIO_SetBits
                0x08001940        0x4 out/stm32f10x_gpio.o
                0x08001940                GPIO_SetBits
 .text.GPIO_ResetBits
                0x08001944        0x4 out/stm32f10x_gpio.o
                0x08001944                GPIO_ResetBits
 .text.GPIO_WriteBit
                0x08001948        0xc out/stm32f10x_gpio.o
                0x08001948                GPIO_WriteBit
 .text.GPIO_ToggleBits
                0x08001954        0x8 out/stm32f10x_gpio.o
                0x08001954                GPIO_ToggleBits
 .text.GPIO_PinRemapConfig
                0x0800195c       0x6c out/stm32f10x_gpio.o
                0x0800195c                GPIO_PinRemapConfig
 .text.GPIO_EXTILineConfig
                0x080019c8       0x2c out/stm32f10x_gpio.o
                0x080019c8                GPIO_EXTILineConfig
 .text.EXTI_Init
                0x080019f4       0x80 out/stm32f10x_exti.o
                0x080019f4                EXTI_Init
 .text.EXTI_GenerateSWInterrupt
                0x08001a74       0x10 out/stm32f10x_exti.o
                0x08001a74                EXTI_GenerateSWInterrupt
 .text.EXTI_ClearITPendingBit
                0x08001a84        0xc out/stm32f10x_exti.o
                0x08001a84                EXTI_ClearITPendingBit
 .text.ADC_DeInit
                0x08001a90       0x6c out/stm32f10x_adc.o
                0x08001a90                ADC_DeInit
 .text.ADC_Init
                0x08001afc       0x48 out/stm32f10x_adc.o
                0x08001afc                ADC_Init
 .text.ADC_Cmd  0x08001b44       0x14 out/stm32f10x_adc.o
                0x08001b44                ADC_Cmd
 .text.ADC_ResetCalibration
                0x08001b58        0xc out/stm32f10x_adc.o
                0x08001b58                ADC_ResetCalibration
 .text.ADC_GetResetCalibrationStatus
                0x08001b64        0x8 out/stm32f10x_adc.o
                0x08001b64                ADC_GetResetCalibrationStatus
 .text.ADC_StartCalibration
                0x08001b6c        0xc out/stm32f10x_adc.o
                0x08001b6c                ADC_StartCalibration
 .text.ADC_GetCalibrationStatus
                0x08001b78        0x8 out/stm32f10x_adc.o
                0x08001b78                ADC_GetCalibrationStatus
 .text.NVIC_PriorityGroupConfig
                0x08001b80       0x14 out/misc.o
                0x08001b80                NVIC_PriorityGroupConfig
 .text.NVIC_Init
                0x08001b94       0x70 out/misc.o
                0x08001b94                NVIC_Init
 .text.TIM_TimeBaseInit
                0x08001c04       0xb4 out/stm32f10x_tim.o
                0x08001c04                TIM_TimeBaseInit
 .text.TIM_OC1Init
                0x08001cb8       0x90 out/stm32f10x_tim.o
                0x08001cb8                TIM_OC1Init
 .text.TIM_OC2Init
                0x08001d48       0x90 out/stm32f10x_tim.o
                0x08001d48                TIM_OC2Init
 .text.TIM_OC3Init
                0x08001dd8       0x8c out/stm32f10x_tim.o
                0x08001dd8                TIM_OC3Init
 .text.TIM_BDTRConfig
                0x08001e64       0x28 out/stm32f10x_tim.o
                0x08001e64                TIM_BDTRConfig
 .text.TIM_Cmd  0x08001e8c       0x1c out/stm32f10x_tim.o
                0x08001e8c                TIM_Cmd
 .text.TIM_CtrlPWMOutputs
                0x08001ea8       0x20 out/stm32f10x_tim.o
                0x08001ea8                TIM_CtrlPWMOutputs
 .text.TIM_OC1PreloadConfig
                0x08001ec8       0x10 out/stm32f10x_tim.o
                0x08001ec8                TIM_OC1PreloadConfig
 .text.TIM_OC2PreloadConfig
                0x08001ed8       0x14 out/stm32f10x_tim.o
                0x08001ed8                TIM_OC2PreloadConfig
 .text.TIM_OC3PreloadConfig
                0x08001eec       0x10 out/stm32f10x_tim.o
                0x08001eec                TIM_OC3PreloadConfig
 .text.USART_Init
                0x08001efc       0xbc out/stm32f10x_usart.o
                0x08001efc                USART_Init
 .text.USART_ClockInit
                0x08001fb8       0x24 out/stm32f10x_usart.o
                0x08001fb8                USART_ClockInit
 .text.USART_ClockStructInit
                0x08001fdc        0xc out/stm32f10x_usart.o
                0x08001fdc                USART_ClockStructInit
 .text.USART_Cmd
                0x08001fe8       0x1c out/stm32f10x_usart.o
                0x08001fe8                USART_Cmd
 .text.USART_ITConfig
                0x08002004       0x3c out/stm32f10x_usart.o
                0x08002004                USART_ITConfig
 .text.RCC_USBCLKConfig
                0x08002040        0xc out/stm32f10x_rcc.o
                0x08002040                RCC_USBCLKConfig
 .text.RCC_ADCCLKConfig
                0x0800204c       0x14 out/stm32f10x_rcc.o
                0x0800204c                RCC_ADCCLKConfig
 .text.RCC_GetClocksFreq
                0x08002060       0x94 out/stm32f10x_rcc.o
                0x08002060                RCC_GetClocksFreq
 .text.RCC_AHBPeriphClockCmd
                0x080020f4       0x18 out/stm32f10x_rcc.o
                0x080020f4                RCC_AHBPeriphClockCmd
 .text.RCC_APB2PeriphClockCmd
                0x0800210c       0x18 out/stm32f10x_rcc.o
                0x0800210c                RCC_APB2PeriphClockCmd
 .text.RCC_APB1PeriphClockCmd
                0x08002124       0x18 out/stm32f10x_rcc.o
                0x08002124                RCC_APB1PeriphClockCmd
 .text.RCC_APB2PeriphResetCmd
                0x0800213c       0x18 out/stm32f10x_rcc.o
                0x0800213c                RCC_APB2PeriphResetCmd
 .text.ADC_Config
                0x08002154       0x84 out/adc.o
                0x08002154                ADC_Config
 .text.micros   0x080021d8       0x50 out/systick.o
                0x080021d8                micros
 .text.millis   0x08002228        0xc out/systick.o
                0x08002228                millis
 .text.SysTick_Handler
                0x08002234       0x28 out/systick.o
                0x08002234                SysTick_Handler
 .text.SysTickAttachCallback
                0x0800225c        0xc out/systick.o
                0x0800225c                SysTickAttachCallback
 .text.InitSysTick
                0x08002268       0x54 out/systick.o
                0x08002268                InitSysTick
 .text.I2C1_Start
                0x080022bc       0x50 out/i2c.o
                0x080022bc                I2C1_Start
 .text.I2C1_Stop
                0x0800230c       0x54 out/i2c.o
                0x0800230c                I2C1_Stop
 .text.I2C1_Ack
                0x08002360       0x54 out/i2c.o
                0x08002360                I2C1_Ack
 .text.I2C1_NoAck
                0x080023b4       0x54 out/i2c.o
                0x080023b4                I2C1_NoAck
 .text.I2C1_SendByte
                0x08002408       0x6c out/i2c.o
                0x08002408                I2C1_SendByte
 .text.I2C1_ReceiveByte
                0x08002474       0x74 out/i2c.o
                0x08002474                I2C1_ReceiveByte
 .text.I2C1_WaitAck
                0x080024e8       0x74 out/i2c.o
                0x080024e8                I2C1_WaitAck
 .text.UART4EnableTxInterrupt
                0x0800255c       0x10 out/usart.o
                0x0800255c                UART4EnableTxInterrupt
 .text.InitUart4BufferIRQ
                0x0800256c       0x30 out/usart.o
                0x0800256c                InitUart4BufferIRQ
 .text.USART_GetChar
                0x0800259c        0xc out/usart.o
                0x0800259c                USART_GetChar
 .text.USART_Available
                0x080025a8        0xc out/usart.o
                0x080025a8                USART_Available
 .text.USART_Flush
                0x080025b4       0x14 out/usart.o
                0x080025b4                USART_Flush
 .text.USART_PutChar
                0x080025c8       0x10 out/usart.o
                0x080025c8                USART_PutChar
 .text.USART_PutString
                0x080025d8       0x20 out/usart.o
                0x080025d8                USART_PutString
 .text.UART4_IRQHandler
                0x080025f8       0xac out/usart.o
                0x080025f8                UART4_IRQHandler
 .text.InitUart4Buffer
                0x080026a4       0x24 out/usart.o
                0x080026a4                InitUart4Buffer
 .text.Usart4Init
                0x080026c8       0x98 out/usart.o
                0x080026c8                Usart4Init
 .text.usbOverrun
                0x08002760        0xc out/usb.o
                0x08002760                usbOverrun
 .text.USBPushTXData
                0x0800276c       0x44 out/usb.o
                0x0800276c                USBPushTXData
 .text.USBPushTX
                0x080027b0       0x24 out/usb.o
                0x080027b0                USBPushTX
 .text.EP1_IN_Callback
                0x080027d4       0x2c out/usb.o
                0x080027d4                EP1_IN_Callback
 .text.setupUSB
                0x08002800       0x28 out/usb.o
                0x08002800                setupUSB
 .text.usbSendBytes
                0x08002828       0x20 out/usb.o
                0x08002828                usbSendBytes
 .text.usbBytesAvailable
                0x08002848        0xc out/usb.o
                0x08002848                usbBytesAvailable
 .text.usbReceiveBytes
                0x08002854       0x1c out/usb.o
                0x08002854                usbReceiveBytes
 .text.StopWatchInit
                0x08002870       0x10 out/stopwatch.o
                0x08002870                StopWatchInit
 .text.StopWatchLap
                0x08002880       0x10 out/stopwatch.o
                0x08002880                StopWatchLap
 .text.StopWatchTotal
                0x08002890        0x8 out/stopwatch.o
                0x08002890                StopWatchTotal
 .text.roll_PID
                0x08002898       0x80 out/engine.o
                0x08002898                roll_PID
 .text.pitch_PID
                0x08002918       0x80 out/engine.o
                0x08002918                pitch_PID
 .text.yaw_PID  0x08002998       0x80 out/engine.o
                0x08002998                yaw_PID
 .text.Init_Orientation
                0x08002a18       0x9c out/engine.o
                0x08002a18                Init_Orientation
 .text.Get_Orientation
                0x08002ab4      0x144 out/engine.o
                0x08002ab4                Get_Orientation
 .text.autoPan  0x08002bf8       0x94 out/engine.o
                0x08002bf8                autoPan
 .text.engineProcess
                0x08002c8c      0x6e8 out/engine.o
                0x08002c8c                engineProcess
 .text.CommHandler
                0x08003374      0x430 out/commhandler.o
                0x08003374                CommHandler
 .text.SystemCoreClockUpdate
                0x080037a4       0x5c out/system_stm32f10x.o
                0x080037a4                SystemCoreClockUpdate
 .text.SystemInit
                0x08003800      0x13c out/system_stm32f10x.o
                0x08003800                SystemInit
 .text.RingBufferInit
                0x0800393c       0x10 out/ringbuffer.o
                0x0800393c                RingBufferInit
 .text.RingBufferSize
                0x0800394c        0x8 out/ringbuffer.o
                0x0800394c                RingBufferSize
 .text.RingBufferFillLevel
                0x08003954       0x28 out/ringbuffer.o
                0x08003954                RingBufferFillLevel
 .text.RingBufferPut
                0x0800397c       0x90 out/ringbuffer.o
                0x0800397c                RingBufferPut
 .text.RingBufferPutBlock
                0x08003a0c       0xd0 out/ringbuffer.o
                0x08003a0c                RingBufferPutBlock
 .text.RingBufferGet
                0x08003adc       0x2c out/ringbuffer.o
                0x08003adc                RingBufferGet
 .text.MPU6050_Init
                0x08003b08      0x1e4 out/gyro.o
                0x08003b08                MPU6050_Init
 .text.MPU6050_get
                0x08003cec       0x90 out/gyro.o
                0x08003cec                MPU6050_get
 .text.MPU6050_ACC_get
                0x08003d7c       0x58 out/gyro.o
                0x08003d7c                MPU6050_ACC_get
 .text.MPU6050_Gyro_get
                0x08003dd4       0xac out/gyro.o
                0x08003dd4                MPU6050_Gyro_get
 .text.MPU6050_Gyro_calibration
                0x08003e80       0xb0 out/gyro.o
                0x08003e80                MPU6050_Gyro_calibration
 .text.LEDon    0x08003f30       0x10 out/utils.o
                0x08003f30                LEDon
 .text.LEDoff   0x08003f40       0x10 out/utils.o
                0x08003f40                LEDoff
 .text.LEDtoggle
                0x08003f50       0x18 out/utils.o
                0x08003f50                LEDtoggle
 .text.DEBUG_LEDon
                0x08003f68        0xc out/utils.o
                0x08003f68                DEBUG_LEDon
 .text.DEBUG_LEDoff
                0x08003f74        0xc out/utils.o
                0x08003f74                DEBUG_LEDoff
 .text.DEBUG_LEDtoggle
                0x08003f80       0x14 out/utils.o
                0x08003f80                DEBUG_LEDtoggle
 .text.Blink    0x08003f94       0x38 out/utils.o
                0x08003f94                Blink
 .text.Delay_us
                0x08003fcc       0x10 out/utils.o
                0x08003fcc                Delay_us
 .text.Delay_ms
                0x08003fdc       0x10 out/utils.o
                0x08003fdc                Delay_ms
 .text.Rad2Deg  0x08003fec       0x10 out/utils.o
                0x08003fec                Rad2Deg
 .text.Deg2Rad  0x08003ffc       0x10 out/utils.o
                0x08003ffc                Deg2Rad
 .text.Round    0x0800400c       0x24 out/utils.o
                0x0800400c                Round
 .text._write   0x08004030       0x60 out/newlib_stubs.o
                0x08004030                _write
 .text._sbrk    0x08004090       0x48 out/newlib_stubs.o
                0x08004090                _sbrk
 .text._init    0x080040d8        0x4 out/newlib_stubs.o
                0x080040d8                _init
 .text.reboot   0x080040dc       0x14 out/reboot.o
                0x080040dc                reboot
 .text.bootloader
                0x080040f0       0x50 out/reboot.o
                0x080040f0                bootloader
 .text.Timer_Channel_Config.constprop.0
                0x08004140       0x38 out/pwm.o
 .text.Timer_PWM_General_Config
                0x08004178       0x4c out/pwm.o
 .text.Timer_PWM_Advanced_Config
                0x080041c4       0x9c out/pwm.o
 .text.LimitYawPWM
                0x08004260       0x3c out/pwm.o
                0x08004260                LimitYawPWM
 .text.SetPWMFastTable
                0x0800429c       0xe0 out/pwm.o
                0x0800429c                SetPWMFastTable
 .text.SetRollMotor
                0x0800437c       0x40 out/pwm.o
                0x0800437c                SetRollMotor
 .text.SetPitchMotor
                0x080043bc       0x40 out/pwm.o
                0x080043bc                SetPitchMotor
 .text.SetYawMotor
                0x080043fc       0x50 out/pwm.o
                0x080043fc                SetYawMotor
 .text.TIM5_IRQHandler
                0x0800444c       0xc0 out/pwm.o
                0x0800444c                TIM5_IRQHandler
 .text.TIM1_UP_IRQHandler
                0x0800450c       0x74 out/pwm.o
                0x0800450c                TIM1_UP_IRQHandler
 .text.TIM8_UP_IRQHandler
                0x08004580       0x74 out/pwm.o
                0x08004580                TIM8_UP_IRQHandler
 .text.PWMOff   0x080045f4       0x50 out/pwm.o
                0x080045f4                PWMOff
 .text.PWMConfig
                0x08004644      0x118 out/pwm.o
                0x08004644                PWMConfig
 .text.NMI_Handler
                0x0800475c        0x4 out/stm32_it.o
                0x0800475c                NMI_Handler
 .text.HardFault_Handler
                0x08004760        0x4 out/stm32_it.o
                0x08004760                HardFault_Handler
 .text.MemManage_Handler
                0x08004764        0x4 out/stm32_it.o
                0x08004764                MemManage_Handler
 .text.BusFault_Handler
                0x08004768        0x4 out/stm32_it.o
                0x08004768                BusFault_Handler
 .text.UsageFault_Handler
                0x0800476c        0x4 out/stm32_it.o
                0x0800476c                UsageFault_Handler
 .text.SVC_Handler
                0x08004770        0x4 out/stm32_it.o
                0x08004770                SVC_Handler
 .text.DebugMon_Handler
                0x08004774        0x4 out/stm32_it.o
                0x08004774                DebugMon_Handler
 .text.PendSV_Handler
                0x08004778        0x4 out/stm32_it.o
                0x08004778                PendSV_Handler
 .text.USB_LP_CAN1_RX0_IRQHandler
                0x0800477c        0x4 out/stm32_it.o
                0x0800477c                USB_LP_CAN1_RX0_IRQHandler
 .text.USBWakeUp_IRQHandler
                0x08004780        0x8 out/stm32_it.o
                0x08004780                USBWakeUp_IRQHandler
 .text.WriteToEEPROM
                0x08004788       0x3c out/eeprom.o
                0x08004788                WriteToEEPROM
 .text.ReadFromEEPROM
                0x080047c4       0x68 out/eeprom.o
                0x080047c4                ReadFromEEPROM
 .text.ComInit  0x0800482c       0x2c out/comio.o
                0x0800482c                ComInit
 .text.print    0x08004858       0x38 out/comio.o
                0x08004858                print
 .text.printUSART
                0x08004890       0x28 out/comio.o
                0x08004890                printUSART
 .text.UnGetChar
                0x080048b8        0xc out/comio.o
                0x080048b8                UnGetChar
 .text.GetChar  0x080048c4       0x38 out/comio.o
                0x080048c4                GetChar
 .text.ComFlushInput
                0x080048fc       0x18 out/comio.o
                0x080048fc                ComFlushInput
 .text.CharAvailable
                0x08004914       0x18 out/comio.o
                0x08004914                CharAvailable
 .text.PutChar  0x0800492c       0x1c out/comio.o
                0x0800492c                PutChar
 .text.DEBUG_PutChar
                0x08004948        0x4 out/comio.o
                0x08004948                DEBUG_PutChar
 .text.WatchDog
                0x0800494c       0x28 out/main.o
                0x0800494c                WatchDog
 .text.Periph_clock_enable
                0x08004974       0x24 out/main.o
                0x08004974                Periph_clock_enable
 .text.GetIdlePerf
                0x08004998        0xc out/main.o
                0x08004998                GetIdlePerf
 .text.setup    0x080049a4      0x1c0 out/main.o
                0x080049a4                setup
 .text.startup.main
                0x08004b64       0xdc out/main.o
                0x08004b64                main
 .text.Timer3_Config
                0x08004c40       0x38 out/rc.o
                0x08004c40                Timer3_Config
 .text.RC_Config
                0x08004c78       0xc8 out/rc.o
                0x08004c78                RC_Config
 .text.EXTI3_IRQHandler
                0x08004d40       0x88 out/rc.o
                0x08004d40                EXTI3_IRQHandler
 .text.EXTI2_IRQHandler
                0x08004dc8       0x88 out/rc.o
                0x08004dc8                EXTI2_IRQHandler
 .text.EXTI4_IRQHandler
                0x08004e50       0x88 out/rc.o
                0x08004e50                EXTI4_IRQHandler
 .text.Get_RC_Step
                0x08004ed8      0x144 out/rc.o
                0x08004ed8                Get_RC_Step
 .text.GPIO_Config
                0x0800501c      0x10c out/pins.o
                0x0800501c                GPIO_Config
 .text.InitSinArray
                0x08005128       0x4c out/fasttrig.o
                0x08005128                InitSinArray
 .text.configLoad
                0x08005174       0x28 out/config.o
                0x08005174                configLoad
 .text.configSave
                0x0800519c       0x3c out/config.o
                0x0800519c                configSave
 .text.printConfig
                0x080051d8       0x38 out/config.o
                0x080051d8                printConfig
 .text.CTR_LP   0x08005210      0x184 out/usb_int.o
                0x08005210                CTR_LP
 .text.SetBTABLE
                0x08005394       0x10 out/usb_regs.o
                0x08005394                SetBTABLE
 .text.SetEPType
                0x080053a4       0x1c out/usb_regs.o
                0x080053a4                SetEPType
 .text.SetEPTxStatus
                0x080053c0       0x34 out/usb_regs.o
                0x080053c0                SetEPTxStatus
 .text.SetEPRxStatus
                0x080053f4       0x34 out/usb_regs.o
                0x080053f4                SetEPRxStatus
 .text.SetEPTxValid
                0x08005428       0x28 out/usb_regs.o
                0x08005428                SetEPTxValid
 .text.SetEPRxValid
                0x08005450       0x28 out/usb_regs.o
                0x08005450                SetEPRxValid
 .text.Clear_Status_Out
                0x08005478       0x20 out/usb_regs.o
                0x08005478                Clear_Status_Out
 .text.ClearDTOG_RX
                0x08005498       0x24 out/usb_regs.o
                0x08005498                ClearDTOG_RX
 .text.ClearDTOG_TX
                0x080054bc       0x24 out/usb_regs.o
                0x080054bc                ClearDTOG_TX
 .text.SetEPTxAddr
                0x080054e0       0x20 out/usb_regs.o
                0x080054e0                SetEPTxAddr
 .text.SetEPRxAddr
                0x08005500       0x20 out/usb_regs.o
                0x08005500                SetEPRxAddr
 .text.GetEPTxAddr
                0x08005520       0x1c out/usb_regs.o
                0x08005520                GetEPTxAddr
 .text.GetEPRxAddr
                0x0800553c       0x1c out/usb_regs.o
                0x0800553c                GetEPRxAddr
 .text.SetEPTxCount
                0x08005558       0x1c out/usb_regs.o
                0x08005558                SetEPTxCount
 .text.SetEPRxCount
                0x08005574       0x44 out/usb_regs.o
                0x08005574                SetEPRxCount
 .text.GetEPRxCount
                0x080055b8       0x20 out/usb_regs.o
                0x080055b8                GetEPRxCount
 .text.ByteSwap
                0x080055d8        0xc out/usb_regs.o
                0x080055d8                ByteSwap
 .text.Standard_GetConfiguration
                0x080055e4       0x28 out/usb_core.o
                0x080055e4                Standard_GetConfiguration
 .text.Standard_GetInterface
                0x0800560c       0x28 out/usb_core.o
                0x0800560c                Standard_GetInterface
 .text.Standard_GetStatus
                0x08005634       0x98 out/usb_core.o
                0x08005634                Standard_GetStatus
 .text.DataStageIn
                0x080056cc       0xb8 out/usb_core.o
 .text.Standard_SetConfiguration
                0x08005784       0x3c out/usb_core.o
                0x08005784                Standard_SetConfiguration
 .text.Standard_SetInterface
                0x080057c0       0x50 out/usb_core.o
                0x080057c0                Standard_SetInterface
 .text.Standard_ClearFeature
                0x08005810       0xdc out/usb_core.o
                0x08005810                Standard_ClearFeature
 .text.Standard_SetEndPointFeature
                0x080058ec       0xa0 out/usb_core.o
                0x080058ec                Standard_SetEndPointFeature
 .text.Standard_GetDescriptorData
                0x0800598c       0x1c out/usb_core.o
                0x0800598c                Standard_GetDescriptorData
 .text.Post0_Process
                0x080059a8       0x40 out/usb_core.o
                0x080059a8                Post0_Process
 .text.Setup0_Process
                0x080059e8      0x380 out/usb_core.o
                0x080059e8                Setup0_Process
 .text.Out0_Process
                0x08005d68       0xe0 out/usb_core.o
                0x08005d68                Out0_Process
 .text.SetDeviceAddress
                0x08005e48       0x40 out/usb_core.o
                0x08005e48                SetDeviceAddress
 .text.In0_Process
                0x08005e88       0x70 out/usb_core.o
                0x08005e88                In0_Process
 .text.NOP_Process
                0x08005ef8        0x4 out/usb_core.o
                0x08005ef8                NOP_Process
 .text.USB_SIL_Init
                0x08005efc       0x28 out/usb_sil.o
                0x08005efc                USB_SIL_Init
 .text.USB_Init
                0x08005f24       0x38 out/usb_init.o
                0x08005f24                USB_Init
 .text.UserToPMABufferCopy
                0x08005f5c       0x3c out/usb_mem.o
                0x08005f5c                UserToPMABufferCopy
 .text.PMAToUserBufferCopy
                0x08005f98       0x20 out/usb_mem.o
                0x08005f98                PMAToUserBufferCopy
 .text.PowerOn  0x08005fb8       0x30 out/usb_pwr.o
                0x08005fb8                PowerOn
 .text.Resume   0x08005fe8       0xd8 out/usb_pwr.o
                0x08005fe8                Resume
 .text.USB_Istr
                0x080060c0       0xa0 out/usb_istr.o
                0x080060c0                USB_Istr
 .text.IntToUnicode
                0x08006160       0x30 out/hw_config.o
 .text.Set_System
                0x08006190       0x6c out/hw_config.o
                0x08006190                Set_System
 .text.Set_USBClock
                0x080061fc       0x18 out/hw_config.o
                0x080061fc                Set_USBClock
 .text.Leave_LowPowerMode
                0x08006214       0x24 out/hw_config.o
                0x08006214                Leave_LowPowerMode
 .text.USB_Interrupts_Config
                0x08006238       0x40 out/hw_config.o
                0x08006238                USB_Interrupts_Config
 .text.USB_Cable_Config
                0x08006278        0x4 out/hw_config.o
                0x08006278                USB_Cable_Config
 .text.Get_SerialNum
                0x0800627c       0x40 out/hw_config.o
                0x0800627c                Get_SerialNum
 .text.CDC_Send_DATA
                0x080062bc       0x48 out/hw_config.o
                0x080062bc                CDC_Send_DATA
 .text.CDC_Receive_DATA
                0x08006304       0x6c out/hw_config.o
                0x08006304                CDC_Receive_DATA
 .text.usbIsConnected
                0x08006370       0x10 out/hw_config.o
                0x08006370                usbIsConnected
 .text.ERR_Callback
                0x08006380       0x14 out/hw_config.o
                0x08006380                ERR_Callback
 .text.SetVCPConnectMode
                0x08006394       0x18 out/hw_config.o
                0x08006394                SetVCPConnectMode
 .text.GetVCPConnectMode
                0x080063ac        0xc out/hw_config.o
                0x080063ac                GetVCPConnectMode
 .text.Virtual_Com_Port_SetConfiguration
                0x080063b8       0x18 out/usb_prop.o
                0x080063b8                Virtual_Com_Port_SetConfiguration
 .text.Virtual_Com_Port_SetDeviceAddress
                0x080063d0        0xc out/usb_prop.o
                0x080063d0                Virtual_Com_Port_SetDeviceAddress
 .text.Virtual_Com_Port_Status_In
                0x080063dc       0x14 out/usb_prop.o
                0x080063dc                Virtual_Com_Port_Status_In
 .text.Virtual_Com_Port_Status_Out
                0x080063f0        0x4 out/usb_prop.o
                0x080063f0                Virtual_Com_Port_Status_Out
 .text.Virtual_Com_Port_Get_Interface_Setting
                0x080063f4       0x10 out/usb_prop.o
                0x080063f4                Virtual_Com_Port_Get_Interface_Setting
 .text.Virtual_Com_Port_GetLineCoding
                0x08006404       0x18 out/usb_prop.o
                0x08006404                Virtual_Com_Port_GetLineCoding
 .text.Virtual_Com_Port_SetLineCoding
                0x0800641c       0x18 out/usb_prop.o
                0x0800641c                Virtual_Com_Port_SetLineCoding
 .text.Virtual_Com_Port_init
                0x08006434       0x24 out/usb_prop.o
                0x08006434                Virtual_Com_Port_init
 .text.Virtual_Com_Port_Reset
                0x08006458       0xec out/usb_prop.o
                0x08006458                Virtual_Com_Port_Reset
 .text.Virtual_Com_Port_Data_Setup
                0x08006544       0x64 out/usb_prop.o
                0x08006544                Virtual_Com_Port_Data_Setup
 .text.Virtual_Com_Port_NoData_Setup
                0x080065a8       0x30 out/usb_prop.o
                0x080065a8                Virtual_Com_Port_NoData_Setup
 .text.Virtual_Com_Port_GetDeviceDescriptor
                0x080065d8        0xc out/usb_prop.o
                0x080065d8                Virtual_Com_Port_GetDeviceDescriptor
 .text.Virtual_Com_Port_GetStringDescriptor
                0x080065e4       0x20 out/usb_prop.o
                0x080065e4                Virtual_Com_Port_GetStringDescriptor
 .text.Virtual_Com_Port_GetConfigDescriptor
                0x08006604       0x2c out/usb_prop.o
                0x08006604                Virtual_Com_Port_GetConfigDescriptor
 .text.EP3_OUT_Callback
                0x08006630       0x28 out/usb_endp.o
                0x08006630                EP3_OUT_Callback
 .text.cosf     0x08006658       0x6c c:/program files (x86)/gnu tools arm embedded/4.8 2014q2/bin/../lib/gcc/arm-none-eabi/4.8.4/../../../../arm-none-eabi/lib/armv7-m\libm.a(lib_a-sf_cos.o)
                0x08006658                cosf
 .text.sinf     0x080066c4       0x7c c:/program files (x86)/gnu tools arm embedded/4.8 2014q2/bin/../lib/gcc/arm-none-eabi/4.8.4/../../../../arm-none-eabi/lib/armv7-m\libm.a(lib_a-sf_sin.o)
                0x080066c4                sinf
 .text.atan2f   0x08006740        0x4 c:/program files (x86)/gnu tools arm embedded/4.8 2014q2/bin/../lib/gcc/arm-none-eabi/4.8.4/../../../../arm-none-eabi/lib/armv7-m\libm.a(lib_a-wf_atan2.o)
                0x08006740                atan2f
 .text.sqrtf    0x08006744       0x9c c:/program files (x86)/gnu tools arm embedded/4.8 2014q2/bin/../lib/gcc/arm-none-eabi/4.8.4/../../../../arm-none-eabi/lib/armv7-m\libm.a(lib_a-wf_sqrt.o)
                0x08006744                sqrtf
 .text.__ieee754_atan2f
                0x080067e0      0x120 c:/program files (x86)/gnu tools arm embedded/4.8 2014q2/bin/../lib/gcc/arm-none-eabi/4.8.4/../../../../arm-none-eabi/lib/armv7-m\libm.a(lib_a-ef_atan2.o)
                0x080067e0                __ieee754_atan2f
 .text.__ieee754_rem_pio2f
                0x08006900      0x2e8 c:/program files (x86)/gnu tools arm embedded/4.8 2014q2/bin/../lib/gcc/arm-none-eabi/4.8.4/../../../../arm-none-eabi/lib/armv7-m\libm.a(lib_a-ef_rem_pio2.o)
                0x08006900                __ieee754_rem_pio2f
 .text.__ieee754_sqrtf
                0x08006be8       0xa8 c:/program files (x86)/gnu tools arm embedded/4.8 2014q2/bin/../lib/gcc/arm-none-eabi/4.8.4/../../../../arm-none-eabi/lib/armv7-m\libm.a(lib_a-ef_sqrt.o)
                0x08006be8                __ieee754_sqrtf
 .text.__kernel_cosf
                0x08006c90      0x188 c:/program files (x86)/gnu tools arm embedded/4.8 2014q2/bin/../lib/gcc/arm-none-eabi/4.8.4/../../../../arm-none-eabi/lib/armv7-m\libm.a(lib_a-kf_cos.o)
                0x08006c90                __kernel_cosf
 .text.__kernel_rem_pio2f
                0x08006e18      0x670 c:/program files (x86)/gnu tools arm embedded/4.8 2014q2/bin/../lib/gcc/arm-none-eabi/4.8.4/../../../../arm-none-eabi/lib/armv7-m\libm.a(lib_a-kf_rem_pio2.o)
                0x08006e18                __kernel_rem_pio2f
 .text.__kernel_sinf
                0x08007488       0xec c:/program files (x86)/gnu tools arm embedded/4.8 2014q2/bin/../lib/gcc/arm-none-eabi/4.8.4/../../../../arm-none-eabi/lib/armv7-m\libm.a(lib_a-kf_sin.o)
                0x08007488                __kernel_sinf
 .text.matherr  0x08007574        0x4 c:/program files (x86)/gnu tools arm embedded/4.8 2014q2/bin/../lib/gcc/arm-none-eabi/4.8.4/../../../../arm-none-eabi/lib/armv7-m\libm.a(lib_a-s_matherr.o)
                0x08007574                matherr
 .text.atanf    0x08007578      0x22c c:/program files (x86)/gnu tools arm embedded/4.8 2014q2/bin/../lib/gcc/arm-none-eabi/4.8.4/../../../../arm-none-eabi/lib/armv7-m\libm.a(lib_a-sf_atan.o)
                0x08007578                atanf
 .text.fabsf    0x080077a4        0x8 c:/program files (x86)/gnu tools arm embedded/4.8 2014q2/bin/../lib/gcc/arm-none-eabi/4.8.4/../../../../arm-none-eabi/lib/armv7-m\libm.a(lib_a-sf_fabs.o)
                0x080077a4                fabsf
 .text.floorf   0x080077ac       0x8c c:/program files (x86)/gnu tools arm embedded/4.8 2014q2/bin/../lib/gcc/arm-none-eabi/4.8.4/../../../../arm-none-eabi/lib/armv7-m\libm.a(lib_a-sf_floor.o)
                0x080077ac                floorf
 .text.__fpclassifyf
                0x08007838       0x34 c:/program files (x86)/gnu tools arm embedded/4.8 2014q2/bin/../lib/gcc/arm-none-eabi/4.8.4/../../../../arm-none-eabi/lib/armv7-m\libm.a(lib_a-sf_fpclassify.o)
                0x08007838                __fpclassifyf
 .text.scalbnf  0x0800786c       0xb4 c:/program files (x86)/gnu tools arm embedded/4.8 2014q2/bin/../lib/gcc/arm-none-eabi/4.8.4/../../../../arm-none-eabi/lib/armv7-m\libm.a(lib_a-sf_scalbn.o)
                0x0800786c                scalbnf
 .text.copysignf
                0x08007920        0xc c:/program files (x86)/gnu tools arm embedded/4.8 2014q2/bin/../lib/gcc/arm-none-eabi/4.8.4/../../../../arm-none-eabi/lib/armv7-m\libm.a(lib_a-sf_copysign.o)
                0x08007920                copysignf
 .text.__errno  0x0800792c        0xc c:/program files (x86)/gnu tools arm embedded/4.8 2014q2/bin/../lib/gcc/arm-none-eabi/4.8.4/../../../../arm-none-eabi/lib/armv7-m\libc.a(lib_a-errno.o)
                0x0800792c                __errno
 .text.__libc_init_array
                0x08007938       0x50 c:/program files (x86)/gnu tools arm embedded/4.8 2014q2/bin/../lib/gcc/arm-none-eabi/4.8.4/../../../../arm-none-eabi/lib/armv7-m\libc.a(lib_a-init.o)
                0x08007938                __libc_init_array
 .text.strlen   0x08007988       0x60 c:/program files (x86)/gnu tools arm embedded/4.8 2014q2/bin/../lib/gcc/arm-none-eabi/4.8.4/../../../../arm-none-eabi/lib/armv7-m\libc.a(lib_a-strlen.o)
                0x08007988                strlen
 .text._vsnprintf_r
                0x080079e8       0x54 c:/program files (x86)/gnu tools arm embedded/4.8 2014q2/bin/../lib/gcc/arm-none-eabi/4.8.4/../../../../arm-none-eabi/lib/armv7-m\libc.a(lib_a-vsnprintf.o)
                0x080079e8                _vsnprintf_r
 .text.vsnprintf
                0x08007a3c       0x24 c:/program files (x86)/gnu tools arm embedded/4.8 2014q2/bin/../lib/gcc/arm-none-eabi/4.8.4/../../../../arm-none-eabi/lib/armv7-m\libc.a(lib_a-vsnprintf.o)
                0x08007a3c                vsnprintf
 .text._malloc_trim_r
                0x08007a60       0x9c c:/program files (x86)/gnu tools arm embedded/4.8 2014q2/bin/../lib/gcc/arm-none-eabi/4.8.4/../../../../arm-none-eabi/lib/armv7-m\libc.a(lib_a-freer.o)
                0x08007a60                _malloc_trim_r
 .text._free_r  0x08007afc      0x198 c:/program files (x86)/gnu tools arm embedded/4.8 2014q2/bin/../lib/gcc/arm-none-eabi/4.8.4/../../../../arm-none-eabi/lib/armv7-m\libc.a(lib_a-freer.o)
                0x08007afc                _free_r
 .text._malloc_r
                0x08007c94      0x538 c:/program files (x86)/gnu tools arm embedded/4.8 2014q2/bin/../lib/gcc/arm-none-eabi/4.8.4/../../../../arm-none-eabi/lib/armv7-m\libc.a(lib_a-mallocr.o)
                0x08007c94                _malloc_r
 .text.__malloc_lock
                0x080081cc        0x4 c:/program files (x86)/gnu tools arm embedded/4.8 2014q2/bin/../lib/gcc/arm-none-eabi/4.8.4/../../../../arm-none-eabi/lib/armv7-m\libc.a(lib_a-mlock.o)
                0x080081cc                __malloc_lock
 .text.__malloc_unlock
                0x080081d0        0x4 c:/program files (x86)/gnu tools arm embedded/4.8 2014q2/bin/../lib/gcc/arm-none-eabi/4.8.4/../../../../arm-none-eabi/lib/armv7-m\libc.a(lib_a-mlock.o)
                0x080081d0                __malloc_unlock
 .text._sbrk_r  0x080081d4       0x24 c:/program files (x86)/gnu tools arm embedded/4.8 2014q2/bin/../lib/gcc/arm-none-eabi/4.8.4/../../../../arm-none-eabi/lib/armv7-m\libc.a(lib_a-sbrkr.o)
                0x080081d4                _sbrk_r
 .text._svfprintf_r
                0x080081f8     0x14e0 c:/program files (x86)/gnu tools arm embedded/4.8 2014q2/bin/../lib/gcc/arm-none-eabi/4.8.4/../../../../arm-none-eabi/lib/armv7-m\libc.a(lib_a-svfprintf.o)
                0x080081f8                _svfprintf_r
 .text.quorem   0x080096d8      0x134 c:/program files (x86)/gnu tools arm embedded/4.8 2014q2/bin/../lib/gcc/arm-none-eabi/4.8.4/../../../../arm-none-eabi/lib/armv7-m\libc.a(lib_a-dtoa.o)
 *fill*         0x0800980c        0x4 
 .text._dtoa_r  0x08009810      0xe38 c:/program files (x86)/gnu tools arm embedded/4.8 2014q2/bin/../lib/gcc/arm-none-eabi/4.8.4/../../../../arm-none-eabi/lib/armv7-m\libc.a(lib_a-dtoa.o)
                0x08009810                _dtoa_r
 .text._localeconv_r
                0x0800a648        0x8 c:/program files (x86)/gnu tools arm embedded/4.8 2014q2/bin/../lib/gcc/arm-none-eabi/4.8.4/../../../../arm-none-eabi/lib/armv7-m\libc.a(lib_a-locale.o)
                0x0800a648                _localeconv_r
 .text.memchr   0x0800a650       0x94 c:/program files (x86)/gnu tools arm embedded/4.8 2014q2/bin/../lib/gcc/arm-none-eabi/4.8.4/../../../../arm-none-eabi/lib/armv7-m\libc.a(lib_a-memchr-stub.o)
                0x0800a650                memchr
 .text._Balloc  0x0800a6e4       0x4c c:/program files (x86)/gnu tools arm embedded/4.8 2014q2/bin/../lib/gcc/arm-none-eabi/4.8.4/../../../../arm-none-eabi/lib/armv7-m\libc.a(lib_a-mprec.o)
                0x0800a6e4                _Balloc
 .text._Bfree   0x0800a730       0x14 c:/program files (x86)/gnu tools arm embedded/4.8 2014q2/bin/../lib/gcc/arm-none-eabi/4.8.4/../../../../arm-none-eabi/lib/armv7-m\libc.a(lib_a-mprec.o)
                0x0800a730                _Bfree
 .text.__multadd
                0x0800a744       0x94 c:/program files (x86)/gnu tools arm embedded/4.8 2014q2/bin/../lib/gcc/arm-none-eabi/4.8.4/../../../../arm-none-eabi/lib/armv7-m\libc.a(lib_a-mprec.o)
                0x0800a744                __multadd
 .text.__hi0bits
                0x0800a7d8       0x40 c:/program files (x86)/gnu tools arm embedded/4.8 2014q2/bin/../lib/gcc/arm-none-eabi/4.8.4/../../../../arm-none-eabi/lib/armv7-m\libc.a(lib_a-mprec.o)
                0x0800a7d8                __hi0bits
 .text.__lo0bits
                0x0800a818       0x5c c:/program files (x86)/gnu tools arm embedded/4.8 2014q2/bin/../lib/gcc/arm-none-eabi/4.8.4/../../../../arm-none-eabi/lib/armv7-m\libc.a(lib_a-mprec.o)
                0x0800a818                __lo0bits
 .text.__i2b    0x0800a874       0x14 c:/program files (x86)/gnu tools arm embedded/4.8 2014q2/bin/../lib/gcc/arm-none-eabi/4.8.4/../../../../arm-none-eabi/lib/armv7-m\libc.a(lib_a-mprec.o)
                0x0800a874                __i2b
 .text.__multiply
                0x0800a888      0x13c c:/program files (x86)/gnu tools arm embedded/4.8 2014q2/bin/../lib/gcc/arm-none-eabi/4.8.4/../../../../arm-none-eabi/lib/armv7-m\libc.a(lib_a-mprec.o)
                0x0800a888                __multiply
 .text.__pow5mult
                0x0800a9c4       0x9c c:/program files (x86)/gnu tools arm embedded/4.8 2014q2/bin/../lib/gcc/arm-none-eabi/4.8.4/../../../../arm-none-eabi/lib/armv7-m\libc.a(lib_a-mprec.o)
                0x0800a9c4                __pow5mult
 .text.__lshift
                0x0800aa60       0xbc c:/program files (x86)/gnu tools arm embedded/4.8 2014q2/bin/../lib/gcc/arm-none-eabi/4.8.4/../../../../arm-none-eabi/lib/armv7-m\libc.a(lib_a-mprec.o)
                0x0800aa60                __lshift
 .text.__mcmp   0x0800ab1c       0x48 c:/program files (x86)/gnu tools arm embedded/4.8 2014q2/bin/../lib/gcc/arm-none-eabi/4.8.4/../../../../arm-none-eabi/lib/armv7-m\libc.a(lib_a-mprec.o)
                0x0800ab1c                __mcmp
 .text.__mdiff  0x0800ab64       0xd8 c:/program files (x86)/gnu tools arm embedded/4.8 2014q2/bin/../lib/gcc/arm-none-eabi/4.8.4/../../../../arm-none-eabi/lib/armv7-m\libc.a(lib_a-mprec.o)
                0x0800ab64                __mdiff
 .text.__d2b    0x0800ac3c       0xbc c:/program files (x86)/gnu tools arm embedded/4.8 2014q2/bin/../lib/gcc/arm-none-eabi/4.8.4/../../../../arm-none-eabi/lib/armv7-m\libc.a(lib_a-mprec.o)
                0x0800ac3c                __d2b
 .text.__fpclassifyd
                0x0800acf8       0x50 c:/program files (x86)/gnu tools arm embedded/4.8 2014q2/bin/../lib/gcc/arm-none-eabi/4.8.4/../../../../arm-none-eabi/lib/armv7-m\libc.a(lib_a-s_fpclassify.o)
                0x0800acf8                __fpclassifyd
 .text.__ssprint_r
                0x0800ad48      0x100 c:/program files (x86)/gnu tools arm embedded/4.8 2014q2/bin/../lib/gcc/arm-none-eabi/4.8.4/../../../../arm-none-eabi/lib/armv7-m\libc.a(lib_a-svfiprintf.o)
                0x0800ad48                __ssprint_r
 .text._calloc_r
                0x0800ae48       0x60 c:/program files (x86)/gnu tools arm embedded/4.8 2014q2/bin/../lib/gcc/arm-none-eabi/4.8.4/../../../../arm-none-eabi/lib/armv7-m\libc.a(lib_a-callocr.o)
                0x0800ae48                _calloc_r
 .text.memmove  0x0800aea8       0xcc c:/program files (x86)/gnu tools arm embedded/4.8 2014q2/bin/../lib/gcc/arm-none-eabi/4.8.4/../../../../arm-none-eabi/lib/armv7-m\libc.a(lib_a-memmove.o)
                0x0800aea8                memmove
 .text.memset   0x0800af74       0x94 c:/program files (x86)/gnu tools arm embedded/4.8 2014q2/bin/../lib/gcc/arm-none-eabi/4.8.4/../../../../arm-none-eabi/lib/armv7-m\libc.a(lib_a-memset.o)
                0x0800af74                memset
 .text._realloc_r
                0x0800b008      0x3c0 c:/program files (x86)/gnu tools arm embedded/4.8 2014q2/bin/../lib/gcc/arm-none-eabi/4.8.4/../../../../arm-none-eabi/lib/armv7-m\libc.a(lib_a-reallocr.o)
                0x0800b008                _realloc_r
 *(.rodata)
 *(.rodata*)
 .rodata.str1.4
                0x0800b3c8      0x294 out/engine.o
 .rodata.str1.4
                0x0800b65c      0x174 out/commhandler.o
 .rodata.str1.4
                0x0800b7d0       0x22 out/newlib_stubs.o
                                 0x24 (size before relaxing)
 *fill*         0x0800b7f2        0x2 
 .rodata.str1.4
                0x0800b7f4       0x21 out/comio.o
                                 0x24 (size before relaxing)
 *fill*         0x0800b815        0x3 
 .rodata.str1.4
                0x0800b818      0x36f out/main.o
                                0x378 (size before relaxing)
 *fill*         0x0800bb87        0x1 
 .rodata.str1.4
                0x0800bb88       0x17 out/config.o
                                 0x1c (size before relaxing)
 *fill*         0x0800bb9f        0x1 
 .rodata.Virtual_Com_Port_StringVendor
                0x0800bba0       0x28 out/usb_desc.o
                0x0800bba0                Virtual_Com_Port_StringVendor
 .rodata.Virtual_Com_Port_DeviceDescriptor
                0x0800bbc8       0x14 out/usb_desc.o
                0x0800bbc8                Virtual_Com_Port_DeviceDescriptor
 .rodata.Virtual_Com_Port_StringLangID
                0x0800bbdc        0x4 out/usb_desc.o
                0x0800bbdc                Virtual_Com_Port_StringLangID
 .rodata.Virtual_Com_Port_StringProduct
                0x0800bbe0       0x34 out/usb_desc.o
                0x0800bbe0                Virtual_Com_Port_StringProduct
 .rodata.Virtual_Com_Port_ConfigDescriptor
                0x0800bc14       0x44 out/usb_desc.o
                0x0800bc14                Virtual_Com_Port_ConfigDescriptor
 .rodata.str1.4
                0x0800bc58        0x6 c:/program files (x86)/gnu tools arm embedded/4.8 2014q2/bin/../lib/gcc/arm-none-eabi/4.8.4/../../../../arm-none-eabi/lib/armv7-m\libm.a(lib_a-wf_sqrt.o)
                                  0x8 (size before relaxing)
 *fill*         0x0800bc5e        0x2 
 .rodata.npio2_hw
                0x0800bc60       0x80 c:/program files (x86)/gnu tools arm embedded/4.8 2014q2/bin/../lib/gcc/arm-none-eabi/4.8.4/../../../../arm-none-eabi/lib/armv7-m\libm.a(lib_a-ef_rem_pio2.o)
 .rodata.two_over_pi
                0x0800bce0      0x318 c:/program files (x86)/gnu tools arm embedded/4.8 2014q2/bin/../lib/gcc/arm-none-eabi/4.8.4/../../../../arm-none-eabi/lib/armv7-m\libm.a(lib_a-ef_rem_pio2.o)
 .rodata.init_jk
                0x0800bff8        0xc c:/program files (x86)/gnu tools arm embedded/4.8 2014q2/bin/../lib/gcc/arm-none-eabi/4.8.4/../../../../arm-none-eabi/lib/armv7-m\libm.a(lib_a-kf_rem_pio2.o)
 .rodata.PIo2   0x0800c004       0x2c c:/program files (x86)/gnu tools arm embedded/4.8 2014q2/bin/../lib/gcc/arm-none-eabi/4.8.4/../../../../arm-none-eabi/lib/armv7-m\libm.a(lib_a-kf_rem_pio2.o)
 .rodata.atanlo
                0x0800c030       0x10 c:/program files (x86)/gnu tools arm embedded/4.8 2014q2/bin/../lib/gcc/arm-none-eabi/4.8.4/../../../../arm-none-eabi/lib/armv7-m\libm.a(lib_a-sf_atan.o)
 .rodata.atanhi
                0x0800c040       0x10 c:/program files (x86)/gnu tools arm embedded/4.8 2014q2/bin/../lib/gcc/arm-none-eabi/4.8.4/../../../../arm-none-eabi/lib/armv7-m\libm.a(lib_a-sf_atan.o)
 .rodata.str1.4
                0x0800c050        0x2 c:/program files (x86)/gnu tools arm embedded/4.8 2014q2/bin/../lib/gcc/arm-none-eabi/4.8.4/../../../../arm-none-eabi/lib/armv7-m\libc.a(lib_a-impure.o)
                                  0x4 (size before relaxing)
 *fill*         0x0800c052        0x2 
 .rodata.zeroes.6763
                0x0800c054       0x10 c:/program files (x86)/gnu tools arm embedded/4.8 2014q2/bin/../lib/gcc/arm-none-eabi/4.8.4/../../../../arm-none-eabi/lib/armv7-m\libc.a(lib_a-svfprintf.o)
 .rodata.str1.4
                0x0800c064       0x42 c:/program files (x86)/gnu tools arm embedded/4.8 2014q2/bin/../lib/gcc/arm-none-eabi/4.8.4/../../../../arm-none-eabi/lib/armv7-m\libc.a(lib_a-svfprintf.o)
                                 0x44 (size before relaxing)
 *fill*         0x0800c0a6        0x2 
 .rodata.blanks.6762
                0x0800c0a8       0x10 c:/program files (x86)/gnu tools arm embedded/4.8 2014q2/bin/../lib/gcc/arm-none-eabi/4.8.4/../../../../arm-none-eabi/lib/armv7-m\libc.a(lib_a-svfprintf.o)
 .rodata.str1.4
                0x0800c0b8       0x10 c:/program files (x86)/gnu tools arm embedded/4.8 2014q2/bin/../lib/gcc/arm-none-eabi/4.8.4/../../../../arm-none-eabi/lib/armv7-m\libc.a(lib_a-dtoa.o)
                                 0x14 (size before relaxing)
 .rodata.str1.4
                0x0800c0c8        0xc c:/program files (x86)/gnu tools arm embedded/4.8 2014q2/bin/../lib/gcc/arm-none-eabi/4.8.4/../../../../arm-none-eabi/lib/armv7-m\libc.a(lib_a-locale.o)
                                 0x14 (size before relaxing)
 *fill*         0x0800c0d4        0x4 
 .rodata.__mprec_tens
                0x0800c0d8       0xc8 c:/program files (x86)/gnu tools arm embedded/4.8 2014q2/bin/../lib/gcc/arm-none-eabi/4.8.4/../../../../arm-none-eabi/lib/armv7-m\libc.a(lib_a-mprec.o)
                0x0800c0d8                __mprec_tens
 .rodata.__mprec_bigtens
                0x0800c1a0       0x28 c:/program files (x86)/gnu tools arm embedded/4.8 2014q2/bin/../lib/gcc/arm-none-eabi/4.8.4/../../../../arm-none-eabi/lib/armv7-m\libc.a(lib_a-mprec.o)
                0x0800c1a0                __mprec_bigtens
 .rodata.p05.5269
                0x0800c1c8        0xc c:/program files (x86)/gnu tools arm embedded/4.8 2014q2/bin/../lib/gcc/arm-none-eabi/4.8.4/../../../../arm-none-eabi/lib/armv7-m\libc.a(lib_a-mprec.o)
 *(.glue_7)
 .glue_7        0x00000000        0x0 linker stubs
 *(.glue_7t)
 .glue_7t       0x00000000        0x0 linker stubs
 *(.eh_frame)
 *(.init)
 *(.fini)
                0x0800c1d4                . = ALIGN (0x4)
                0x0800c1d4                _etext = .

.vfp11_veneer   0x0800c1d4        0x0
 .vfp11_veneer  0x00000000        0x0 linker stubs

.v4_bx          0x0800c1d4        0x0
 .v4_bx         0x00000000        0x0 linker stubs

.iplt           0x0800c1d4        0x0
 .iplt          0x00000000        0x0 out/startup_stm32f10x_hd.o

.ARM.extab
 *(.ARM.extab* .gnu.linkonce.armextab.*)

.ARM            0x0800c1d4        0x8
                0x0800c1d4                __exidx_start = .
 *(.ARM.exidx*)
 .ARM.exidx     0x0800c1d4        0x8 c:/program files (x86)/gnu tools arm embedded/4.8 2014q2/bin/../lib/gcc/arm-none-eabi/4.8.4/armv7-m\libgcc.a(_divdi3.o)
 .ARM.exidx     0x0800c1dc        0x0 c:/program files (x86)/gnu tools arm embedded/4.8 2014q2/bin/../lib/gcc/arm-none-eabi/4.8.4/armv7-m\libgcc.a(_udivdi3.o)
                                  0x8 (size before relaxing)
                0x0800c1dc                __exidx_end = .

.rel.dyn        0x0800c1dc        0x0
 .rel.iplt      0x00000000        0x0 out/startup_stm32f10x_hd.o

.preinit_array  0x0800c1dc        0x0
                0x0800c1dc                PROVIDE (__preinit_array_start, .)
 *(.preinit_array*)
                0x0800c1dc                PROVIDE (__preinit_array_end, .)

.init_array     0x0800c1dc        0x0
                0x0800c1dc                PROVIDE (__init_array_start, .)
 *(SORT(.init_array.*))
 *(.init_array*)
                0x0800c1dc                PROVIDE (__init_array_end, .)

.fini_array     0x0800c1dc        0x0
                0x0800c1dc                PROVIDE (__fini_array_start, .)
 *(.fini_array*)
 *(SORT(.fini_array.*))
                0x0800c1dc                PROVIDE (__fini_array_end, .)
                0x0800c1dc                _sidata = .

.data           0x20000000      0x9ac load address 0x0800c1dc
                0x20000000                . = ALIGN (0x4)
                0x20000000                _sdata = .
 *(.data)
 *(.data*)
 .data.ADCPrescTable
                0x20000000        0x4 out/stm32f10x_rcc.o
 .data.APBAHBPrescTable
                0x20000004       0x10 out/stm32f10x_rcc.o
 .data.sysTickPerUs
                0x20000014        0x4 out/systick.o
 .data.LAKITU_enable
                0x20000018        0x4 out/engine.o
                0x20000018                LAKITU_enable
 .data.AHBPrescTable
                0x2000001c       0x10 out/system_stm32f10x.o
                0x2000001c                AHBPrescTable
 .data.SystemCoreClock
                0x2000002c        0x4 out/system_stm32f10x.o
                0x2000002c                SystemCoreClock
 .data.testPhase
                0x20000030        0x4 out/pwm.o
                0x20000030                testPhase
 .data.timer_4_5_deadtime_delay
                0x20000034        0x4 out/pwm.o
                0x20000034                timer_4_5_deadtime_delay
 .data.g_YawOff
                0x20000038        0x4 out/pwm.o
 .data.timer_1_8_deadtime_register
                0x2000003c        0x4 out/pwm.o
                0x2000003c                timer_1_8_deadtime_register
 .data.lastChar
                0x20000040        0x4 out/comio.o
 .data.configData
                0x20000044        0xc out/config.o
                0x20000044                configData
 .data.pEpInt_IN
                0x20000050       0x1c out/usb_istr.o
                0x20000050                pEpInt_IN
 .data.pEpInt_OUT
                0x2000006c       0x1c out/usb_istr.o
                0x2000006c                pEpInt_OUT
 .data.Config_Descriptor
                0x20000088        0x8 out/usb_prop.o
                0x20000088                Config_Descriptor
 .data.Device_Property
                0x20000090       0x30 out/usb_prop.o
                0x20000090                Device_Property
 .data.User_Standard_Requests
                0x200000c0       0x24 out/usb_prop.o
                0x200000c0                User_Standard_Requests
 .data.Device_Descriptor
                0x200000e4        0x8 out/usb_prop.o
                0x200000e4                Device_Descriptor
 .data.String_Descriptor
                0x200000ec       0x20 out/usb_prop.o
                0x200000ec                String_Descriptor
 .data.linecoding
                0x2000010c        0x8 out/usb_prop.o
                0x2000010c                linecoding
 .data.Device_Table
                0x20000114        0x4 out/usb_prop.o
                0x20000114                Device_Table
 .data.Virtual_Com_Port_StringSerial
                0x20000118       0x1c out/usb_desc.o
                0x20000118                Virtual_Com_Port_StringSerial
 .data.__fdlib_version
                0x20000134        0x1 c:/program files (x86)/gnu tools arm embedded/4.8 2014q2/bin/../lib/gcc/arm-none-eabi/4.8.4/../../../../arm-none-eabi/lib/armv7-m\libm.a(lib_a-s_lib_ver.o)
                0x20000134                __fdlib_version
 *fill*         0x20000135        0x3 
 .data.impure_data
                0x20000138      0x428 c:/program files (x86)/gnu tools arm embedded/4.8 2014q2/bin/../lib/gcc/arm-none-eabi/4.8.4/../../../../arm-none-eabi/lib/armv7-m\libc.a(lib_a-impure.o)
 .data._impure_ptr
                0x20000560        0x4 c:/program files (x86)/gnu tools arm embedded/4.8 2014q2/bin/../lib/gcc/arm-none-eabi/4.8.4/../../../../arm-none-eabi/lib/armv7-m\libc.a(lib_a-impure.o)
                0x20000560                _impure_ptr
 .data.__malloc_av_
                0x20000564      0x408 c:/program files (x86)/gnu tools arm embedded/4.8 2014q2/bin/../lib/gcc/arm-none-eabi/4.8.4/../../../../arm-none-eabi/lib/armv7-m\libc.a(lib_a-mallocr.o)
                0x20000564                __malloc_av_
 .data.__malloc_trim_threshold
                0x2000096c        0x4 c:/program files (x86)/gnu tools arm embedded/4.8 2014q2/bin/../lib/gcc/arm-none-eabi/4.8.4/../../../../arm-none-eabi/lib/armv7-m\libc.a(lib_a-mallocr.o)
                0x2000096c                __malloc_trim_threshold
 .data.__malloc_sbrk_base
                0x20000970        0x4 c:/program files (x86)/gnu tools arm embedded/4.8 2014q2/bin/../lib/gcc/arm-none-eabi/4.8.4/../../../../arm-none-eabi/lib/armv7-m\libc.a(lib_a-mallocr.o)
                0x20000970                __malloc_sbrk_base
 .data.lconv    0x20000974       0x38 c:/program files (x86)/gnu tools arm embedded/4.8 2014q2/bin/../lib/gcc/arm-none-eabi/4.8.4/../../../../arm-none-eabi/lib/armv7-m\libc.a(lib_a-locale.o)
                0x200009ac                . = ALIGN (0x4)
                0x200009ac                _edata = .

.igot.plt       0x200009ac        0x0 load address 0x0800cb88
 .igot.plt      0x00000000        0x0 out/startup_stm32f10x_hd.o
                0x200009ac                . = ALIGN (0x4)

.bss            0x200009ac     0x10a4 load address 0x0800cb88
                0x200009ac                _sbss = .
                0x200009ac                __bss_start__ = _sbss
 *(.bss)
 *(.bss*)
 .bss.sysTickMillis
                0x200009ac        0x4 out/systick.o
 .bss.systickUserCallback
                0x200009b0        0x4 out/systick.o
 .bss.RingBufferUART4TX
                0x200009b4      0x210 out/usart.o
 .bss.RingBufferUART4RX
                0x20000bc4      0x210 out/usart.o
 .bss.lastCallbackTime
                0x20000dd4        0x4 out/usb.o
 .bss.USBCallBackCalled
                0x20000dd8        0x4 out/usb.o
 .bss.roll_setpoint
                0x20000ddc        0x4 out/engine.o
                0x20000ddc                roll_setpoint
 .bss.pitchRCOffset
                0x20000de0        0x4 out/engine.o
 .bss.debugCnt  0x20000de4        0x4 out/engine.o
                0x20000de4                debugCnt
 .bss.debugOrient
                0x20000de8        0x4 out/engine.o
                0x20000de8                debugOrient
 .bss.yawRCOffset
                0x20000dec        0x4 out/engine.o
 .bss.yaw_setpoint
                0x20000df0        0x4 out/engine.o
                0x20000df0                yaw_setpoint
 .bss.centerPoint
                0x20000df4        0x4 out/engine.o
                0x20000df4                centerPoint
 .bss.Step      0x20000df8        0xc out/engine.o
                0x20000df8                Step
 .bss.debugAutoPan
                0x20000e04        0x4 out/engine.o
                0x20000e04                debugAutoPan
 .bss.pitch_Error_last
                0x20000e08        0x4 out/engine.o
                0x20000e08                pitch_Error_last
 .bss.debugPrint
                0x20000e0c        0x4 out/engine.o
                0x20000e0c                debugPrint
 .bss.AccData   0x20000e10        0xc out/engine.o
                0x20000e10                AccData
 .bss.stepSmooth
                0x20000e1c        0x4 out/engine.o
                0x20000e1c                stepSmooth
 .bss.loopCounter.5055
                0x20000e20        0x4 out/engine.o
 .bss.GyroData  0x20000e24        0xc out/engine.o
                0x20000e24                GyroData
 .bss.roll_Error_last
                0x20000e30        0x4 out/engine.o
                0x20000e30                roll_Error_last
 .bss.printcounter
                0x20000e34        0x4 out/engine.o
 .bss.pitch_setpoint
                0x20000e38        0x4 out/engine.o
                0x20000e38                pitch_setpoint
 .bss.debugRC   0x20000e3c        0x4 out/engine.o
                0x20000e3c                debugRC
 .bss.step      0x20000e40        0x4 out/engine.o
                0x20000e40                step
 .bss.rollRCOffset
                0x20000e44        0x4 out/engine.o
 .bss.debugSense
                0x20000e48        0x4 out/engine.o
                0x20000e48                debugSense
 .bss.debugLAKITU
                0x20000e4c        0x4 out/engine.o
                0x20000e4c                debugLAKITU
 .bss.RCSmooth  0x20000e50        0xc out/engine.o
                0x20000e50                RCSmooth
 .bss.yaw_Error_last
                0x20000e5c        0x4 out/engine.o
                0x20000e5c                yaw_Error_last
 .bss.debugPerf
                0x20000e60        0x4 out/engine.o
                0x20000e60                debugPerf
 .bss.gyroADC_PITCH
                0x20000e64        0x2 out/gyro.o
 *fill*         0x20000e66        0x2 
 .bss.gyroADC_YAW_offset
                0x20000e68        0x4 out/gyro.o
 .bss.gyroADC_ROLL
                0x20000e6c        0x2 out/gyro.o
 .bss.gyroADC_YAW
                0x20000e6e        0x2 out/gyro.o
 .bss.gyroADC_ROLL_offset
                0x20000e70        0x4 out/gyro.o
 .bss.gyroADC_PITCH_offset
                0x20000e74        0x4 out/gyro.o
 .bss.heap_end.7135
                0x20000e78        0x4 out/newlib_stubs.o
 .bss.g_Roll    0x20000e7c        0xc out/pwm.o
 .bss.g_Pitch   0x20000e88        0xc out/pwm.o
 .bss.g_Yaw     0x20000e94        0xc out/pwm.o
 .bss.idlePerf  0x20000ea0        0x4 out/main.o
 .bss.WatchDogCounter
                0x20000ea4        0x4 out/main.o
 .bss.gotIMU    0x20000ea8        0x4 out/main.o
 .bss.rc4a.6700
                0x20000eac        0x2 out/rc.o
 .bss.rc4b.6701
                0x20000eae        0x2 out/rc.o
 .bss.rc2       0x20000eb0        0x4 out/rc.o
 .bss.rc3       0x20000eb4        0x4 out/rc.o
 .bss.rc4       0x20000eb8        0x4 out/rc.o
 .bss.rc2a.6690
                0x20000ebc        0x2 out/rc.o
 .bss.rc2b.6691
                0x20000ebe        0x2 out/rc.o
 .bss.rc3b.6681
                0x20000ec0        0x2 out/rc.o
 .bss.rc3a.6680
                0x20000ec2        0x2 out/rc.o
 .bss.Data_Mul_MaxPacketSize
                0x20000ec4        0x1 out/usb_core.o
                0x20000ec4                Data_Mul_MaxPacketSize
 *fill*         0x20000ec5        0x3 
 .bss.bDeviceState
                0x20000ec8        0x4 out/usb_pwr.o
                0x20000ec8                bDeviceState
 .bss.remotewakeupon
                0x20000ecc        0x4 out/usb_pwr.o
                0x20000ecc                remotewakeupon
 .bss.bIntPackSOF
                0x20000ed0        0x1 out/usb_istr.o
                0x20000ed0                bIntPackSOF
 .bss.offset.7135
                0x20000ed1        0x1 out/hw_config.o
 .bss.VCPconnectMode
                0x20000ed2        0x1 out/hw_config.o
 *fill*         0x20000ed3        0x1 
 .bss.vcpBootBlockTime
                0x20000ed4        0x4 out/usb_prop.o
 .bss.Request   0x20000ed8        0x1 out/usb_prop.o
                0x20000ed8                Request
 *fill*         0x20000ed9        0x3 
 .bss.__malloc_max_total_mem
                0x20000edc        0x4 c:/program files (x86)/gnu tools arm embedded/4.8 2014q2/bin/../lib/gcc/arm-none-eabi/4.8.4/../../../../arm-none-eabi/lib/armv7-m\libc.a(lib_a-mallocr.o)
                0x20000edc                __malloc_max_total_mem
 .bss.__malloc_max_sbrked_mem
                0x20000ee0        0x4 c:/program files (x86)/gnu tools arm embedded/4.8 2014q2/bin/../lib/gcc/arm-none-eabi/4.8.4/../../../../arm-none-eabi/lib/armv7-m\libc.a(lib_a-mallocr.o)
                0x20000ee0                __malloc_max_sbrked_mem
 .bss.__malloc_top_pad
                0x20000ee4        0x4 c:/program files (x86)/gnu tools arm embedded/4.8 2014q2/bin/../lib/gcc/arm-none-eabi/4.8.4/../../../../arm-none-eabi/lib/armv7-m\libc.a(lib_a-mallocr.o)
                0x20000ee4                __malloc_top_pad
 .bss.__malloc_current_mallinfo
                0x20000ee8       0x28 c:/program files (x86)/gnu tools arm embedded/4.8 2014q2/bin/../lib/gcc/arm-none-eabi/4.8.4/../../../../arm-none-eabi/lib/armv7-m\libc.a(lib_a-mallocr.o)
                0x20000ee8                __malloc_current_mallinfo
 *(COMMON)
 COMMON         0x20000f10        0x8 out/i2c.o
                0x20000f10                I2Cerrorcount
                0x20000f14                I2Cerror
 COMMON         0x20000f18        0x4 out/usart.o
                0x20000f18                IrqCntUart4
 COMMON         0x20000f1c      0x210 out/usb.o
                0x20000f1c                RingBufferUSBTX
 COMMON         0x2000112c       0x3c out/engine.o
                0x2000112c                CameraOrient
                0x20001138                LakituAngles
                0x20001144                AccAngleSmooth
                0x20001150                Output
                0x2000115c                roll_angle_correction
                0x20001160                yaw_angle_correction
                0x20001164                pitch_angle_correction
 COMMON         0x20001168        0x4 out/commhandler.o
                0x20001168                ConfigMode
 COMMON         0x2000116c       0x24 out/pwm.o
                0x2000116c                MaxCnt
                0x20001178                MinCnt
                0x20001184                IrqCnt
 COMMON         0x20001190      0x800 out/fasttrig.o
                0x20001190                sinDataI16
 COMMON         0x20001990        0x4 out/usb_int.o
                0x20001990                SaveRState
                0x20001992                SaveTState
 COMMON         0x20001994        0x2 out/usb_core.o
                0x20001994                StatusInfo
 *fill*         0x20001996        0x2 
 COMMON         0x20001998       0x32 out/usb_init.o
                0x20001998                SaveState
                0x2000199c                pProperty
                0x200019a0                EPindex
                0x200019a4                Device_Info
                0x200019c0                pUser_Standard_Requests
                0x200019c4                pInformation
                0x200019c8                wInterrupt_Mask
 *fill*         0x200019ca        0x2 
 COMMON         0x200019cc       0x24 out/usb_pwr.o
                0x200019cc                ResumeS
                0x200019d0                EP
 COMMON         0x200019f0        0x2 out/usb_istr.o
                0x200019f0                wIstr
 *fill*         0x200019f2        0x2 
 COMMON         0x200019f4       0x54 out/hw_config.o
                0x200019f4                sendLength
                0x200019f8                HSEStartUpStatus
                0x200019fc                packetSent
                0x20001a00                EXTI_InitStructure
                0x20001a08                receiveBuffer
 COMMON         0x20001a48        0x4 out/usb_endp.o
                0x20001a48                receiveLength
 COMMON         0x20001a4c        0x4 c:/program files (x86)/gnu tools arm embedded/4.8 2014q2/bin/../lib/gcc/arm-none-eabi/4.8.4/../../../../arm-none-eabi/lib/armv7-m\libc.a(lib_a-reent.o)
                0x20001a4c                errno
                0x20001a50                . = ALIGN (0x4)
                0x20001a50                _ebss = .
                0x20001a50                __bss_end__ = _ebss

._user_heap_stack
                0x20001a50      0x200 load address 0x0800dc2c
                0x20001a50                . = ALIGN (0x4)
                0x20001a50                PROVIDE (end, .)
                0x20001a50                PROVIDE (_end, .)
                0x20001a50                . = (. + _Min_Heap_Size)
                0x20001c50                . = (. + _Min_Stack_Size)
 *fill*         0x20001a50      0x200 
                0x20001c50                . = ALIGN (0x4)

/DISCARD/
 libc.a(*)
 libm.a(*)
 libgcc.a(*)

.ARM.attributes
                0x00000000       0x2f
 *(.ARM.attributes)
 .ARM.attributes
                0x00000000       0x21 out/startup_stm32f10x_hd.o
 .ARM.attributes
                0x00000021       0x33 out/stm32f10x_gpio.o
 .ARM.attributes
                0x00000054       0x33 out/stm32f10x_exti.o
 .ARM.attributes
                0x00000087       0x33 out/stm32f10x_adc.o
 .ARM.attributes
                0x000000ba       0x33 out/misc.o
 .ARM.attributes
                0x000000ed       0x33 out/stm32f10x_tim.o
 .ARM.attributes
                0x00000120       0x33 out/stm32f10x_usart.o
 .ARM.attributes
                0x00000153       0x33 out/stm32f10x_rcc.o
 .ARM.attributes
                0x00000186       0x33 out/adc.o
 .ARM.attributes
                0x000001b9       0x33 out/systick.o
 .ARM.attributes
                0x000001ec       0x33 out/i2c.o
 .ARM.attributes
                0x0000021f       0x33 out/usart.o
 .ARM.attributes
                0x00000252       0x33 out/usb.o
 .ARM.attributes
                0x00000285       0x33 out/stopwatch.o
 .ARM.attributes
                0x000002b8       0x33 out/engine.o
 .ARM.attributes
                0x000002eb       0x33 out/commhandler.o
 .ARM.attributes
                0x0000031e       0x33 out/system_stm32f10x.o
 .ARM.attributes
                0x00000351       0x33 out/ringbuffer.o
 .ARM.attributes
                0x00000384       0x33 out/gyro.o
 .ARM.attributes
                0x000003b7       0x33 out/utils.o
 .ARM.attributes
                0x000003ea       0x33 out/newlib_stubs.o
 .ARM.attributes
                0x0000041d       0x33 out/reboot.o
 .ARM.attributes
                0x00000450       0x33 out/pwm.o
 .ARM.attributes
                0x00000483       0x33 out/stm32_it.o
 .ARM.attributes
                0x000004b6       0x33 out/eeprom.o
 .ARM.attributes
                0x000004e9       0x33 out/comio.o
 .ARM.attributes
                0x0000051c       0x33 out/main.o
 .ARM.attributes
                0x0000054f       0x33 out/rc.o
 .ARM.attributes
                0x00000582       0x33 out/pins.o
 .ARM.attributes
                0x000005b5       0x33 out/fasttrig.o
 .ARM.attributes
                0x000005e8       0x33 out/config.o
 .ARM.attributes
                0x0000061b       0x33 out/usb_int.o
 .ARM.attributes
                0x0000064e       0x33 out/usb_regs.o
 .ARM.attributes
                0x00000681       0x33 out/usb_core.o
 .ARM.attributes
                0x000006b4       0x33 out/usb_sil.o
 .ARM.attributes
                0x000006e7       0x33 out/usb_init.o
 .ARM.attributes
                0x0000071a       0x33 out/usb_mem.o
 .ARM.attributes
                0x0000074d       0x33 out/usb_pwr.o
 .ARM.attributes
                0x00000780       0x33 out/usb_istr.o
 .ARM.attributes
                0x000007b3       0x33 out/hw_config.o
 .ARM.attributes
                0x000007e6       0x33 out/usb_prop.o
 .ARM.attributes
                0x00000819       0x33 out/usb_endp.o
 .ARM.attributes
                0x0000084c       0x33 out/usb_desc.o
 .ARM.attributes
                0x0000087f       0x2d c:/program files (x86)/gnu tools arm embedded/4.8 2014q2/bin/../lib/gcc/arm-none-eabi/4.8.4/../../../../arm-none-eabi/lib/armv7-m\libm.a(lib_a-sf_cos.o)
 .ARM.attributes
                0x000008ac       0x2d c:/program files (x86)/gnu tools arm embedded/4.8 2014q2/bin/../lib/gcc/arm-none-eabi/4.8.4/../../../../arm-none-eabi/lib/armv7-m\libm.a(lib_a-sf_sin.o)
 .ARM.attributes
                0x000008d9       0x2d c:/program files (x86)/gnu tools arm embedded/4.8 2014q2/bin/../lib/gcc/arm-none-eabi/4.8.4/../../../../arm-none-eabi/lib/armv7-m\libm.a(lib_a-wf_atan2.o)
 .ARM.attributes
                0x00000906       0x2d c:/program files (x86)/gnu tools arm embedded/4.8 2014q2/bin/../lib/gcc/arm-none-eabi/4.8.4/../../../../arm-none-eabi/lib/armv7-m\libm.a(lib_a-wf_sqrt.o)
 .ARM.attributes
                0x00000933       0x2d c:/program files (x86)/gnu tools arm embedded/4.8 2014q2/bin/../lib/gcc/arm-none-eabi/4.8.4/../../../../arm-none-eabi/lib/armv7-m\libm.a(lib_a-ef_atan2.o)
 .ARM.attributes
                0x00000960       0x2d c:/program files (x86)/gnu tools arm embedded/4.8 2014q2/bin/../lib/gcc/arm-none-eabi/4.8.4/../../../../arm-none-eabi/lib/armv7-m\libm.a(lib_a-ef_rem_pio2.o)
 .ARM.attributes
                0x0000098d       0x2d c:/program files (x86)/gnu tools arm embedded/4.8 2014q2/bin/../lib/gcc/arm-none-eabi/4.8.4/../../../../arm-none-eabi/lib/armv7-m\libm.a(lib_a-ef_sqrt.o)
 .ARM.attributes
                0x000009ba       0x2d c:/program files (x86)/gnu tools arm embedded/4.8 2014q2/bin/../lib/gcc/arm-none-eabi/4.8.4/../../../../arm-none-eabi/lib/armv7-m\libm.a(lib_a-kf_cos.o)
 .ARM.attributes
                0x000009e7       0x2d c:/program files (x86)/gnu tools arm embedded/4.8 2014q2/bin/../lib/gcc/arm-none-eabi/4.8.4/../../../../arm-none-eabi/lib/armv7-m\libm.a(lib_a-kf_rem_pio2.o)
 .ARM.attributes
                0x00000a14       0x2d c:/program files (x86)/gnu tools arm embedded/4.8 2014q2/bin/../lib/gcc/arm-none-eabi/4.8.4/../../../../arm-none-eabi/lib/armv7-m\libm.a(lib_a-kf_sin.o)
 .ARM.attributes
                0x00000a41       0x2d c:/program files (x86)/gnu tools arm embedded/4.8 2014q2/bin/../lib/gcc/arm-none-eabi/4.8.4/../../../../arm-none-eabi/lib/armv7-m\libm.a(lib_a-s_lib_ver.o)
 .ARM.attributes
                0x00000a6e       0x2d c:/program files (x86)/gnu tools arm embedded/4.8 2014q2/bin/../lib/gcc/arm-none-eabi/4.8.4/../../../../arm-none-eabi/lib/armv7-m\libm.a(lib_a-s_matherr.o)
 .ARM.attributes
                0x00000a9b       0x2d c:/program files (x86)/gnu tools arm embedded/4.8 2014q2/bin/../lib/gcc/arm-none-eabi/4.8.4/../../../../arm-none-eabi/lib/armv7-m\libm.a(lib_a-sf_atan.o)
 .ARM.attributes
                0x00000ac8       0x2d c:/program files (x86)/gnu tools arm embedded/4.8 2014q2/bin/../lib/gcc/arm-none-eabi/4.8.4/../../../../arm-none-eabi/lib/armv7-m\libm.a(lib_a-sf_fabs.o)
 .ARM.attributes
                0x00000af5       0x2d c:/program files (x86)/gnu tools arm embedded/4.8 2014q2/bin/../lib/gcc/arm-none-eabi/4.8.4/../../../../arm-none-eabi/lib/armv7-m\libm.a(lib_a-sf_floor.o)
 .ARM.attributes
                0x00000b22       0x2d c:/program files (x86)/gnu tools arm embedded/4.8 2014q2/bin/../lib/gcc/arm-none-eabi/4.8.4/../../../../arm-none-eabi/lib/armv7-m\libm.a(lib_a-sf_fpclassify.o)
 .ARM.attributes
                0x00000b4f       0x2d c:/program files (x86)/gnu tools arm embedded/4.8 2014q2/bin/../lib/gcc/arm-none-eabi/4.8.4/../../../../arm-none-eabi/lib/armv7-m\libm.a(lib_a-sf_scalbn.o)
 .ARM.attributes
                0x00000b7c       0x2d c:/program files (x86)/gnu tools arm embedded/4.8 2014q2/bin/../lib/gcc/arm-none-eabi/4.8.4/../../../../arm-none-eabi/lib/armv7-m\libm.a(lib_a-sf_copysign.o)
 .ARM.attributes
                0x00000ba9       0x1d c:/program files (x86)/gnu tools arm embedded/4.8 2014q2/bin/../lib/gcc/arm-none-eabi/4.8.4/armv7-m\libgcc.a(_arm_addsubdf3.o)
 .ARM.attributes
                0x00000bc6       0x1d c:/program files (x86)/gnu tools arm embedded/4.8 2014q2/bin/../lib/gcc/arm-none-eabi/4.8.4/armv7-m\libgcc.a(_arm_muldivdf3.o)
 .ARM.attributes
                0x00000be3       0x1d c:/program files (x86)/gnu tools arm embedded/4.8 2014q2/bin/../lib/gcc/arm-none-eabi/4.8.4/armv7-m\libgcc.a(_arm_cmpdf2.o)
 .ARM.attributes
                0x00000c00       0x1d c:/program files (x86)/gnu tools arm embedded/4.8 2014q2/bin/../lib/gcc/arm-none-eabi/4.8.4/armv7-m\libgcc.a(_arm_fixdfsi.o)
 .ARM.attributes
                0x00000c1d       0x1d c:/program files (x86)/gnu tools arm embedded/4.8 2014q2/bin/../lib/gcc/arm-none-eabi/4.8.4/armv7-m\libgcc.a(_arm_truncdfsf2.o)
 .ARM.attributes
                0x00000c3a       0x1d c:/program files (x86)/gnu tools arm embedded/4.8 2014q2/bin/../lib/gcc/arm-none-eabi/4.8.4/armv7-m\libgcc.a(_arm_addsubsf3.o)
 .ARM.attributes
                0x00000c57       0x1d c:/program files (x86)/gnu tools arm embedded/4.8 2014q2/bin/../lib/gcc/arm-none-eabi/4.8.4/armv7-m\libgcc.a(_arm_muldivsf3.o)
 .ARM.attributes
                0x00000c74       0x1d c:/program files (x86)/gnu tools arm embedded/4.8 2014q2/bin/../lib/gcc/arm-none-eabi/4.8.4/armv7-m\libgcc.a(_arm_cmpsf2.o)
 .ARM.attributes
                0x00000c91       0x1d c:/program files (x86)/gnu tools arm embedded/4.8 2014q2/bin/../lib/gcc/arm-none-eabi/4.8.4/armv7-m\libgcc.a(_arm_fixsfsi.o)
 .ARM.attributes
                0x00000cae       0x2d c:/program files (x86)/gnu tools arm embedded/4.8 2014q2/bin/../lib/gcc/arm-none-eabi/4.8.4/../../../../arm-none-eabi/lib/armv7-m\libc.a(lib_a-errno.o)
 .ARM.attributes
                0x00000cdb       0x2d c:/program files (x86)/gnu tools arm embedded/4.8 2014q2/bin/../lib/gcc/arm-none-eabi/4.8.4/../../../../arm-none-eabi/lib/armv7-m\libc.a(lib_a-impure.o)
 .ARM.attributes
                0x00000d08       0x2d c:/program files (x86)/gnu tools arm embedded/4.8 2014q2/bin/../lib/gcc/arm-none-eabi/4.8.4/../../../../arm-none-eabi/lib/armv7-m\libc.a(lib_a-init.o)
 .ARM.attributes
                0x00000d35       0x1b c:/program files (x86)/gnu tools arm embedded/4.8 2014q2/bin/../lib/gcc/arm-none-eabi/4.8.4/../../../../arm-none-eabi/lib/armv7-m\libc.a(lib_a-memcpy.o)
 .ARM.attributes
                0x00000d50       0x2d c:/program files (x86)/gnu tools arm embedded/4.8 2014q2/bin/../lib/gcc/arm-none-eabi/4.8.4/../../../../arm-none-eabi/lib/armv7-m\libc.a(lib_a-reent.o)
 .ARM.attributes
                0x00000d7d       0x2d c:/program files (x86)/gnu tools arm embedded/4.8 2014q2/bin/../lib/gcc/arm-none-eabi/4.8.4/../../../../arm-none-eabi/lib/armv7-m\libc.a(lib_a-strlen.o)
 .ARM.attributes
                0x00000daa       0x2d c:/program files (x86)/gnu tools arm embedded/4.8 2014q2/bin/../lib/gcc/arm-none-eabi/4.8.4/../../../../arm-none-eabi/lib/armv7-m\libc.a(lib_a-vsnprintf.o)
 .ARM.attributes
                0x00000dd7       0x2d c:/program files (x86)/gnu tools arm embedded/4.8 2014q2/bin/../lib/gcc/arm-none-eabi/4.8.4/../../../../arm-none-eabi/lib/armv7-m\libc.a(lib_a-freer.o)
 .ARM.attributes
                0x00000e04       0x2d c:/program files (x86)/gnu tools arm embedded/4.8 2014q2/bin/../lib/gcc/arm-none-eabi/4.8.4/../../../../arm-none-eabi/lib/armv7-m\libc.a(lib_a-mallocr.o)
 .ARM.attributes
                0x00000e31       0x2d c:/program files (x86)/gnu tools arm embedded/4.8 2014q2/bin/../lib/gcc/arm-none-eabi/4.8.4/../../../../arm-none-eabi/lib/armv7-m\libc.a(lib_a-mlock.o)
 .ARM.attributes
                0x00000e5e       0x2d c:/program files (x86)/gnu tools arm embedded/4.8 2014q2/bin/../lib/gcc/arm-none-eabi/4.8.4/../../../../arm-none-eabi/lib/armv7-m\libc.a(lib_a-sbrkr.o)
 .ARM.attributes
                0x00000e8b       0x2d c:/program files (x86)/gnu tools arm embedded/4.8 2014q2/bin/../lib/gcc/arm-none-eabi/4.8.4/../../../../arm-none-eabi/lib/armv7-m\libc.a(lib_a-svfprintf.o)
 .ARM.attributes
                0x00000eb8       0x2d c:/program files (x86)/gnu tools arm embedded/4.8 2014q2/bin/../lib/gcc/arm-none-eabi/4.8.4/../../../../arm-none-eabi/lib/armv7-m\libc.a(lib_a-dtoa.o)
 .ARM.attributes
                0x00000ee5       0x2d c:/program files (x86)/gnu tools arm embedded/4.8 2014q2/bin/../lib/gcc/arm-none-eabi/4.8.4/../../../../arm-none-eabi/lib/armv7-m\libc.a(lib_a-locale.o)
 .ARM.attributes
                0x00000f12       0x2d c:/program files (x86)/gnu tools arm embedded/4.8 2014q2/bin/../lib/gcc/arm-none-eabi/4.8.4/../../../../arm-none-eabi/lib/armv7-m\libc.a(lib_a-memchr-stub.o)
 .ARM.attributes
                0x00000f3f       0x2d c:/program files (x86)/gnu tools arm embedded/4.8 2014q2/bin/../lib/gcc/arm-none-eabi/4.8.4/../../../../arm-none-eabi/lib/armv7-m\libc.a(lib_a-mprec.o)
 .ARM.attributes
                0x00000f6c       0x2d c:/program files (x86)/gnu tools arm embedded/4.8 2014q2/bin/../lib/gcc/arm-none-eabi/4.8.4/../../../../arm-none-eabi/lib/armv7-m\libc.a(lib_a-s_fpclassify.o)
 .ARM.attributes
                0x00000f99       0x2d c:/program files (x86)/gnu tools arm embedded/4.8 2014q2/bin/../lib/gcc/arm-none-eabi/4.8.4/../../../../arm-none-eabi/lib/armv7-m\libc.a(lib_a-svfiprintf.o)
 .ARM.attributes
                0x00000fc6       0x2d c:/program files (x86)/gnu tools arm embedded/4.8 2014q2/bin/../lib/gcc/arm-none-eabi/4.8.4/../../../../arm-none-eabi/lib/armv7-m\libc.a(lib_a-callocr.o)
 .ARM.attributes
                0x00000ff3       0x2d c:/program files (x86)/gnu tools arm embedded/4.8 2014q2/bin/../lib/gcc/arm-none-eabi/4.8.4/../../../../arm-none-eabi/lib/armv7-m\libc.a(lib_a-memmove.o)
 .ARM.attributes
                0x00001020       0x2d c:/program files (x86)/gnu tools arm embedded/4.8 2014q2/bin/../lib/gcc/arm-none-eabi/4.8.4/../../../../arm-none-eabi/lib/armv7-m\libc.a(lib_a-memset.o)
 .ARM.attributes
                0x0000104d       0x2d c:/program files (x86)/gnu tools arm embedded/4.8 2014q2/bin/../lib/gcc/arm-none-eabi/4.8.4/../../../../arm-none-eabi/lib/armv7-m\libc.a(lib_a-reallocr.o)
 .ARM.attributes
                0x0000107a       0x1d c:/program files (x86)/gnu tools arm embedded/4.8 2014q2/bin/../lib/gcc/arm-none-eabi/4.8.4/armv7-m\libgcc.a(_aeabi_uldivmod.o)
 .ARM.attributes
                0x00001097       0x2d c:/program files (x86)/gnu tools arm embedded/4.8 2014q2/bin/../lib/gcc/arm-none-eabi/4.8.4/armv7-m\libgcc.a(bpabi.o)
 .ARM.attributes
                0x000010c4       0x1d c:/program files (x86)/gnu tools arm embedded/4.8 2014q2/bin/../lib/gcc/arm-none-eabi/4.8.4/armv7-m\libgcc.a(_dvmd_tls.o)
 .ARM.attributes
                0x000010e1       0x2d c:/program files (x86)/gnu tools arm embedded/4.8 2014q2/bin/../lib/gcc/arm-none-eabi/4.8.4/armv7-m\libgcc.a(_divdi3.o)
 .ARM.attributes
                0x0000110e       0x2d c:/program files (x86)/gnu tools arm embedded/4.8 2014q2/bin/../lib/gcc/arm-none-eabi/4.8.4/armv7-m\libgcc.a(_udivdi3.o)