Archive member included because of file (symbol)

c:/program files (x86)/gnu tools arm embedded/4.8 2014q2/bin/../lib/gcc/arm-none-eabi/4.8.4/../../../../arm-none-eabi/lib/armv7-m\libm.a(lib_a-s_sin.o)
                              out/pwm.o (sin)
c:/program files (x86)/gnu tools arm embedded/4.8 2014q2/bin/../lib/gcc/arm-none-eabi/4.8.4/../../../../arm-none-eabi/lib/armv7-m\libm.a(lib_a-sf_cos.o)
                              out/engine.o (cosf)
c:/program files (x86)/gnu tools arm embedded/4.8 2014q2/bin/../lib/gcc/arm-none-eabi/4.8.4/../../../../arm-none-eabi/lib/armv7-m\libm.a(lib_a-sf_sin.o)
                              out/engine.o (sinf)
c:/program files (x86)/gnu tools arm embedded/4.8 2014q2/bin/../lib/gcc/arm-none-eabi/4.8.4/../../../../arm-none-eabi/lib/armv7-m\libm.a(lib_a-wf_atan2.o)
                              out/engine.o (atan2f)
c:/program files (x86)/gnu tools arm embedded/4.8 2014q2/bin/../lib/gcc/arm-none-eabi/4.8.4/../../../../arm-none-eabi/lib/armv7-m\libm.a(lib_a-wf_fmod.o)
                              out/pwm.o (fmodf)
c:/program files (x86)/gnu tools arm embedded/4.8 2014q2/bin/../lib/gcc/arm-none-eabi/4.8.4/../../../../arm-none-eabi/lib/armv7-m\libm.a(lib_a-wf_sqrt.o)
                              out/engine.o (sqrtf)
c:/program files (x86)/gnu tools arm embedded/4.8 2014q2/bin/../lib/gcc/arm-none-eabi/4.8.4/../../../../arm-none-eabi/lib/armv7-m\libm.a(lib_a-e_rem_pio2.o)
                              c:/program files (x86)/gnu tools arm embedded/4.8 2014q2/bin/../lib/gcc/arm-none-eabi/4.8.4/../../../../arm-none-eabi/lib/armv7-m\libm.a(lib_a-s_sin.o) (__ieee754_rem_pio2)
c:/program files (x86)/gnu tools arm embedded/4.8 2014q2/bin/../lib/gcc/arm-none-eabi/4.8.4/../../../../arm-none-eabi/lib/armv7-m\libm.a(lib_a-ef_atan2.o)
                              c:/program files (x86)/gnu tools arm embedded/4.8 2014q2/bin/../lib/gcc/arm-none-eabi/4.8.4/../../../../arm-none-eabi/lib/armv7-m\libm.a(lib_a-wf_atan2.o) (__ieee754_atan2f)
c:/program files (x86)/gnu tools arm embedded/4.8 2014q2/bin/../lib/gcc/arm-none-eabi/4.8.4/../../../../arm-none-eabi/lib/armv7-m\libm.a(lib_a-ef_fmod.o)
                              c:/program files (x86)/gnu tools arm embedded/4.8 2014q2/bin/../lib/gcc/arm-none-eabi/4.8.4/../../../../arm-none-eabi/lib/armv7-m\libm.a(lib_a-wf_fmod.o) (__ieee754_fmodf)
c:/program files (x86)/gnu tools arm embedded/4.8 2014q2/bin/../lib/gcc/arm-none-eabi/4.8.4/../../../../arm-none-eabi/lib/armv7-m\libm.a(lib_a-ef_rem_pio2.o)
                              c:/program files (x86)/gnu tools arm embedded/4.8 2014q2/bin/../lib/gcc/arm-none-eabi/4.8.4/../../../../arm-none-eabi/lib/armv7-m\libm.a(lib_a-sf_cos.o) (__ieee754_rem_pio2f)
c:/program files (x86)/gnu tools arm embedded/4.8 2014q2/bin/../lib/gcc/arm-none-eabi/4.8.4/../../../../arm-none-eabi/lib/armv7-m\libm.a(lib_a-ef_sqrt.o)
                              c:/program files (x86)/gnu tools arm embedded/4.8 2014q2/bin/../lib/gcc/arm-none-eabi/4.8.4/../../../../arm-none-eabi/lib/armv7-m\libm.a(lib_a-wf_sqrt.o) (__ieee754_sqrtf)
c:/program files (x86)/gnu tools arm embedded/4.8 2014q2/bin/../lib/gcc/arm-none-eabi/4.8.4/../../../../arm-none-eabi/lib/armv7-m\libm.a(lib_a-k_cos.o)
                              c:/program files (x86)/gnu tools arm embedded/4.8 2014q2/bin/../lib/gcc/arm-none-eabi/4.8.4/../../../../arm-none-eabi/lib/armv7-m\libm.a(lib_a-s_sin.o) (__kernel_cos)
c:/program files (x86)/gnu tools arm embedded/4.8 2014q2/bin/../lib/gcc/arm-none-eabi/4.8.4/../../../../arm-none-eabi/lib/armv7-m\libm.a(lib_a-k_rem_pio2.o)
                              c:/program files (x86)/gnu tools arm embedded/4.8 2014q2/bin/../lib/gcc/arm-none-eabi/4.8.4/../../../../arm-none-eabi/lib/armv7-m\libm.a(lib_a-e_rem_pio2.o) (__kernel_rem_pio2)
c:/program files (x86)/gnu tools arm embedded/4.8 2014q2/bin/../lib/gcc/arm-none-eabi/4.8.4/../../../../arm-none-eabi/lib/armv7-m\libm.a(lib_a-k_sin.o)
                              c:/program files (x86)/gnu tools arm embedded/4.8 2014q2/bin/../lib/gcc/arm-none-eabi/4.8.4/../../../../arm-none-eabi/lib/armv7-m\libm.a(lib_a-s_sin.o) (__kernel_sin)
c:/program files (x86)/gnu tools arm embedded/4.8 2014q2/bin/../lib/gcc/arm-none-eabi/4.8.4/../../../../arm-none-eabi/lib/armv7-m\libm.a(lib_a-kf_cos.o)
                              c:/program files (x86)/gnu tools arm embedded/4.8 2014q2/bin/../lib/gcc/arm-none-eabi/4.8.4/../../../../arm-none-eabi/lib/armv7-m\libm.a(lib_a-sf_cos.o) (__kernel_cosf)
c:/program files (x86)/gnu tools arm embedded/4.8 2014q2/bin/../lib/gcc/arm-none-eabi/4.8.4/../../../../arm-none-eabi/lib/armv7-m\libm.a(lib_a-kf_rem_pio2.o)
                              c:/program files (x86)/gnu tools arm embedded/4.8 2014q2/bin/../lib/gcc/arm-none-eabi/4.8.4/../../../../arm-none-eabi/lib/armv7-m\libm.a(lib_a-ef_rem_pio2.o) (__kernel_rem_pio2f)
[...]
Memory Configuration

Name             Origin             Length             Attributes
FLASH            0x08004000         0x0003c000         xr
RAM              0x20000000         0x0000c000         xrw
*default*        0x00000000         0xffffffff

Linker script and memory map

LOAD out/startup_stm32f10x_hd.o
LOAD out/stm32f10x_gpio.o
LOAD out/stm32f10x_fsmc.o
LOAD out/stm32f10x_exti.o
LOAD out/stm32f10x_bkp.o
LOAD out/stm32f10x_spi.o
LOAD out/stm32f10x_adc.o
LOAD out/stm32f10x_iwdg.o
LOAD out/misc.o
LOAD out/stm32f10x_cec.o
LOAD out/stm32f10x_wwdg.o
LOAD out/stm32f10x_tim.o
LOAD out/stm32f10x_usart.o
LOAD out/stm32f10x_crc.o
LOAD out/stm32f10x_flash.o
LOAD out/stm32f10x_rcc.o
LOAD out/stm32f10x_sdio.o
LOAD out/stm32f10x_i2c.o
LOAD out/stm32f10x_pwr.o
LOAD out/stm32f10x_rtc.o
LOAD out/stm32f10x_can.o
LOAD out/stm32f10x_dac.o
LOAD out/stm32f10x_dbgmcu.o
LOAD out/stm32f10x_dma.o
LOAD out/adc.o
LOAD out/systick.o
LOAD out/i2c.o
LOAD out/usart.o
LOAD out/usb.o
LOAD out/stopwatch.o
LOAD out/engine.o
LOAD out/commhandler.o
LOAD out/system_stm32f10x.o
LOAD out/ringbuffer.o
LOAD out/gyro.o
LOAD out/utils.o
LOAD out/newlib_stubs.o
LOAD out/reboot.o
LOAD out/pwm.o
LOAD out/stm32_it.o
LOAD out/eeprom.o
LOAD out/comio.o
LOAD out/main.o
LOAD out/rc.o
LOAD out/pins.o
LOAD out/fasttrig.o
LOAD out/config.o
LOAD out/itoa.o
LOAD out/printf.o
LOAD out/usb_int.o
LOAD out/usb_regs.o
LOAD out/usb_core.o
LOAD out/usb_sil.o
LOAD out/usb_init.o
LOAD out/usb_mem.o
LOAD out/usb_pwr.o
LOAD out/usb_istr.o
LOAD out/hw_config.o
LOAD out/usb_prop.o
LOAD out/usb_endp.o
LOAD out/usb_desc.o
LOAD c:/program files (x86)/gnu tools arm embedded/4.8 2014q2/bin/../lib/gcc/arm-none-eabi/4.8.4/../../../../arm-none-eabi/lib/armv7-m\libstdc++.a
LOAD c:/program files (x86)/gnu tools arm embedded/4.8 2014q2/bin/../lib/gcc/arm-none-eabi/4.8.4/../../../../arm-none-eabi/lib/armv7-m\libm.a
START GROUP
LOAD c:/program files (x86)/gnu tools arm embedded/4.8 2014q2/bin/../lib/gcc/arm-none-eabi/4.8.4/armv7-m\libgcc.a
LOAD c:/program files (x86)/gnu tools arm embedded/4.8 2014q2/bin/../lib/gcc/arm-none-eabi/4.8.4/../../../../arm-none-eabi/lib/armv7-m\libc.a
END GROUP
                0x2000c000                _estack = 0x2000c000
                0x00000000                _Min_Heap_Size = 0x0
                0x00000200                _Min_Stack_Size = 0x200

.isr_vector     0x08004000      0x1e4
                0x08004000                . = ALIGN (0x4)
 *(.isr_vector)
 .isr_vector    0x08004000      0x1e4 out/startup_stm32f10x_hd.o
                0x08004000                g_pfnVectors
                0x080041e4                . = ALIGN (0x4)

.text           0x080041e8     0xc02c
                0x080041e8                . = ALIGN (0x4)
 *(.text)
 .text          0x080041e8      0x370 c:/program files (x86)/gnu tools arm embedded/4.8 2014q2/bin/../lib/gcc/arm-none-eabi/4.8.4/armv7-m\libgcc.a(_arm_addsubdf3.o)
                0x080041e8                __aeabi_drsub
                0x080041f0                __aeabi_dsub
                0x080041f0                __subdf3
                0x080041f4                __aeabi_dadd
                0x080041f4                __adddf3
                0x0800446c                __floatunsidf
                0x0800446c                __aeabi_ui2d
                0x0800448c                __floatsidf
                0x0800448c                __aeabi_i2d
                0x080044b0                __aeabi_f2d
                0x080044b0                __extendsfdf2
                0x080044ec                __floatundidf
                0x080044ec                __aeabi_ul2d
                0x080044fc                __floatdidf
                0x080044fc                __aeabi_l2d
 .text          0x08004558      0x424 c:/program files (x86)/gnu tools arm embedded/4.8 2014q2/bin/../lib/gcc/arm-none-eabi/4.8.4/armv7-m\libgcc.a(_arm_muldivdf3.o)
                0x08004558                __aeabi_dmul
                0x08004558                __muldf3
                0x080047ac                __divdf3
                0x080047ac                __aeabi_ddiv
 .text          0x0800497c      0x110 c:/program files (x86)/gnu tools arm embedded/4.8 2014q2/bin/../lib/gcc/arm-none-eabi/4.8.4/armv7-m\libgcc.a(_arm_cmpdf2.o)
                0x0800497c                __gtdf2
                0x0800497c                __gedf2
                0x08004984                __ltdf2
                0x08004984                __ledf2
                0x0800498c                __nedf2
                0x0800498c                __eqdf2
                0x0800498c                __cmpdf2
                0x08004a08                __aeabi_cdrcmple
                0x08004a18                __aeabi_cdcmpeq
                0x08004a18                __aeabi_cdcmple
                0x08004a28                __aeabi_dcmpeq
                0x08004a3c                __aeabi_dcmplt
                0x08004a50                __aeabi_dcmple
                0x08004a64                __aeabi_dcmpge
                0x08004a78                __aeabi_dcmpgt
 .text          0x08004a8c       0x50 c:/program files (x86)/gnu tools arm embedded/4.8 2014q2/bin/../lib/gcc/arm-none-eabi/4.8.4/armv7-m\libgcc.a(_arm_fixdfsi.o)
                0x08004a8c                __aeabi_d2iz
                0x08004a8c                __fixdfsi
 .text          0x08004adc       0xa0 c:/program files (x86)/gnu tools arm embedded/4.8 2014q2/bin/../lib/gcc/arm-none-eabi/4.8.4/armv7-m\libgcc.a(_arm_truncdfsf2.o)
                0x08004adc                __truncdfsf2
                0x08004adc                __aeabi_d2f
 .text          0x08004b7c      0x21c c:/program files (x86)/gnu tools arm embedded/4.8 2014q2/bin/../lib/gcc/arm-none-eabi/4.8.4/armv7-m\libgcc.a(_arm_addsubsf3.o)
                0x08004b7c                __aeabi_frsub
                0x08004b84                __subsf3
                0x08004b84                __aeabi_fsub
                0x08004b88                __aeabi_fadd
                0x08004b88                __addsf3
                0x08004ce8                __aeabi_ui2f
                0x08004ce8                __floatunsisf
                0x08004cf0                __aeabi_i2f
                0x08004cf0                __floatsisf
                0x08004d0c                __aeabi_ul2f
                0x08004d0c                __floatundisf
                0x08004d1c                __aeabi_l2f
                0x08004d1c                __floatdisf
 .text          0x08004d98      0x2a0 c:/program files (x86)/gnu tools arm embedded/4.8 2014q2/bin/../lib/gcc/arm-none-eabi/4.8.4/armv7-m\libgcc.a(_arm_muldivsf3.o)
                0x08004d98                __mulsf3
                0x08004d98                __aeabi_fmul
                0x08004f00                __aeabi_fdiv
                0x08004f00                __divsf3
 .text          0x08005038       0xec c:/program files (x86)/gnu tools arm embedded/4.8 2014q2/bin/../lib/gcc/arm-none-eabi/4.8.4/armv7-m\libgcc.a(_arm_cmpsf2.o)
                0x08005038                __gesf2
                0x08005038                __gtsf2
                0x08005040                __lesf2
                0x08005040                __ltsf2
                0x08005048                __nesf2
                0x08005048                __eqsf2
                0x08005048                __cmpsf2
                0x080050a8                __aeabi_cfrcmple
                0x080050b0                __aeabi_cfcmpeq
                0x080050b0                __aeabi_cfcmple
                0x080050c0                __aeabi_fcmpeq
                0x080050d4                __aeabi_fcmplt
                0x080050e8                __aeabi_fcmple
                0x080050fc                __aeabi_fcmpge
                0x08005110                __aeabi_fcmpgt
 .text          0x08005124       0x4c c:/program files (x86)/gnu tools arm embedded/4.8 2014q2/bin/../lib/gcc/arm-none-eabi/4.8.4/armv7-m\libgcc.a(_arm_fixsfsi.o)
                0x08005124                __aeabi_f2iz
                0x08005124                __fixsfsi
 .text          0x08005170       0xec c:/program files (x86)/gnu tools arm embedded/4.8 2014q2/bin/../lib/gcc/arm-none-eabi/4.8.4/../../../../arm-none-eabi/lib/armv7-m\libc.a(lib_a-memcpy.o)
                0x08005170                memcpy
 .text          0x0800525c       0x2c c:/program files (x86)/gnu tools arm embedded/4.8 2014q2/bin/../lib/gcc/arm-none-eabi/4.8.4/armv7-m\libgcc.a(_aeabi_uldivmod.o)
                0x0800525c                __aeabi_uldivmod
 .text          0x08005288       0x60 c:/program files (x86)/gnu tools arm embedded/4.8 2014q2/bin/../lib/gcc/arm-none-eabi/4.8.4/armv7-m\libgcc.a(bpabi.o)
                0x08005288                __gnu_ldivmod_helper
                0x080052b8                __gnu_uldivmod_helper
 .text          0x080052e8        0x4 c:/program files (x86)/gnu tools arm embedded/4.8 2014q2/bin/../lib/gcc/arm-none-eabi/4.8.4/armv7-m\libgcc.a(_dvmd_tls.o)
                0x080052e8                __aeabi_idiv0
                0x080052e8                __aeabi_ldiv0
 .text          0x080052ec      0x2a0 c:/program files (x86)/gnu tools arm embedded/4.8 2014q2/bin/../lib/gcc/arm-none-eabi/4.8.4/armv7-m\libgcc.a(_divdi3.o)
                0x080052ec                __divdi3
 .text          0x0800558c      0x290 c:/program files (x86)/gnu tools arm embedded/4.8 2014q2/bin/../lib/gcc/arm-none-eabi/4.8.4/armv7-m\libgcc.a(_udivdi3.o)
                0x0800558c                __udivdi3
 *(.text*)
 .text.Reset_Handler
                0x0800581c       0x50 out/startup_stm32f10x_hd.o
                0x0800581c                Reset_Handler
 .text.Default_Handler
                0x0800586c        0x4 out/startup_stm32f10x_hd.o
                0x0800586c                TIM8_TRG_COM_IRQHandler
                0x0800586c                TIM8_CC_IRQHandler
                0x0800586c                TIM1_CC_IRQHandler
                0x0800586c                TIM6_IRQHandler
                0x0800586c                PVD_IRQHandler
                0x0800586c                SDIO_IRQHandler
                0x0800586c                EXTI0_IRQHandler
                0x0800586c                I2C2_EV_IRQHandler
                0x0800586c                ADC1_2_IRQHandler
                0x0800586c                SPI1_IRQHandler
                0x0800586c                TAMPER_IRQHandler
                0x0800586c                DMA2_Channel2_IRQHandler
                0x0800586c                DMA1_Channel4_IRQHandler
                0x0800586c                USART3_IRQHandler
                0x0800586c                RTC_IRQHandler
                0x0800586c                DMA1_Channel7_IRQHandler
                0x0800586c                CAN1_RX1_IRQHandler
                0x0800586c                UART5_IRQHandler
                0x0800586c                ADC3_IRQHandler
                0x0800586c                TIM4_IRQHandler
                0x0800586c                DMA2_Channel1_IRQHandler
                0x0800586c                I2C1_EV_IRQHandler
                0x0800586c                DMA1_Channel6_IRQHandler
                0x0800586c                TIM3_IRQHandler
                0x0800586c                RCC_IRQHandler
                0x0800586c                TIM1_TRG_COM_IRQHandler
                0x0800586c                DMA1_Channel1_IRQHandler
                0x0800586c                Default_Handler
                0x0800586c                EXTI15_10_IRQHandler
                0x0800586c                TIM7_IRQHandler
                0x0800586c                EXTI9_5_IRQHandler
                0x0800586c                SPI2_IRQHandler
                0x0800586c                DMA1_Channel5_IRQHandler
                0x0800586c                USB_HP_CAN1_TX_IRQHandler
                0x0800586c                DMA1_Channel3_IRQHandler
                0x0800586c                FSMC_IRQHandler
                0x0800586c                WWDG_IRQHandler
                0x0800586c                TIM2_IRQHandler
                0x0800586c                TIM1_BRK_IRQHandler
                0x0800586c                EXTI1_IRQHandler
                0x0800586c                RTCAlarm_IRQHandler
                0x0800586c                DMA2_Channel4_5_IRQHandler
                0x0800586c                USART2_IRQHandler
                0x0800586c                I2C2_ER_IRQHandler
                0x0800586c                DMA1_Channel2_IRQHandler
                0x0800586c                TIM8_BRK_IRQHandler
                0x0800586c                CAN1_SCE_IRQHandler
                0x0800586c                FLASH_IRQHandler
                0x0800586c                USART1_IRQHandler
                0x0800586c                SPI3_IRQHandler
                0x0800586c                I2C1_ER_IRQHandler
                0x0800586c                DMA2_Channel3_IRQHandler
 .text.GPIO_Init
                0x08005870       0xc4 out/stm32f10x_gpio.o
                0x08005870                GPIO_Init
 .text.GPIO_ReadInputDataBit
                0x08005934        0xc out/stm32f10x_gpio.o
                0x08005934                GPIO_ReadInputDataBit
 .text.GPIO_SetBits
                0x08005940        0x4 out/stm32f10x_gpio.o
                0x08005940                GPIO_SetBits
 .text.GPIO_ResetBits
                0x08005944        0x4 out/stm32f10x_gpio.o
                0x08005944                GPIO_ResetBits
 .text.GPIO_WriteBit
                0x08005948        0xc out/stm32f10x_gpio.o
                0x08005948                GPIO_WriteBit
 .text.GPIO_ToggleBits
                0x08005954        0x8 out/stm32f10x_gpio.o
                0x08005954                GPIO_ToggleBits
 .text.GPIO_PinRemapConfig
                0x0800595c       0x6c out/stm32f10x_gpio.o
                0x0800595c                GPIO_PinRemapConfig
 .text.GPIO_EXTILineConfig
                0x080059c8       0x2c out/stm32f10x_gpio.o
                0x080059c8                GPIO_EXTILineConfig
 .text.EXTI_Init
                0x080059f4       0x80 out/stm32f10x_exti.o
                0x080059f4                EXTI_Init
 .text.EXTI_GenerateSWInterrupt
                0x08005a74       0x10 out/stm32f10x_exti.o
                0x08005a74                EXTI_GenerateSWInterrupt
 .text.EXTI_ClearITPendingBit
                0x08005a84        0xc out/stm32f10x_exti.o
                0x08005a84                EXTI_ClearITPendingBit
 .text.ADC_DeInit
                0x08005a90       0x6c out/stm32f10x_adc.o
                0x08005a90                ADC_DeInit
 .text.ADC_Init
                0x08005afc       0x48 out/stm32f10x_adc.o
                0x08005afc                ADC_Init
 .text.ADC_Cmd  0x08005b44       0x14 out/stm32f10x_adc.o
                0x08005b44                ADC_Cmd
 .text.ADC_ResetCalibration
                0x08005b58        0xc out/stm32f10x_adc.o
                0x08005b58                ADC_ResetCalibration
 .text.ADC_GetResetCalibrationStatus
                0x08005b64        0x8 out/stm32f10x_adc.o
                0x08005b64                ADC_GetResetCalibrationStatus
 .text.ADC_StartCalibration
                0x08005b6c        0xc out/stm32f10x_adc.o
                0x08005b6c                ADC_StartCalibration
 .text.ADC_GetCalibrationStatus
                0x08005b78        0x8 out/stm32f10x_adc.o
                0x08005b78                ADC_GetCalibrationStatus
 .text.NVIC_PriorityGroupConfig
                0x08005b80       0x14 out/misc.o
                0x08005b80                NVIC_PriorityGroupConfig
 .text.NVIC_Init
                0x08005b94       0x70 out/misc.o
                0x08005b94                NVIC_Init
 .text.TIM_TimeBaseInit
                0x08005c04       0xb4 out/stm32f10x_tim.o
                0x08005c04                TIM_TimeBaseInit
 .text.TIM_OC1Init
                0x08005cb8       0x90 out/stm32f10x_tim.o
                0x08005cb8                TIM_OC1Init
 .text.TIM_OC2Init
                0x08005d48       0x90 out/stm32f10x_tim.o
                0x08005d48                TIM_OC2Init
 .text.TIM_OC3Init
                0x08005dd8       0x8c out/stm32f10x_tim.o
                0x08005dd8                TIM_OC3Init
 .text.TIM_BDTRConfig
                0x08005e64       0x28 out/stm32f10x_tim.o
                0x08005e64                TIM_BDTRConfig
 .text.TIM_Cmd  0x08005e8c       0x1c out/stm32f10x_tim.o
                0x08005e8c                TIM_Cmd
 .text.TIM_CtrlPWMOutputs
                0x08005ea8       0x20 out/stm32f10x_tim.o
                0x08005ea8                TIM_CtrlPWMOutputs
 .text.TIM_OC1PreloadConfig
                0x08005ec8       0x10 out/stm32f10x_tim.o
                0x08005ec8                TIM_OC1PreloadConfig
 .text.TIM_OC2PreloadConfig
                0x08005ed8       0x14 out/stm32f10x_tim.o
                0x08005ed8                TIM_OC2PreloadConfig
 .text.TIM_OC3PreloadConfig
                0x08005eec       0x10 out/stm32f10x_tim.o
                0x08005eec                TIM_OC3PreloadConfig
 .text.USART_Init
                0x08005efc       0xbc out/stm32f10x_usart.o
                0x08005efc                USART_Init
 .text.USART_ClockInit
                0x08005fb8       0x24 out/stm32f10x_usart.o
                0x08005fb8                USART_ClockInit
 .text.USART_ClockStructInit
                0x08005fdc        0xc out/stm32f10x_usart.o
                0x08005fdc                USART_ClockStructInit
 .text.USART_Cmd
                0x08005fe8       0x1c out/stm32f10x_usart.o
                0x08005fe8                USART_Cmd
 .text.USART_ITConfig
                0x08006004       0x3c out/stm32f10x_usart.o
                0x08006004                USART_ITConfig
 .text.RCC_USBCLKConfig
                0x08006040        0xc out/stm32f10x_rcc.o
                0x08006040                RCC_USBCLKConfig
 .text.RCC_ADCCLKConfig
                0x0800604c       0x14 out/stm32f10x_rcc.o
                0x0800604c                RCC_ADCCLKConfig
 .text.RCC_GetClocksFreq
                0x08006060       0x94 out/stm32f10x_rcc.o
                0x08006060                RCC_GetClocksFreq
 .text.RCC_AHBPeriphClockCmd
                0x080060f4       0x18 out/stm32f10x_rcc.o
                0x080060f4                RCC_AHBPeriphClockCmd
 .text.RCC_APB2PeriphClockCmd
                0x0800610c       0x18 out/stm32f10x_rcc.o
                0x0800610c                RCC_APB2PeriphClockCmd
 .text.RCC_APB1PeriphClockCmd
                0x08006124       0x18 out/stm32f10x_rcc.o
                0x08006124                RCC_APB1PeriphClockCmd
 .text.RCC_APB2PeriphResetCmd
                0x0800613c       0x18 out/stm32f10x_rcc.o
                0x0800613c                RCC_APB2PeriphResetCmd
 .text.ADC_Config
                0x08006154       0x84 out/adc.o
                0x08006154                ADC_Config
 .text.micros   0x080061d8       0x50 out/systick.o
                0x080061d8                micros
 .text.millis   0x08006228        0xc out/systick.o
                0x08006228                millis
 .text.SysTick_Handler
                0x08006234       0x28 out/systick.o
                0x08006234                SysTick_Handler
 .text.SysTickAttachCallback
                0x0800625c        0xc out/systick.o
                0x0800625c                SysTickAttachCallback
 .text.InitSysTick
                0x08006268       0x54 out/systick.o
                0x08006268                InitSysTick
 .text.I2C1_Start
                0x080062bc       0x50 out/i2c.o
                0x080062bc                I2C1_Start
 .text.I2C1_Stop
                0x0800630c       0x54 out/i2c.o
                0x0800630c                I2C1_Stop
 .text.I2C1_Ack
                0x08006360       0x54 out/i2c.o
                0x08006360                I2C1_Ack
 .text.I2C1_NoAck
                0x080063b4       0x54 out/i2c.o
                0x080063b4                I2C1_NoAck
 .text.I2C1_SendByte
                0x08006408       0x6c out/i2c.o
                0x08006408                I2C1_SendByte
 .text.I2C1_ReceiveByte
                0x08006474       0x74 out/i2c.o
                0x08006474                I2C1_ReceiveByte
 .text.I2C1_WaitAck
                0x080064e8       0x74 out/i2c.o
                0x080064e8                I2C1_WaitAck
 .text.UART4EnableTxInterrupt
                0x0800655c       0x10 out/usart.o
                0x0800655c                UART4EnableTxInterrupt
 .text.InitUart4BufferIRQ
                0x0800656c       0x30 out/usart.o
                0x0800656c                InitUart4BufferIRQ
 .text.USART_GetChar
                0x0800659c        0xc out/usart.o
                0x0800659c                USART_GetChar
 .text.USART_Available
                0x080065a8        0xc out/usart.o
                0x080065a8                USART_Available
 .text.USART_Flush
                0x080065b4       0x14 out/usart.o
                0x080065b4                USART_Flush
 .text.USART_PutChar
                0x080065c8       0x10 out/usart.o
                0x080065c8                USART_PutChar
 .text.USART_PutString
                0x080065d8       0x20 out/usart.o
                0x080065d8                USART_PutString
 .text.UART4_IRQHandler
                0x080065f8       0xac out/usart.o
                0x080065f8                UART4_IRQHandler
 .text.InitUart4Buffer
                0x080066a4       0x24 out/usart.o
                0x080066a4                InitUart4Buffer
 .text.Usart4Init
                0x080066c8       0x98 out/usart.o
                0x080066c8                Usart4Init
 .text.usbOverrun
                0x08006760        0xc out/usb.o
                0x08006760                usbOverrun
 .text.USBPushTXData
                0x0800676c       0x44 out/usb.o
                0x0800676c                USBPushTXData
 .text.USBPushTX
                0x080067b0       0x24 out/usb.o
                0x080067b0                USBPushTX
 .text.EP1_IN_Callback
                0x080067d4       0x2c out/usb.o
                0x080067d4                EP1_IN_Callback
 .text.setupUSB
                0x08006800       0x28 out/usb.o
                0x08006800                setupUSB
 .text.usbSendBytes
                0x08006828       0x20 out/usb.o
                0x08006828                usbSendBytes
 .text.usbBytesAvailable
                0x08006848        0xc out/usb.o
                0x08006848                usbBytesAvailable
 .text.usbReceiveBytes
                0x08006854       0x1c out/usb.o
                0x08006854                usbReceiveBytes
 .text.StopWatchInit
                0x08006870       0x10 out/stopwatch.o
                0x08006870                StopWatchInit
 .text.StopWatchLap
                0x08006880       0x10 out/stopwatch.o
                0x08006880                StopWatchLap
 .text.StopWatchTotal
                0x08006890        0x8 out/stopwatch.o
                0x08006890                StopWatchTotal
 .text.roll_PID
                0x08006898       0x80 out/engine.o
                0x08006898                roll_PID
 .text.pitch_PID
                0x08006918       0x80 out/engine.o
                0x08006918                pitch_PID
 .text.yaw_PID  0x08006998       0x80 out/engine.o
                0x08006998                yaw_PID
 .text.Init_Orientation
                0x08006a18       0x84 out/engine.o
                0x08006a18                Init_Orientation
 .text.Get_Orientation
                0x08006a9c      0x144 out/engine.o
                0x08006a9c                Get_Orientation
 .text.autoPan  0x08006be0       0x94 out/engine.o
                0x08006be0                autoPan
 .text.engineProcess
                0x08006c74      0x750 out/engine.o
                0x08006c74                engineProcess
 .text.CommHandler
                0x080073c4      0x430 out/commhandler.o
                0x080073c4                CommHandler
 .text.SystemCoreClockUpdate
                0x080077f4       0x5c out/system_stm32f10x.o
                0x080077f4                SystemCoreClockUpdate
 .text.SystemInit
                0x08007850      0x13c out/system_stm32f10x.o
                0x08007850                SystemInit
 .text.RingBufferInit
                0x0800798c       0x10 out/ringbuffer.o
                0x0800798c                RingBufferInit
 .text.RingBufferSize
                0x0800799c        0x8 out/ringbuffer.o
                0x0800799c                RingBufferSize
 .text.RingBufferFillLevel
                0x080079a4       0x28 out/ringbuffer.o
                0x080079a4                RingBufferFillLevel
 .text.RingBufferPut
                0x080079cc       0x90 out/ringbuffer.o
                0x080079cc                RingBufferPut
 .text.RingBufferPutBlock
                0x08007a5c       0xd0 out/ringbuffer.o
                0x08007a5c                RingBufferPutBlock
 .text.RingBufferGet
                0x08007b2c       0x2c out/ringbuffer.o
                0x08007b2c                RingBufferGet
 .text.MPU6050_Init
                0x08007b58      0x1e4 out/gyro.o
                0x08007b58                MPU6050_Init
 .text.MPU6050_get
                0x08007d3c       0x90 out/gyro.o
                0x08007d3c                MPU6050_get
 .text.MPU6050_ACC_get
                0x08007dcc       0x58 out/gyro.o
                0x08007dcc                MPU6050_ACC_get
 .text.MPU6050_Gyro_get
                0x08007e24       0xac out/gyro.o
                0x08007e24                MPU6050_Gyro_get
 .text.MPU6050_Gyro_calibration
                0x08007ed0       0xb0 out/gyro.o
                0x08007ed0                MPU6050_Gyro_calibration
 .text.LEDon    0x08007f80       0x10 out/utils.o
                0x08007f80                LEDon
 .text.LEDoff   0x08007f90       0x10 out/utils.o
                0x08007f90                LEDoff
 .text.LEDtoggle
                0x08007fa0       0x18 out/utils.o
                0x08007fa0                LEDtoggle
 .text.DEBUG_LEDon
                0x08007fb8        0xc out/utils.o
                0x08007fb8                DEBUG_LEDon
 .text.DEBUG_LEDoff
                0x08007fc4        0xc out/utils.o
                0x08007fc4                DEBUG_LEDoff
 .text.DEBUG_LEDtoggle
                0x08007fd0       0x14 out/utils.o
                0x08007fd0                DEBUG_LEDtoggle
 .text.Blink    0x08007fe4       0x38 out/utils.o
                0x08007fe4                Blink
 .text.Delay_us
                0x0800801c       0x10 out/utils.o
                0x0800801c                Delay_us
 .text.Delay_ms
                0x0800802c       0x10 out/utils.o
                0x0800802c                Delay_ms
 .text.Rad2Deg  0x0800803c       0x10 out/utils.o
                0x0800803c                Rad2Deg
 .text.Deg2Rad  0x0800804c       0x10 out/utils.o
                0x0800804c                Deg2Rad
 .text.Round    0x0800805c       0x24 out/utils.o
                0x0800805c                Round
 .text._write   0x08008080       0x60 out/newlib_stubs.o
                0x08008080                _write
 .text._sbrk    0x080080e0       0x48 out/newlib_stubs.o
                0x080080e0                _sbrk
 .text._init    0x08008128        0x4 out/newlib_stubs.o
                0x08008128                _init
 .text.reboot   0x0800812c       0x14 out/reboot.o
                0x0800812c                reboot
 .text.bootloader
                0x08008140       0x50 out/reboot.o
                0x08008140                bootloader
 .text.Timer_Channel_Config.constprop.0
                0x08008190       0x38 out/pwm.o
 .text.Timer_PWM_General_Config
                0x080081c8       0x4c out/pwm.o
 .text.Timer_PWM_Advanced_Config
                0x08008214       0x9c out/pwm.o
 .text.LimitYawPWM
                0x080082b0       0x3c out/pwm.o
                0x080082b0                LimitYawPWM
 .text.SetPWMFastTable
                0x080082ec       0xe0 out/pwm.o
                0x080082ec                SetPWMFastTable
 .text.SetRollMotor
                0x080083cc       0x40 out/pwm.o
                0x080083cc                SetRollMotor
 .text.SetPitchMotor
                0x0800840c       0x40 out/pwm.o
                0x0800840c                SetPitchMotor
 .text.SetYawMotor
                0x0800844c       0x50 out/pwm.o
                0x0800844c                SetYawMotor
 .text.TIM5_IRQHandler
                0x0800849c       0xc0 out/pwm.o
                0x0800849c                TIM5_IRQHandler
 .text.TIM1_UP_IRQHandler
                0x0800855c       0x74 out/pwm.o
                0x0800855c                TIM1_UP_IRQHandler
 .text.TIM8_UP_IRQHandler
                0x080085d0       0x74 out/pwm.o
                0x080085d0                TIM8_UP_IRQHandler
 .text.PWMOff   0x08008644       0x50 out/pwm.o
                0x08008644                PWMOff
 .text.PWMConfig
                0x08008694      0x118 out/pwm.o
                0x08008694                PWMConfig
 .text.NMI_Handler
                0x080087ac        0x4 out/stm32_it.o
                0x080087ac                NMI_Handler
 .text.HardFault_Handler
                0x080087b0        0x4 out/stm32_it.o
                0x080087b0                HardFault_Handler
 .text.MemManage_Handler
                0x080087b4        0x4 out/stm32_it.o
                0x080087b4                MemManage_Handler
 .text.BusFault_Handler
                0x080087b8        0x4 out/stm32_it.o
                0x080087b8                BusFault_Handler
 .text.UsageFault_Handler
                0x080087bc        0x4 out/stm32_it.o
                0x080087bc                UsageFault_Handler
 .text.SVC_Handler
                0x080087c0        0x4 out/stm32_it.o
                0x080087c0                SVC_Handler
 .text.DebugMon_Handler
                0x080087c4        0x4 out/stm32_it.o
                0x080087c4                DebugMon_Handler
 .text.PendSV_Handler
                0x080087c8        0x4 out/stm32_it.o
                0x080087c8                PendSV_Handler
 .text.USB_LP_CAN1_RX0_IRQHandler
                0x080087cc        0x4 out/stm32_it.o
                0x080087cc                USB_LP_CAN1_RX0_IRQHandler
 .text.USBWakeUp_IRQHandler
                0x080087d0        0x8 out/stm32_it.o
                0x080087d0                USBWakeUp_IRQHandler
 .text.WriteToEEPROM
                0x080087d8       0x3c out/eeprom.o
                0x080087d8                WriteToEEPROM
 .text.ReadFromEEPROM
                0x08008814       0x68 out/eeprom.o
                0x08008814                ReadFromEEPROM
 .text.ComInit  0x0800887c       0x2c out/comio.o
                0x0800887c                ComInit
 .text.print    0x080088a8       0x38 out/comio.o
                0x080088a8                print
 .text.printUSART
                0x080088e0       0x28 out/comio.o
                0x080088e0                printUSART
 .text.UnGetChar
                0x08008908        0xc out/comio.o
                0x08008908                UnGetChar
 .text.GetChar  0x08008914       0x38 out/comio.o
                0x08008914                GetChar
 .text.ComFlushInput
                0x0800894c       0x18 out/comio.o
                0x0800894c                ComFlushInput
 .text.CharAvailable
                0x08008964       0x18 out/comio.o
                0x08008964                CharAvailable
 .text.PutChar  0x0800897c       0x1c out/comio.o
                0x0800897c                PutChar
 .text.DEBUG_PutChar
                0x08008998        0x4 out/comio.o
                0x08008998                DEBUG_PutChar
 .text.WatchDog
                0x0800899c       0x28 out/main.o
                0x0800899c                WatchDog
 .text.Periph_clock_enable
                0x080089c4       0x24 out/main.o
                0x080089c4                Periph_clock_enable
 .text.GetIdlePerf
                0x080089e8        0xc out/main.o
                0x080089e8                GetIdlePerf
 .text.setup    0x080089f4      0x1c0 out/main.o
                0x080089f4                setup
 .text.startup.main
                0x08008bb4       0xdc out/main.o
                0x08008bb4                main
 .text.Timer3_Config
                0x08008c90       0x38 out/rc.o
                0x08008c90                Timer3_Config
 .text.RC_Config
                0x08008cc8       0xc8 out/rc.o
                0x08008cc8                RC_Config
 .text.EXTI3_IRQHandler
                0x08008d90       0x88 out/rc.o
                0x08008d90                EXTI3_IRQHandler
 .text.EXTI2_IRQHandler
                0x08008e18       0x88 out/rc.o
                0x08008e18                EXTI2_IRQHandler
 .text.EXTI4_IRQHandler
                0x08008ea0       0x88 out/rc.o
                0x08008ea0                EXTI4_IRQHandler
 .text.Get_RC_Step
                0x08008f28      0x144 out/rc.o
                0x08008f28                Get_RC_Step
 .text.GPIO_Config
                0x0800906c      0x10c out/pins.o
                0x0800906c                GPIO_Config
 .text.InitSinArray
                0x08009178       0x4c out/fasttrig.o
                0x08009178                InitSinArray
 .text.configLoad
                0x080091c4       0x28 out/config.o
                0x080091c4                configLoad
 .text.configSave
                0x080091ec       0x3c out/config.o
                0x080091ec                configSave
 .text.printConfig
                0x08009228       0x38 out/config.o
                0x08009228                printConfig
 .text.CTR_LP   0x08009260      0x184 out/usb_int.o
                0x08009260                CTR_LP
 .text.SetBTABLE
                0x080093e4       0x10 out/usb_regs.o
                0x080093e4                SetBTABLE
 .text.SetEPType
                0x080093f4       0x1c out/usb_regs.o
                0x080093f4                SetEPType
 .text.SetEPTxStatus
                0x08009410       0x34 out/usb_regs.o
                0x08009410                SetEPTxStatus
 .text.SetEPRxStatus
                0x08009444       0x34 out/usb_regs.o
                0x08009444                SetEPRxStatus
 .text.SetEPTxValid
                0x08009478       0x28 out/usb_regs.o
                0x08009478                SetEPTxValid
 .text.SetEPRxValid
                0x080094a0       0x28 out/usb_regs.o
                0x080094a0                SetEPRxValid
 .text.Clear_Status_Out
                0x080094c8       0x20 out/usb_regs.o
                0x080094c8                Clear_Status_Out
 .text.ClearDTOG_RX
                0x080094e8       0x24 out/usb_regs.o
                0x080094e8                ClearDTOG_RX
 .text.ClearDTOG_TX
                0x0800950c       0x24 out/usb_regs.o
                0x0800950c                ClearDTOG_TX
 .text.SetEPTxAddr
                0x08009530       0x20 out/usb_regs.o
                0x08009530                SetEPTxAddr
 .text.SetEPRxAddr
                0x08009550       0x20 out/usb_regs.o
                0x08009550                SetEPRxAddr
 .text.GetEPTxAddr
                0x08009570       0x1c out/usb_regs.o
                0x08009570                GetEPTxAddr
 .text.GetEPRxAddr
                0x0800958c       0x1c out/usb_regs.o
                0x0800958c                GetEPRxAddr
 .text.SetEPTxCount
                0x080095a8       0x1c out/usb_regs.o
                0x080095a8                SetEPTxCount
 .text.SetEPRxCount
                0x080095c4       0x44 out/usb_regs.o
                0x080095c4                SetEPRxCount
 .text.GetEPRxCount
                0x08009608       0x20 out/usb_regs.o
                0x08009608                GetEPRxCount
 .text.ByteSwap
                0x08009628        0xc out/usb_regs.o
                0x08009628                ByteSwap
 .text.Standard_GetConfiguration
                0x08009634       0x28 out/usb_core.o
                0x08009634                Standard_GetConfiguration
 .text.Standard_GetInterface
                0x0800965c       0x28 out/usb_core.o
                0x0800965c                Standard_GetInterface
 .text.Standard_GetStatus
                0x08009684       0x98 out/usb_core.o
                0x08009684                Standard_GetStatus
 .text.DataStageIn
                0x0800971c       0xb8 out/usb_core.o
 .text.Standard_SetConfiguration
                0x080097d4       0x3c out/usb_core.o
                0x080097d4                Standard_SetConfiguration
 .text.Standard_SetInterface
                0x08009810       0x50 out/usb_core.o
                0x08009810                Standard_SetInterface
 .text.Standard_ClearFeature
                0x08009860       0xdc out/usb_core.o
                0x08009860                Standard_ClearFeature
 .text.Standard_SetEndPointFeature
                0x0800993c       0xa0 out/usb_core.o
                0x0800993c                Standard_SetEndPointFeature
 .text.Standard_GetDescriptorData
                0x080099dc       0x1c out/usb_core.o
                0x080099dc                Standard_GetDescriptorData
 .text.Post0_Process
                0x080099f8       0x40 out/usb_core.o
                0x080099f8                Post0_Process
 .text.Setup0_Process
                0x08009a38      0x380 out/usb_core.o
                0x08009a38                Setup0_Process
 .text.Out0_Process
                0x08009db8       0xe0 out/usb_core.o
                0x08009db8                Out0_Process
 .text.SetDeviceAddress
                0x08009e98       0x40 out/usb_core.o
                0x08009e98                SetDeviceAddress
 .text.In0_Process
                0x08009ed8       0x70 out/usb_core.o
                0x08009ed8                In0_Process
 .text.NOP_Process
                0x08009f48        0x4 out/usb_core.o
                0x08009f48                NOP_Process
 .text.USB_SIL_Init
                0x08009f4c       0x28 out/usb_sil.o
                0x08009f4c                USB_SIL_Init
 .text.USB_Init
                0x08009f74       0x38 out/usb_init.o
                0x08009f74                USB_Init
 .text.UserToPMABufferCopy
                0x08009fac       0x3c out/usb_mem.o
                0x08009fac                UserToPMABufferCopy
 .text.PMAToUserBufferCopy
                0x08009fe8       0x20 out/usb_mem.o
                0x08009fe8                PMAToUserBufferCopy
 .text.PowerOn  0x0800a008       0x30 out/usb_pwr.o
                0x0800a008                PowerOn
 .text.Resume   0x0800a038       0xd8 out/usb_pwr.o
                0x0800a038                Resume
 .text.USB_Istr
                0x0800a110       0xa0 out/usb_istr.o
                0x0800a110                USB_Istr
 .text.IntToUnicode
                0x0800a1b0       0x30 out/hw_config.o
 .text.Set_System
                0x0800a1e0       0x6c out/hw_config.o
                0x0800a1e0                Set_System
 .text.Set_USBClock
                0x0800a24c       0x18 out/hw_config.o
                0x0800a24c                Set_USBClock
 .text.Leave_LowPowerMode
                0x0800a264       0x24 out/hw_config.o
                0x0800a264                Leave_LowPowerMode
 .text.USB_Interrupts_Config
                0x0800a288       0x40 out/hw_config.o
                0x0800a288                USB_Interrupts_Config
 .text.USB_Cable_Config
                0x0800a2c8        0x4 out/hw_config.o
                0x0800a2c8                USB_Cable_Config
 .text.Get_SerialNum
                0x0800a2cc       0x40 out/hw_config.o
                0x0800a2cc                Get_SerialNum
 .text.CDC_Send_DATA
                0x0800a30c       0x48 out/hw_config.o
                0x0800a30c                CDC_Send_DATA
 .text.CDC_Receive_DATA
                0x0800a354       0x6c out/hw_config.o
                0x0800a354                CDC_Receive_DATA
 .text.usbIsConnected
                0x0800a3c0       0x10 out/hw_config.o
                0x0800a3c0                usbIsConnected
 .text.ERR_Callback
                0x0800a3d0       0x14 out/hw_config.o
                0x0800a3d0                ERR_Callback
 .text.SetVCPConnectMode
                0x0800a3e4       0x18 out/hw_config.o
                0x0800a3e4                SetVCPConnectMode
 .text.GetVCPConnectMode
                0x0800a3fc        0xc out/hw_config.o
                0x0800a3fc                GetVCPConnectMode
 .text.Virtual_Com_Port_SetConfiguration
                0x0800a408       0x18 out/usb_prop.o
                0x0800a408                Virtual_Com_Port_SetConfiguration
 .text.Virtual_Com_Port_SetDeviceAddress
                0x0800a420        0xc out/usb_prop.o
                0x0800a420                Virtual_Com_Port_SetDeviceAddress
 .text.Virtual_Com_Port_Status_In
                0x0800a42c       0x14 out/usb_prop.o
                0x0800a42c                Virtual_Com_Port_Status_In
 .text.Virtual_Com_Port_Status_Out
                0x0800a440        0x4 out/usb_prop.o
                0x0800a440                Virtual_Com_Port_Status_Out
 .text.Virtual_Com_Port_Get_Interface_Setting
                0x0800a444       0x10 out/usb_prop.o
                0x0800a444                Virtual_Com_Port_Get_Interface_Setting
 .text.Virtual_Com_Port_GetLineCoding
                0x0800a454       0x18 out/usb_prop.o
                0x0800a454                Virtual_Com_Port_GetLineCoding
 .text.Virtual_Com_Port_SetLineCoding
                0x0800a46c       0x18 out/usb_prop.o
                0x0800a46c                Virtual_Com_Port_SetLineCoding
 .text.Virtual_Com_Port_init
                0x0800a484       0x24 out/usb_prop.o
                0x0800a484                Virtual_Com_Port_init
 .text.Virtual_Com_Port_Reset
                0x0800a4a8       0xec out/usb_prop.o
                0x0800a4a8                Virtual_Com_Port_Reset
 .text.Virtual_Com_Port_Data_Setup
                0x0800a594       0x64 out/usb_prop.o
                0x0800a594                Virtual_Com_Port_Data_Setup
 .text.Virtual_Com_Port_NoData_Setup
                0x0800a5f8       0x30 out/usb_prop.o
                0x0800a5f8                Virtual_Com_Port_NoData_Setup
 .text.Virtual_Com_Port_GetDeviceDescriptor
                0x0800a628        0xc out/usb_prop.o
                0x0800a628                Virtual_Com_Port_GetDeviceDescriptor
 .text.Virtual_Com_Port_GetStringDescriptor
                0x0800a634       0x20 out/usb_prop.o
                0x0800a634                Virtual_Com_Port_GetStringDescriptor
 .text.Virtual_Com_Port_GetConfigDescriptor
                0x0800a654       0x2c out/usb_prop.o
                0x0800a654                Virtual_Com_Port_GetConfigDescriptor
 .text.EP3_OUT_Callback
                0x0800a680       0x28 out/usb_endp.o
                0x0800a680                EP3_OUT_Callback
 .text.cosf     0x0800a6a8       0x6c c:/program files (x86)/gnu tools arm embedded/4.8 2014q2/bin/../lib/gcc/arm-none-eabi/4.8.4/../../../../arm-none-eabi/lib/armv7-m\libm.a(lib_a-sf_cos.o)
                0x0800a6a8                cosf
 .text.sinf     0x0800a714       0x7c c:/program files (x86)/gnu tools arm embedded/4.8 2014q2/bin/../lib/gcc/arm-none-eabi/4.8.4/../../../../arm-none-eabi/lib/armv7-m\libm.a(lib_a-sf_sin.o)
                0x0800a714                sinf
 .text.atan2f   0x0800a790        0x4 c:/program files (x86)/gnu tools arm embedded/4.8 2014q2/bin/../lib/gcc/arm-none-eabi/4.8.4/../../../../arm-none-eabi/lib/armv7-m\libm.a(lib_a-wf_atan2.o)
                0x0800a790                atan2f
 .text.sqrtf    0x0800a794       0x9c c:/program files (x86)/gnu tools arm embedded/4.8 2014q2/bin/../lib/gcc/arm-none-eabi/4.8.4/../../../../arm-none-eabi/lib/armv7-m\libm.a(lib_a-wf_sqrt.o)
                0x0800a794                sqrtf
 .text.__ieee754_atan2f
                0x0800a830      0x120 c:/program files (x86)/gnu tools arm embedded/4.8 2014q2/bin/../lib/gcc/arm-none-eabi/4.8.4/../../../../arm-none-eabi/lib/armv7-m\libm.a(lib_a-ef_atan2.o)
                0x0800a830                __ieee754_atan2f
 .text.__ieee754_rem_pio2f
                0x0800a950      0x2e8 c:/program files (x86)/gnu tools arm embedded/4.8 2014q2/bin/../lib/gcc/arm-none-eabi/4.8.4/../../../../arm-none-eabi/lib/armv7-m\libm.a(lib_a-ef_rem_pio2.o)
                0x0800a950                __ieee754_rem_pio2f
 .text.__ieee754_sqrtf
                0x0800ac38       0xa8 c:/program files (x86)/gnu tools arm embedded/4.8 2014q2/bin/../lib/gcc/arm-none-eabi/4.8.4/../../../../arm-none-eabi/lib/armv7-m\libm.a(lib_a-ef_sqrt.o)
                0x0800ac38                __ieee754_sqrtf
 .text.__kernel_cosf
                0x0800ace0      0x188 c:/program files (x86)/gnu tools arm embedded/4.8 2014q2/bin/../lib/gcc/arm-none-eabi/4.8.4/../../../../arm-none-eabi/lib/armv7-m\libm.a(lib_a-kf_cos.o)
                0x0800ace0                __kernel_cosf
 .text.__kernel_rem_pio2f
                0x0800ae68      0x670 c:/program files (x86)/gnu tools arm embedded/4.8 2014q2/bin/../lib/gcc/arm-none-eabi/4.8.4/../../../../arm-none-eabi/lib/armv7-m\libm.a(lib_a-kf_rem_pio2.o)
                0x0800ae68                __kernel_rem_pio2f
 .text.__kernel_sinf
                0x0800b4d8       0xec c:/program files (x86)/gnu tools arm embedded/4.8 2014q2/bin/../lib/gcc/arm-none-eabi/4.8.4/../../../../arm-none-eabi/lib/armv7-m\libm.a(lib_a-kf_sin.o)
                0x0800b4d8                __kernel_sinf
 .text.matherr  0x0800b5c4        0x4 c:/program files (x86)/gnu tools arm embedded/4.8 2014q2/bin/../lib/gcc/arm-none-eabi/4.8.4/../../../../arm-none-eabi/lib/armv7-m\libm.a(lib_a-s_matherr.o)
                0x0800b5c4                matherr
 .text.atanf    0x0800b5c8      0x22c c:/program files (x86)/gnu tools arm embedded/4.8 2014q2/bin/../lib/gcc/arm-none-eabi/4.8.4/../../../../arm-none-eabi/lib/armv7-m\libm.a(lib_a-sf_atan.o)
                0x0800b5c8                atanf
 .text.fabsf    0x0800b7f4        0x8 c:/program files (x86)/gnu tools arm embedded/4.8 2014q2/bin/../lib/gcc/arm-none-eabi/4.8.4/../../../../arm-none-eabi/lib/armv7-m\libm.a(lib_a-sf_fabs.o)
                0x0800b7f4                fabsf
 .text.floorf   0x0800b7fc       0x8c c:/program files (x86)/gnu tools arm embedded/4.8 2014q2/bin/../lib/gcc/arm-none-eabi/4.8.4/../../../../arm-none-eabi/lib/armv7-m\libm.a(lib_a-sf_floor.o)
                0x0800b7fc                floorf
 .text.__fpclassifyf
                0x0800b888       0x34 c:/program files (x86)/gnu tools arm embedded/4.8 2014q2/bin/../lib/gcc/arm-none-eabi/4.8.4/../../../../arm-none-eabi/lib/armv7-m\libm.a(lib_a-sf_fpclassify.o)
                0x0800b888                __fpclassifyf
 .text.scalbnf  0x0800b8bc       0xb4 c:/program files (x86)/gnu tools arm embedded/4.8 2014q2/bin/../lib/gcc/arm-none-eabi/4.8.4/../../../../arm-none-eabi/lib/armv7-m\libm.a(lib_a-sf_scalbn.o)
                0x0800b8bc                scalbnf
 .text.copysignf
                0x0800b970        0xc c:/program files (x86)/gnu tools arm embedded/4.8 2014q2/bin/../lib/gcc/arm-none-eabi/4.8.4/../../../../arm-none-eabi/lib/armv7-m\libm.a(lib_a-sf_copysign.o)
                0x0800b970                copysignf
 .text.__errno  0x0800b97c        0xc c:/program files (x86)/gnu tools arm embedded/4.8 2014q2/bin/../lib/gcc/arm-none-eabi/4.8.4/../../../../arm-none-eabi/lib/armv7-m\libc.a(lib_a-errno.o)
                0x0800b97c                __errno
 .text.__libc_init_array
                0x0800b988       0x50 c:/program files (x86)/gnu tools arm embedded/4.8 2014q2/bin/../lib/gcc/arm-none-eabi/4.8.4/../../../../arm-none-eabi/lib/armv7-m\libc.a(lib_a-init.o)
                0x0800b988                __libc_init_array
 .text.strlen   0x0800b9d8       0x60 c:/program files (x86)/gnu tools arm embedded/4.8 2014q2/bin/../lib/gcc/arm-none-eabi/4.8.4/../../../../arm-none-eabi/lib/armv7-m\libc.a(lib_a-strlen.o)
                0x0800b9d8                strlen
 .text._vsnprintf_r
                0x0800ba38       0x54 c:/program files (x86)/gnu tools arm embedded/4.8 2014q2/bin/../lib/gcc/arm-none-eabi/4.8.4/../../../../arm-none-eabi/lib/armv7-m\libc.a(lib_a-vsnprintf.o)
                0x0800ba38                _vsnprintf_r
 .text.vsnprintf
                0x0800ba8c       0x24 c:/program files (x86)/gnu tools arm embedded/4.8 2014q2/bin/../lib/gcc/arm-none-eabi/4.8.4/../../../../arm-none-eabi/lib/armv7-m\libc.a(lib_a-vsnprintf.o)
                0x0800ba8c                vsnprintf
 .text._malloc_trim_r
                0x0800bab0       0x9c c:/program files (x86)/gnu tools arm embedded/4.8 2014q2/bin/../lib/gcc/arm-none-eabi/4.8.4/../../../../arm-none-eabi/lib/armv7-m\libc.a(lib_a-freer.o)
                0x0800bab0                _malloc_trim_r
 .text._free_r  0x0800bb4c      0x198 c:/program files (x86)/gnu tools arm embedded/4.8 2014q2/bin/../lib/gcc/arm-none-eabi/4.8.4/../../../../arm-none-eabi/lib/armv7-m\libc.a(lib_a-freer.o)
                0x0800bb4c                _free_r
 .text._malloc_r
                0x0800bce4      0x538 c:/program files (x86)/gnu tools arm embedded/4.8 2014q2/bin/../lib/gcc/arm-none-eabi/4.8.4/../../../../arm-none-eabi/lib/armv7-m\libc.a(lib_a-mallocr.o)
                0x0800bce4                _malloc_r
 .text.__malloc_lock
                0x0800c21c        0x4 c:/program files (x86)/gnu tools arm embedded/4.8 2014q2/bin/../lib/gcc/arm-none-eabi/4.8.4/../../../../arm-none-eabi/lib/armv7-m\libc.a(lib_a-mlock.o)
                0x0800c21c                __malloc_lock
 .text.__malloc_unlock
                0x0800c220        0x4 c:/program files (x86)/gnu tools arm embedded/4.8 2014q2/bin/../lib/gcc/arm-none-eabi/4.8.4/../../../../arm-none-eabi/lib/armv7-m\libc.a(lib_a-mlock.o)
                0x0800c220                __malloc_unlock
 .text._sbrk_r  0x0800c224       0x24 c:/program files (x86)/gnu tools arm embedded/4.8 2014q2/bin/../lib/gcc/arm-none-eabi/4.8.4/../../../../arm-none-eabi/lib/armv7-m\libc.a(lib_a-sbrkr.o)
                0x0800c224                _sbrk_r
 .text._svfprintf_r
                0x0800c248     0x14e0 c:/program files (x86)/gnu tools arm embedded/4.8 2014q2/bin/../lib/gcc/arm-none-eabi/4.8.4/../../../../arm-none-eabi/lib/armv7-m\libc.a(lib_a-svfprintf.o)
                0x0800c248                _svfprintf_r
 .text.quorem   0x0800d728      0x134 c:/program files (x86)/gnu tools arm embedded/4.8 2014q2/bin/../lib/gcc/arm-none-eabi/4.8.4/../../../../arm-none-eabi/lib/armv7-m\libc.a(lib_a-dtoa.o)
 *fill*         0x0800d85c        0x4 
 .text._dtoa_r  0x0800d860      0xe38 c:/program files (x86)/gnu tools arm embedded/4.8 2014q2/bin/../lib/gcc/arm-none-eabi/4.8.4/../../../../arm-none-eabi/lib/armv7-m\libc.a(lib_a-dtoa.o)
                0x0800d860                _dtoa_r
 .text._localeconv_r
                0x0800e698        0x8 c:/program files (x86)/gnu tools arm embedded/4.8 2014q2/bin/../lib/gcc/arm-none-eabi/4.8.4/../../../../arm-none-eabi/lib/armv7-m\libc.a(lib_a-locale.o)
                0x0800e698                _localeconv_r
 .text.memchr   0x0800e6a0       0x94 c:/program files (x86)/gnu tools arm embedded/4.8 2014q2/bin/../lib/gcc/arm-none-eabi/4.8.4/../../../../arm-none-eabi/lib/armv7-m\libc.a(lib_a-memchr-stub.o)
                0x0800e6a0                memchr
 .text._Balloc  0x0800e734       0x4c c:/program files (x86)/gnu tools arm embedded/4.8 2014q2/bin/../lib/gcc/arm-none-eabi/4.8.4/../../../../arm-none-eabi/lib/armv7-m\libc.a(lib_a-mprec.o)
                0x0800e734                _Balloc
 .text._Bfree   0x0800e780       0x14 c:/program files (x86)/gnu tools arm embedded/4.8 2014q2/bin/../lib/gcc/arm-none-eabi/4.8.4/../../../../arm-none-eabi/lib/armv7-m\libc.a(lib_a-mprec.o)
                0x0800e780                _Bfree
 .text.__multadd
                0x0800e794       0x94 c:/program files (x86)/gnu tools arm embedded/4.8 2014q2/bin/../lib/gcc/arm-none-eabi/4.8.4/../../../../arm-none-eabi/lib/armv7-m\libc.a(lib_a-mprec.o)
                0x0800e794                __multadd
 .text.__hi0bits
                0x0800e828       0x40 c:/program files (x86)/gnu tools arm embedded/4.8 2014q2/bin/../lib/gcc/arm-none-eabi/4.8.4/../../../../arm-none-eabi/lib/armv7-m\libc.a(lib_a-mprec.o)
                0x0800e828                __hi0bits
 .text.__lo0bits
                0x0800e868       0x5c c:/program files (x86)/gnu tools arm embedded/4.8 2014q2/bin/../lib/gcc/arm-none-eabi/4.8.4/../../../../arm-none-eabi/lib/armv7-m\libc.a(lib_a-mprec.o)
                0x0800e868                __lo0bits
 .text.__i2b    0x0800e8c4       0x14 c:/program files (x86)/gnu tools arm embedded/4.8 2014q2/bin/../lib/gcc/arm-none-eabi/4.8.4/../../../../arm-none-eabi/lib/armv7-m\libc.a(lib_a-mprec.o)
                0x0800e8c4                __i2b
 .text.__multiply
                0x0800e8d8      0x13c c:/program files (x86)/gnu tools arm embedded/4.8 2014q2/bin/../lib/gcc/arm-none-eabi/4.8.4/../../../../arm-none-eabi/lib/armv7-m\libc.a(lib_a-mprec.o)
                0x0800e8d8                __multiply
 .text.__pow5mult
                0x0800ea14       0x9c c:/program files (x86)/gnu tools arm embedded/4.8 2014q2/bin/../lib/gcc/arm-none-eabi/4.8.4/../../../../arm-none-eabi/lib/armv7-m\libc.a(lib_a-mprec.o)
                0x0800ea14                __pow5mult
 .text.__lshift
                0x0800eab0       0xbc c:/program files (x86)/gnu tools arm embedded/4.8 2014q2/bin/../lib/gcc/arm-none-eabi/4.8.4/../../../../arm-none-eabi/lib/armv7-m\libc.a(lib_a-mprec.o)
                0x0800eab0                __lshift
 .text.__mcmp   0x0800eb6c       0x48 c:/program files (x86)/gnu tools arm embedded/4.8 2014q2/bin/../lib/gcc/arm-none-eabi/4.8.4/../../../../arm-none-eabi/lib/armv7-m\libc.a(lib_a-mprec.o)
                0x0800eb6c                __mcmp
 .text.__mdiff  0x0800ebb4       0xd8 c:/program files (x86)/gnu tools arm embedded/4.8 2014q2/bin/../lib/gcc/arm-none-eabi/4.8.4/../../../../arm-none-eabi/lib/armv7-m\libc.a(lib_a-mprec.o)
                0x0800ebb4                __mdiff
 .text.__d2b    0x0800ec8c       0xbc c:/program files (x86)/gnu tools arm embedded/4.8 2014q2/bin/../lib/gcc/arm-none-eabi/4.8.4/../../../../arm-none-eabi/lib/armv7-m\libc.a(lib_a-mprec.o)
                0x0800ec8c                __d2b
 .text.__fpclassifyd
                0x0800ed48       0x50 c:/program files (x86)/gnu tools arm embedded/4.8 2014q2/bin/../lib/gcc/arm-none-eabi/4.8.4/../../../../arm-none-eabi/lib/armv7-m\libc.a(lib_a-s_fpclassify.o)
                0x0800ed48                __fpclassifyd
 .text.__ssprint_r
                0x0800ed98      0x100 c:/program files (x86)/gnu tools arm embedded/4.8 2014q2/bin/../lib/gcc/arm-none-eabi/4.8.4/../../../../arm-none-eabi/lib/armv7-m\libc.a(lib_a-svfiprintf.o)
                0x0800ed98                __ssprint_r
 .text._calloc_r
                0x0800ee98       0x60 c:/program files (x86)/gnu tools arm embedded/4.8 2014q2/bin/../lib/gcc/arm-none-eabi/4.8.4/../../../../arm-none-eabi/lib/armv7-m\libc.a(lib_a-callocr.o)
                0x0800ee98                _calloc_r
 .text.memmove  0x0800eef8       0xcc c:/program files (x86)/gnu tools arm embedded/4.8 2014q2/bin/../lib/gcc/arm-none-eabi/4.8.4/../../../../arm-none-eabi/lib/armv7-m\libc.a(lib_a-memmove.o)
                0x0800eef8                memmove
 .text.memset   0x0800efc4       0x94 c:/program files (x86)/gnu tools arm embedded/4.8 2014q2/bin/../lib/gcc/arm-none-eabi/4.8.4/../../../../arm-none-eabi/lib/armv7-m\libc.a(lib_a-memset.o)
                0x0800efc4                memset
 .text._realloc_r
                0x0800f058      0x3c0 c:/program files (x86)/gnu tools arm embedded/4.8 2014q2/bin/../lib/gcc/arm-none-eabi/4.8.4/../../../../arm-none-eabi/lib/armv7-m\libc.a(lib_a-reallocr.o)
                0x0800f058                _realloc_r
 *(.rodata)
 *(.rodata*)
 .rodata.str1.4
                0x0800f418      0x284 out/engine.o
 .rodata.str1.4
                0x0800f69c      0x174 out/commhandler.o
 .rodata.str1.4
                0x0800f810       0x22 out/newlib_stubs.o
                                 0x24 (size before relaxing)
 *fill*         0x0800f832        0x2 
 .rodata.str1.4
                0x0800f834       0x21 out/comio.o
                                 0x24 (size before relaxing)
 *fill*         0x0800f855        0x3 
 .rodata.str1.4
                0x0800f858      0x36f out/main.o
                                0x378 (size before relaxing)
 *fill*         0x0800fbc7        0x1 
 .rodata.str1.4
                0x0800fbc8       0x17 out/config.o
                                 0x1c (size before relaxing)
 *fill*         0x0800fbdf        0x1 
 .rodata.Virtual_Com_Port_StringVendor
                0x0800fbe0       0x28 out/usb_desc.o
                0x0800fbe0                Virtual_Com_Port_StringVendor
 .rodata.Virtual_Com_Port_DeviceDescriptor
                0x0800fc08       0x14 out/usb_desc.o
                0x0800fc08                Virtual_Com_Port_DeviceDescriptor
 .rodata.Virtual_Com_Port_StringLangID
                0x0800fc1c        0x4 out/usb_desc.o
                0x0800fc1c                Virtual_Com_Port_StringLangID
 .rodata.Virtual_Com_Port_StringProduct
                0x0800fc20       0x34 out/usb_desc.o
                0x0800fc20                Virtual_Com_Port_StringProduct
 .rodata.Virtual_Com_Port_ConfigDescriptor
                0x0800fc54       0x44 out/usb_desc.o
                0x0800fc54                Virtual_Com_Port_ConfigDescriptor
 .rodata.str1.4
                0x0800fc98        0x6 c:/program files (x86)/gnu tools arm embedded/4.8 2014q2/bin/../lib/gcc/arm-none-eabi/4.8.4/../../../../arm-none-eabi/lib/armv7-m\libm.a(lib_a-wf_sqrt.o)
                                  0x8 (size before relaxing)
 *fill*         0x0800fc9e        0x2 
 .rodata.npio2_hw
                0x0800fca0       0x80 c:/program files (x86)/gnu tools arm embedded/4.8 2014q2/bin/../lib/gcc/arm-none-eabi/4.8.4/../../../../arm-none-eabi/lib/armv7-m\libm.a(lib_a-ef_rem_pio2.o)
 .rodata.two_over_pi
                0x0800fd20      0x318 c:/program files (x86)/gnu tools arm embedded/4.8 2014q2/bin/../lib/gcc/arm-none-eabi/4.8.4/../../../../arm-none-eabi/lib/armv7-m\libm.a(lib_a-ef_rem_pio2.o)
 .rodata.init_jk
                0x08010038        0xc c:/program files (x86)/gnu tools arm embedded/4.8 2014q2/bin/../lib/gcc/arm-none-eabi/4.8.4/../../../../arm-none-eabi/lib/armv7-m\libm.a(lib_a-kf_rem_pio2.o)
 .rodata.PIo2   0x08010044       0x2c c:/program files (x86)/gnu tools arm embedded/4.8 2014q2/bin/../lib/gcc/arm-none-eabi/4.8.4/../../../../arm-none-eabi/lib/armv7-m\libm.a(lib_a-kf_rem_pio2.o)
 .rodata.atanlo
                0x08010070       0x10 c:/program files (x86)/gnu tools arm embedded/4.8 2014q2/bin/../lib/gcc/arm-none-eabi/4.8.4/../../../../arm-none-eabi/lib/armv7-m\libm.a(lib_a-sf_atan.o)
 .rodata.atanhi
                0x08010080       0x10 c:/program files (x86)/gnu tools arm embedded/4.8 2014q2/bin/../lib/gcc/arm-none-eabi/4.8.4/../../../../arm-none-eabi/lib/armv7-m\libm.a(lib_a-sf_atan.o)
 .rodata.str1.4
                0x08010090        0x2 c:/program files (x86)/gnu tools arm embedded/4.8 2014q2/bin/../lib/gcc/arm-none-eabi/4.8.4/../../../../arm-none-eabi/lib/armv7-m\libc.a(lib_a-impure.o)
                                  0x4 (size before relaxing)
 *fill*         0x08010092        0x2 
 .rodata.zeroes.6763
                0x08010094       0x10 c:/program files (x86)/gnu tools arm embedded/4.8 2014q2/bin/../lib/gcc/arm-none-eabi/4.8.4/../../../../arm-none-eabi/lib/armv7-m\libc.a(lib_a-svfprintf.o)
 .rodata.str1.4
                0x080100a4       0x42 c:/program files (x86)/gnu tools arm embedded/4.8 2014q2/bin/../lib/gcc/arm-none-eabi/4.8.4/../../../../arm-none-eabi/lib/armv7-m\libc.a(lib_a-svfprintf.o)
                                 0x44 (size before relaxing)
 *fill*         0x080100e6        0x2 
 .rodata.blanks.6762
                0x080100e8       0x10 c:/program files (x86)/gnu tools arm embedded/4.8 2014q2/bin/../lib/gcc/arm-none-eabi/4.8.4/../../../../arm-none-eabi/lib/armv7-m\libc.a(lib_a-svfprintf.o)
 .rodata.str1.4
                0x080100f8       0x10 c:/program files (x86)/gnu tools arm embedded/4.8 2014q2/bin/../lib/gcc/arm-none-eabi/4.8.4/../../../../arm-none-eabi/lib/armv7-m\libc.a(lib_a-dtoa.o)
                                 0x14 (size before relaxing)
 .rodata.str1.4
                0x08010108        0xc c:/program files (x86)/gnu tools arm embedded/4.8 2014q2/bin/../lib/gcc/arm-none-eabi/4.8.4/../../../../arm-none-eabi/lib/armv7-m\libc.a(lib_a-locale.o)
                                 0x14 (size before relaxing)
 *fill*         0x08010114        0x4 
 .rodata.__mprec_tens
                0x08010118       0xc8 c:/program files (x86)/gnu tools arm embedded/4.8 2014q2/bin/../lib/gcc/arm-none-eabi/4.8.4/../../../../arm-none-eabi/lib/armv7-m\libc.a(lib_a-mprec.o)
                0x08010118                __mprec_tens
 .rodata.__mprec_bigtens
                0x080101e0       0x28 c:/program files (x86)/gnu tools arm embedded/4.8 2014q2/bin/../lib/gcc/arm-none-eabi/4.8.4/../../../../arm-none-eabi/lib/armv7-m\libc.a(lib_a-mprec.o)
                0x080101e0                __mprec_bigtens
 .rodata.p05.5269
                0x08010208        0xc c:/program files (x86)/gnu tools arm embedded/4.8 2014q2/bin/../lib/gcc/arm-none-eabi/4.8.4/../../../../arm-none-eabi/lib/armv7-m\libc.a(lib_a-mprec.o)
 *(.glue_7)
 .glue_7        0x00000000        0x0 linker stubs
 *(.glue_7t)
 .glue_7t       0x00000000        0x0 linker stubs
 *(.eh_frame)
 *(.init)
 *(.fini)
                0x08010214                . = ALIGN (0x4)
                0x08010214                _etext = .

.vfp11_veneer   0x08010214        0x0
 .vfp11_veneer  0x00000000        0x0 linker stubs

.v4_bx          0x08010214        0x0
 .v4_bx         0x00000000        0x0 linker stubs

.iplt           0x08010214        0x0
 .iplt          0x00000000        0x0 out/startup_stm32f10x_hd.o

.ARM.extab
 *(.ARM.extab* .gnu.linkonce.armextab.*)

.ARM            0x08010214        0x8
                0x08010214                __exidx_start = .
 *(.ARM.exidx*)
 .ARM.exidx     0x08010214        0x8 c:/program files (x86)/gnu tools arm embedded/4.8 2014q2/bin/../lib/gcc/arm-none-eabi/4.8.4/armv7-m\libgcc.a(_divdi3.o)
 .ARM.exidx     0x0801021c        0x0 c:/program files (x86)/gnu tools arm embedded/4.8 2014q2/bin/../lib/gcc/arm-none-eabi/4.8.4/armv7-m\libgcc.a(_udivdi3.o)
                                  0x8 (size before relaxing)
                0x0801021c                __exidx_end = .

.rel.dyn        0x0801021c        0x0
 .rel.iplt      0x00000000        0x0 out/startup_stm32f10x_hd.o

.preinit_array  0x0801021c        0x0
                0x0801021c                PROVIDE (__preinit_array_start, .)
 *(.preinit_array*)
                0x0801021c                PROVIDE (__preinit_array_end, .)

.init_array     0x0801021c        0x0
                0x0801021c                PROVIDE (__init_array_start, .)
 *(SORT(.init_array.*))
 *(.init_array*)
                0x0801021c                PROVIDE (__init_array_end, .)

.fini_array     0x0801021c        0x0
                0x0801021c                PROVIDE (__fini_array_start, .)
 *(.fini_array*)
 *(SORT(.fini_array.*))
                0x0801021c                PROVIDE (__fini_array_end, .)
                0x0801021c                _sidata = .

.data           0x20000000      0x9bc load address 0x0801021c
                0x20000000                . = ALIGN (0x4)
                0x20000000                _sdata = .
 *(.data)
 *(.data*)
 .data.ADCPrescTable
                0x20000000        0x4 out/stm32f10x_rcc.o
 .data.APBAHBPrescTable
                0x20000004       0x10 out/stm32f10x_rcc.o
 .data.sysTickPerUs
                0x20000014        0x4 out/systick.o
 .data.LAKITU_enable
                0x20000018        0x4 out/engine.o
                0x20000018                LAKITU_enable
 .data.LakituAngles
                0x2000001c        0xc out/engine.o
                0x2000001c                LakituAngles
 .data.AHBPrescTable
                0x20000028       0x10 out/system_stm32f10x.o
                0x20000028                AHBPrescTable
 .data.SystemCoreClock
                0x20000038        0x4 out/system_stm32f10x.o
                0x20000038                SystemCoreClock
 .data.testPhase
                0x2000003c        0x4 out/pwm.o
                0x2000003c                testPhase
 .data.timer_4_5_deadtime_delay
                0x20000040        0x4 out/pwm.o
                0x20000040                timer_4_5_deadtime_delay
 .data.g_YawOff
                0x20000044        0x4 out/pwm.o
 .data.timer_1_8_deadtime_register
                0x20000048        0x4 out/pwm.o
                0x20000048                timer_1_8_deadtime_register
 .data.lastChar
                0x2000004c        0x4 out/comio.o
 .data.configData
                0x20000050        0xc out/config.o
                0x20000050                configData
 .data.pEpInt_IN
                0x2000005c       0x1c out/usb_istr.o
                0x2000005c                pEpInt_IN
 .data.pEpInt_OUT
                0x20000078       0x1c out/usb_istr.o
                0x20000078                pEpInt_OUT
 .data.Config_Descriptor
                0x20000094        0x8 out/usb_prop.o
                0x20000094                Config_Descriptor
 .data.Device_Property
                0x2000009c       0x30 out/usb_prop.o
                0x2000009c                Device_Property
 .data.User_Standard_Requests
                0x200000cc       0x24 out/usb_prop.o
                0x200000cc                User_Standard_Requests
 .data.Device_Descriptor
                0x200000f0        0x8 out/usb_prop.o
                0x200000f0                Device_Descriptor
 .data.String_Descriptor
                0x200000f8       0x20 out/usb_prop.o
                0x200000f8                String_Descriptor
 .data.linecoding
                0x20000118        0x8 out/usb_prop.o
                0x20000118                linecoding
 .data.Device_Table
                0x20000120        0x4 out/usb_prop.o
                0x20000120                Device_Table
 .data.Virtual_Com_Port_StringSerial
                0x20000124       0x1c out/usb_desc.o
                0x20000124                Virtual_Com_Port_StringSerial
 .data.__fdlib_version
                0x20000140        0x1 c:/program files (x86)/gnu tools arm embedded/4.8 2014q2/bin/../lib/gcc/arm-none-eabi/4.8.4/../../../../arm-none-eabi/lib/armv7-m\libm.a(lib_a-s_lib_ver.o)
                0x20000140                __fdlib_version
 *fill*         0x20000141        0x7 
 .data.impure_data
                0x20000148      0x428 c:/program files (x86)/gnu tools arm embedded/4.8 2014q2/bin/../lib/gcc/arm-none-eabi/4.8.4/../../../../arm-none-eabi/lib/armv7-m\libc.a(lib_a-impure.o)
 .data._impure_ptr
                0x20000570        0x4 c:/program files (x86)/gnu tools arm embedded/4.8 2014q2/bin/../lib/gcc/arm-none-eabi/4.8.4/../../../../arm-none-eabi/lib/armv7-m\libc.a(lib_a-impure.o)
                0x20000570                _impure_ptr
 .data.__malloc_av_
                0x20000574      0x408 c:/program files (x86)/gnu tools arm embedded/4.8 2014q2/bin/../lib/gcc/arm-none-eabi/4.8.4/../../../../arm-none-eabi/lib/armv7-m\libc.a(lib_a-mallocr.o)
                0x20000574                __malloc_av_
 .data.__malloc_trim_threshold
                0x2000097c        0x4 c:/program files (x86)/gnu tools arm embedded/4.8 2014q2/bin/../lib/gcc/arm-none-eabi/4.8.4/../../../../arm-none-eabi/lib/armv7-m\libc.a(lib_a-mallocr.o)
                0x2000097c                __malloc_trim_threshold
 .data.__malloc_sbrk_base
                0x20000980        0x4 c:/program files (x86)/gnu tools arm embedded/4.8 2014q2/bin/../lib/gcc/arm-none-eabi/4.8.4/../../../../arm-none-eabi/lib/armv7-m\libc.a(lib_a-mallocr.o)
                0x20000980                __malloc_sbrk_base
 .data.lconv    0x20000984       0x38 c:/program files (x86)/gnu tools arm embedded/4.8 2014q2/bin/../lib/gcc/arm-none-eabi/4.8.4/../../../../arm-none-eabi/lib/armv7-m\libc.a(lib_a-locale.o)
                0x200009bc                . = ALIGN (0x4)
                0x200009bc                _edata = .

.igot.plt       0x200009bc        0x0 load address 0x08010bd8
 .igot.plt      0x00000000        0x0 out/startup_stm32f10x_hd.o
                0x200009bc                . = ALIGN (0x4)

.bss            0x200009bc     0x1098 load address 0x08010bd8
                0x200009bc                _sbss = .
                0x200009bc                __bss_start__ = _sbss
 *(.bss)
 *(.bss*)
 .bss.sysTickMillis
                0x200009bc        0x4 out/systick.o
 .bss.systickUserCallback
                0x200009c0        0x4 out/systick.o
 .bss.RingBufferUART4TX
                0x200009c4      0x210 out/usart.o
 .bss.RingBufferUART4RX
                0x20000bd4      0x210 out/usart.o
 .bss.lastCallbackTime
                0x20000de4        0x4 out/usb.o
 .bss.USBCallBackCalled
                0x20000de8        0x4 out/usb.o
 .bss.roll_setpoint
                0x20000dec        0x4 out/engine.o
                0x20000dec                roll_setpoint
 .bss.pitchRCOffset
                0x20000df0        0x4 out/engine.o
 .bss.debugCnt  0x20000df4        0x4 out/engine.o
                0x20000df4                debugCnt
 .bss.debugOrient
                0x20000df8        0x4 out/engine.o
                0x20000df8                debugOrient
 .bss.yaw_setpoint
                0x20000dfc        0x4 out/engine.o
                0x20000dfc                yaw_setpoint
 .bss.centerPoint
                0x20000e00        0x4 out/engine.o
                0x20000e00                centerPoint
 .bss.Step      0x20000e04        0xc out/engine.o
                0x20000e04                Step
 .bss.debugAutoPan
                0x20000e10        0x4 out/engine.o
                0x20000e10                debugAutoPan
 .bss.pitch_Error_last
                0x20000e14        0x4 out/engine.o
                0x20000e14                pitch_Error_last
 .bss.debugPrint
                0x20000e18        0x4 out/engine.o
                0x20000e18                debugPrint
 .bss.AccData   0x20000e1c        0xc out/engine.o
                0x20000e1c                AccData
 .bss.stepSmooth
                0x20000e28        0x4 out/engine.o
                0x20000e28                stepSmooth
 .bss.loopCounter.5055
                0x20000e2c        0x4 out/engine.o
 .bss.GyroData  0x20000e30        0xc out/engine.o
                0x20000e30                GyroData
 .bss.roll_Error_last
                0x20000e3c        0x4 out/engine.o
                0x20000e3c                roll_Error_last
 .bss.printcounter
                0x20000e40        0x4 out/engine.o
 .bss.pitch_setpoint
                0x20000e44        0x4 out/engine.o
                0x20000e44                pitch_setpoint
 .bss.yawRCOffset
                0x20000e48        0x4 out/engine.o
 .bss.step      0x20000e4c        0x4 out/engine.o
                0x20000e4c                step
 .bss.rollRCOffset
                0x20000e50        0x4 out/engine.o
 .bss.debugSense
                0x20000e54        0x4 out/engine.o
                0x20000e54                debugSense
 .bss.debugLAKITU
                0x20000e58        0x4 out/engine.o
                0x20000e58                debugLAKITU
 .bss.RCSmooth  0x20000e5c        0xc out/engine.o
                0x20000e5c                RCSmooth
 .bss.yaw_Error_last
                0x20000e68        0x4 out/engine.o
                0x20000e68                yaw_Error_last
 .bss.debugRC   0x20000e6c        0x4 out/engine.o
                0x20000e6c                debugRC
 .bss.debugPerf
                0x20000e70        0x4 out/engine.o
                0x20000e70                debugPerf
 .bss.gyroADC_PITCH
                0x20000e74        0x2 out/gyro.o
 *fill*         0x20000e76        0x2 
 .bss.gyroADC_YAW_offset
                0x20000e78        0x4 out/gyro.o
 .bss.gyroADC_ROLL
                0x20000e7c        0x2 out/gyro.o
 .bss.gyroADC_YAW
                0x20000e7e        0x2 out/gyro.o
 .bss.gyroADC_ROLL_offset
                0x20000e80        0x4 out/gyro.o
 .bss.gyroADC_PITCH_offset
                0x20000e84        0x4 out/gyro.o
 .bss.heap_end.7135
                0x20000e88        0x4 out/newlib_stubs.o
 .bss.g_Roll    0x20000e8c        0xc out/pwm.o
 .bss.g_Pitch   0x20000e98        0xc out/pwm.o
 .bss.g_Yaw     0x20000ea4        0xc out/pwm.o
 .bss.idlePerf  0x20000eb0        0x4 out/main.o
 .bss.WatchDogCounter
                0x20000eb4        0x4 out/main.o
 .bss.gotIMU    0x20000eb8        0x4 out/main.o
 .bss.rc4a.6700
                0x20000ebc        0x2 out/rc.o
 .bss.rc4b.6701
                0x20000ebe        0x2 out/rc.o
 .bss.rc2       0x20000ec0        0x4 out/rc.o
 .bss.rc3       0x20000ec4        0x4 out/rc.o
 .bss.rc4       0x20000ec8        0x4 out/rc.o
 .bss.rc2a.6690
                0x20000ecc        0x2 out/rc.o
 .bss.rc2b.6691
                0x20000ece        0x2 out/rc.o
 .bss.rc3b.6681
                0x20000ed0        0x2 out/rc.o
 .bss.rc3a.6680
                0x20000ed2        0x2 out/rc.o
 .bss.Data_Mul_MaxPacketSize
                0x20000ed4        0x1 out/usb_core.o
                0x20000ed4                Data_Mul_MaxPacketSize
 *fill*         0x20000ed5        0x3 
 .bss.bDeviceState
                0x20000ed8        0x4 out/usb_pwr.o
                0x20000ed8                bDeviceState
 .bss.remotewakeupon
                0x20000edc        0x4 out/usb_pwr.o
                0x20000edc                remotewakeupon
 .bss.bIntPackSOF
                0x20000ee0        0x1 out/usb_istr.o
                0x20000ee0                bIntPackSOF
 .bss.offset.7135
                0x20000ee1        0x1 out/hw_config.o
 .bss.VCPconnectMode
                0x20000ee2        0x1 out/hw_config.o
 *fill*         0x20000ee3        0x1 
 .bss.vcpBootBlockTime
                0x20000ee4        0x4 out/usb_prop.o
 .bss.Request   0x20000ee8        0x1 out/usb_prop.o
                0x20000ee8                Request
 *fill*         0x20000ee9        0x3 
 .bss.__malloc_max_total_mem
                0x20000eec        0x4 c:/program files (x86)/gnu tools arm embedded/4.8 2014q2/bin/../lib/gcc/arm-none-eabi/4.8.4/../../../../arm-none-eabi/lib/armv7-m\libc.a(lib_a-mallocr.o)
                0x20000eec                __malloc_max_total_mem
 .bss.__malloc_max_sbrked_mem
                0x20000ef0        0x4 c:/program files (x86)/gnu tools arm embedded/4.8 2014q2/bin/../lib/gcc/arm-none-eabi/4.8.4/../../../../arm-none-eabi/lib/armv7-m\libc.a(lib_a-mallocr.o)
                0x20000ef0                __malloc_max_sbrked_mem
 .bss.__malloc_top_pad
                0x20000ef4        0x4 c:/program files (x86)/gnu tools arm embedded/4.8 2014q2/bin/../lib/gcc/arm-none-eabi/4.8.4/../../../../arm-none-eabi/lib/armv7-m\libc.a(lib_a-mallocr.o)
                0x20000ef4                __malloc_top_pad
 .bss.__malloc_current_mallinfo
                0x20000ef8       0x28 c:/program files (x86)/gnu tools arm embedded/4.8 2014q2/bin/../lib/gcc/arm-none-eabi/4.8.4/../../../../arm-none-eabi/lib/armv7-m\libc.a(lib_a-mallocr.o)
                0x20000ef8                __malloc_current_mallinfo
 *(COMMON)
 COMMON         0x20000f20        0x8 out/i2c.o
                0x20000f20                I2Cerrorcount
                0x20000f24                I2Cerror
 COMMON         0x20000f28        0x4 out/usart.o
                0x20000f28                IrqCntUart4
 COMMON         0x20000f2c      0x210 out/usb.o
                0x20000f2c                RingBufferUSBTX
 COMMON         0x2000113c       0x30 out/engine.o
                0x2000113c                CameraOrient
                0x20001148                AccAngleSmooth
                0x20001154                Output
                0x20001160                roll_angle_correction
                0x20001164                yaw_angle_correction
                0x20001168                pitch_angle_correction
 COMMON         0x2000116c        0x4 out/commhandler.o
                0x2000116c                ConfigMode
 COMMON         0x20001170       0x24 out/pwm.o
                0x20001170                MaxCnt
                0x2000117c                MinCnt
                0x20001188                IrqCnt
 COMMON         0x20001194      0x800 out/fasttrig.o
                0x20001194                sinDataI16
 COMMON         0x20001994        0x4 out/usb_int.o
                0x20001994                SaveRState
                0x20001996                SaveTState
 COMMON         0x20001998        0x2 out/usb_core.o
                0x20001998                StatusInfo
 *fill*         0x2000199a        0x2 
 COMMON         0x2000199c       0x32 out/usb_init.o
                0x2000199c                SaveState
                0x200019a0                pProperty
                0x200019a4                EPindex
                0x200019a8                Device_Info
                0x200019c4                pUser_Standard_Requests
                0x200019c8                pInformation
                0x200019cc                wInterrupt_Mask
 *fill*         0x200019ce        0x2 
 COMMON         0x200019d0       0x24 out/usb_pwr.o
                0x200019d0                ResumeS
                0x200019d4                EP
 COMMON         0x200019f4        0x2 out/usb_istr.o
                0x200019f4                wIstr
 *fill*         0x200019f6        0x2 
 COMMON         0x200019f8       0x54 out/hw_config.o
                0x200019f8                sendLength
                0x200019fc                HSEStartUpStatus
                0x20001a00                packetSent
                0x20001a04                EXTI_InitStructure
                0x20001a0c                receiveBuffer
 COMMON         0x20001a4c        0x4 out/usb_endp.o
                0x20001a4c                receiveLength
 COMMON         0x20001a50        0x4 c:/program files (x86)/gnu tools arm embedded/4.8 2014q2/bin/../lib/gcc/arm-none-eabi/4.8.4/../../../../arm-none-eabi/lib/armv7-m\libc.a(lib_a-reent.o)
                0x20001a50                errno
                0x20001a54                . = ALIGN (0x4)
                0x20001a54                _ebss = .
                0x20001a54                __bss_end__ = _ebss

._user_heap_stack
                0x20001a54      0x200 load address 0x08011c70
                0x20001a54                . = ALIGN (0x4)
                0x20001a54                PROVIDE (end, .)
                0x20001a54                PROVIDE (_end, .)
                0x20001a54                . = (. + _Min_Heap_Size)
                0x20001c54                . = (. + _Min_Stack_Size)
 *fill*         0x20001a54      0x200 
                0x20001c54                . = ALIGN (0x4)

/DISCARD/
 libc.a(*)
 libm.a(*)
 libgcc.a(*)

.ARM.attributes
                0x00000000       0x2f
 *(.ARM.attributes)
 .ARM.attributes
                0x00000000       0x21 out/startup_stm32f10x_hd.o
 .ARM.attributes
                0x00000021       0x33 out/stm32f10x_gpio.o
 .ARM.attributes
                0x00000054       0x33 out/stm32f10x_exti.o
 .ARM.attributes
                0x00000087       0x33 out/stm32f10x_adc.o
 .ARM.attributes
                0x000000ba       0x33 out/misc.o
 .ARM.attributes
                0x000000ed       0x33 out/stm32f10x_tim.o
 .ARM.attributes
                0x00000120       0x33 out/stm32f10x_usart.o
 .ARM.attributes
                0x00000153       0x33 out/stm32f10x_rcc.o
 .ARM.attributes
                0x00000186       0x33 out/adc.o
 .ARM.attributes
                0x000001b9       0x33 out/systick.o
 .ARM.attributes
                0x000001ec       0x33 out/i2c.o
 .ARM.attributes
                0x0000021f       0x33 out/usart.o
 .ARM.attributes
                0x00000252       0x33 out/usb.o
 .ARM.attributes
                0x00000285       0x33 out/stopwatch.o
 .ARM.attributes
                0x000002b8       0x33 out/engine.o
 .ARM.attributes
                0x000002eb       0x33 out/commhandler.o
 .ARM.attributes
                0x0000031e       0x33 out/system_stm32f10x.o
 .ARM.attributes
                0x00000351       0x33 out/ringbuffer.o
 .ARM.attributes
                0x00000384       0x33 out/gyro.o
 .ARM.attributes
                0x000003b7       0x33 out/utils.o
 .ARM.attributes
                0x000003ea       0x33 out/newlib_stubs.o
 .ARM.attributes
                0x0000041d       0x33 out/reboot.o
 .ARM.attributes
                0x00000450       0x33 out/pwm.o
 .ARM.attributes
                0x00000483       0x33 out/stm32_it.o
 .ARM.attributes
                0x000004b6       0x33 out/eeprom.o
 .ARM.attributes
                0x000004e9       0x33 out/comio.o
 .ARM.attributes
                0x0000051c       0x33 out/main.o
 .ARM.attributes
                0x0000054f       0x33 out/rc.o
 .ARM.attributes
                0x00000582       0x33 out/pins.o
 .ARM.attributes
                0x000005b5       0x33 out/fasttrig.o
 .ARM.attributes
                0x000005e8       0x33 out/config.o
 .ARM.attributes
                0x0000061b       0x33 out/usb_int.o
 .ARM.attributes
                0x0000064e       0x33 out/usb_regs.o
 .ARM.attributes
                0x00000681       0x33 out/usb_core.o
 .ARM.attributes
                0x000006b4       0x33 out/usb_sil.o
 .ARM.attributes
                0x000006e7       0x33 out/usb_init.o
 .ARM.attributes
                0x0000071a       0x33 out/usb_mem.o
 .ARM.attributes
                0x0000074d       0x33 out/usb_pwr.o
 .ARM.attributes
                0x00000780       0x33 out/usb_istr.o
 .ARM.attributes
                0x000007b3       0x33 out/hw_config.o
 .ARM.attributes
                0x000007e6       0x33 out/usb_prop.o
 .ARM.attributes
                0x00000819       0x33 out/usb_endp.o
 .ARM.attributes
                0x0000084c       0x33 out/usb_desc.o
 .ARM.attributes
                0x0000087f       0x2d c:/program files (x86)/gnu tools arm embedded/4.8 2014q2/bin/../lib/gcc/arm-none-eabi/4.8.4/../../../../arm-none-eabi/lib/armv7-m\libm.a(lib_a-sf_cos.o)
 .ARM.attributes
                0x000008ac       0x2d c:/program files (x86)/gnu tools arm embedded/4.8 2014q2/bin/../lib/gcc/arm-none-eabi/4.8.4/../../../../arm-none-eabi/lib/armv7-m\libm.a(lib_a-sf_sin.o)
 .ARM.attributes
                0x000008d9       0x2d c:/program files (x86)/gnu tools arm embedded/4.8 2014q2/bin/../lib/gcc/arm-none-eabi/4.8.4/../../../../arm-none-eabi/lib/armv7-m\libm.a(lib_a-wf_atan2.o)
 .ARM.attributes
                0x00000906       0x2d c:/program files (x86)/gnu tools arm embedded/4.8 2014q2/bin/../lib/gcc/arm-none-eabi/4.8.4/../../../../arm-none-eabi/lib/armv7-m\libm.a(lib_a-wf_sqrt.o)
 .ARM.attributes
                0x00000933       0x2d c:/program files (x86)/gnu tools arm embedded/4.8 2014q2/bin/../lib/gcc/arm-none-eabi/4.8.4/../../../../arm-none-eabi/lib/armv7-m\libm.a(lib_a-ef_atan2.o)
 .ARM.attributes
                0x00000960       0x2d c:/program files (x86)/gnu tools arm embedded/4.8 2014q2/bin/../lib/gcc/arm-none-eabi/4.8.4/../../../../arm-none-eabi/lib/armv7-m\libm.a(lib_a-ef_rem_pio2.o)
 .ARM.attributes
                0x0000098d       0x2d c:/program files (x86)/gnu tools arm embedded/4.8 2014q2/bin/../lib/gcc/arm-none-eabi/4.8.4/../../../../arm-none-eabi/lib/armv7-m\libm.a(lib_a-ef_sqrt.o)
 .ARM.attributes
                0x000009ba       0x2d c:/program files (x86)/gnu tools arm embedded/4.8 2014q2/bin/../lib/gcc/arm-none-eabi/4.8.4/../../../../arm-none-eabi/lib/armv7-m\libm.a(lib_a-kf_cos.o)
 .ARM.attributes
                0x000009e7       0x2d c:/program files (x86)/gnu tools arm embedded/4.8 2014q2/bin/../lib/gcc/arm-none-eabi/4.8.4/../../../../arm-none-eabi/lib/armv7-m\libm.a(lib_a-kf_rem_pio2.o)
 .ARM.attributes
                0x00000a14       0x2d c:/program files (x86)/gnu tools arm embedded/4.8 2014q2/bin/../lib/gcc/arm-none-eabi/4.8.4/../../../../arm-none-eabi/lib/armv7-m\libm.a(lib_a-kf_sin.o)
 .ARM.attributes
                0x00000a41       0x2d c:/program files (x86)/gnu tools arm embedded/4.8 2014q2/bin/../lib/gcc/arm-none-eabi/4.8.4/../../../../arm-none-eabi/lib/armv7-m\libm.a(lib_a-s_lib_ver.o)
 .ARM.attributes
                0x00000a6e       0x2d c:/program files (x86)/gnu tools arm embedded/4.8 2014q2/bin/../lib/gcc/arm-none-eabi/4.8.4/../../../../arm-none-eabi/lib/armv7-m\libm.a(lib_a-s_matherr.o)
 .ARM.attributes
                0x00000a9b       0x2d c:/program files (x86)/gnu tools arm embedded/4.8 2014q2/bin/../lib/gcc/arm-none-eabi/4.8.4/../../../../arm-none-eabi/lib/armv7-m\libm.a(lib_a-sf_atan.o)
 .ARM.attributes
                0x00000ac8       0x2d c:/program files (x86)/gnu tools arm embedded/4.8 2014q2/bin/../lib/gcc/arm-none-eabi/4.8.4/../../../../arm-none-eabi/lib/armv7-m\libm.a(lib_a-sf_fabs.o)
 .ARM.attributes
                0x00000af5       0x2d c:/program files (x86)/gnu tools arm embedded/4.8 2014q2/bin/../lib/gcc/arm-none-eabi/4.8.4/../../../../arm-none-eabi/lib/armv7-m\libm.a(lib_a-sf_floor.o)
 .ARM.attributes
                0x00000b22       0x2d c:/program files (x86)/gnu tools arm embedded/4.8 2014q2/bin/../lib/gcc/arm-none-eabi/4.8.4/../../../../arm-none-eabi/lib/armv7-m\libm.a(lib_a-sf_fpclassify.o)
 .ARM.attributes
                0x00000b4f       0x2d c:/program files (x86)/gnu tools arm embedded/4.8 2014q2/bin/../lib/gcc/arm-none-eabi/4.8.4/../../../../arm-none-eabi/lib/armv7-m\libm.a(lib_a-sf_scalbn.o)
 .ARM.attributes
                0x00000b7c       0x2d c:/program files (x86)/gnu tools arm embedded/4.8 2014q2/bin/../lib/gcc/arm-none-eabi/4.8.4/../../../../arm-none-eabi/lib/armv7-m\libm.a(lib_a-sf_copysign.o)
 .ARM.attributes
                0x00000ba9       0x1d c:/program files (x86)/gnu tools arm embedded/4.8 2014q2/bin/../lib/gcc/arm-none-eabi/4.8.4/armv7-m\libgcc.a(_arm_addsubdf3.o)
 .ARM.attributes
                0x00000bc6       0x1d c:/program files (x86)/gnu tools arm embedded/4.8 2014q2/bin/../lib/gcc/arm-none-eabi/4.8.4/armv7-m\libgcc.a(_arm_muldivdf3.o)
 .ARM.attributes
                0x00000be3       0x1d c:/program files (x86)/gnu tools arm embedded/4.8 2014q2/bin/../lib/gcc/arm-none-eabi/4.8.4/armv7-m\libgcc.a(_arm_cmpdf2.o)
 .ARM.attributes
                0x00000c00       0x1d c:/program files (x86)/gnu tools arm embedded/4.8 2014q2/bin/../lib/gcc/arm-none-eabi/4.8.4/armv7-m\libgcc.a(_arm_fixdfsi.o)
 .ARM.attributes
                0x00000c1d       0x1d c:/program files (x86)/gnu tools arm embedded/4.8 2014q2/bin/../lib/gcc/arm-none-eabi/4.8.4/armv7-m\libgcc.a(_arm_truncdfsf2.o)
 .ARM.attributes
                0x00000c3a       0x1d c:/program files (x86)/gnu tools arm embedded/4.8 2014q2/bin/../lib/gcc/arm-none-eabi/4.8.4/armv7-m\libgcc.a(_arm_addsubsf3.o)
 .ARM.attributes
                0x00000c57       0x1d c:/program files (x86)/gnu tools arm embedded/4.8 2014q2/bin/../lib/gcc/arm-none-eabi/4.8.4/armv7-m\libgcc.a(_arm_muldivsf3.o)
 .ARM.attributes
                0x00000c74       0x1d c:/program files (x86)/gnu tools arm embedded/4.8 2014q2/bin/../lib/gcc/arm-none-eabi/4.8.4/armv7-m\libgcc.a(_arm_cmpsf2.o)
 .ARM.attributes
                0x00000c91       0x1d c:/program files (x86)/gnu tools arm embedded/4.8 2014q2/bin/../lib/gcc/arm-none-eabi/4.8.4/armv7-m\libgcc.a(_arm_fixsfsi.o)
 .ARM.attributes
                0x00000cae       0x2d c:/program files (x86)/gnu tools arm embedded/4.8 2014q2/bin/../lib/gcc/arm-none-eabi/4.8.4/../../../../arm-none-eabi/lib/armv7-m\libc.a(lib_a-errno.o)
 .ARM.attributes
                0x00000cdb       0x2d c:/program files (x86)/gnu tools arm embedded/4.8 2014q2/bin/../lib/gcc/arm-none-eabi/4.8.4/../../../../arm-none-eabi/lib/armv7-m\libc.a(lib_a-impure.o)
 .ARM.attributes
                0x00000d08       0x2d c:/program files (x86)/gnu tools arm embedded/4.8 2014q2/bin/../lib/gcc/arm-none-eabi/4.8.4/../../../../arm-none-eabi/lib/armv7-m\libc.a(lib_a-init.o)
 .ARM.attributes
                0x00000d35       0x1b c:/program files (x86)/gnu tools arm embedded/4.8 2014q2/bin/../lib/gcc/arm-none-eabi/4.8.4/../../../../arm-none-eabi/lib/armv7-m\libc.a(lib_a-memcpy.o)
 .ARM.attributes
                0x00000d50       0x2d c:/program files (x86)/gnu tools arm embedded/4.8 2014q2/bin/../lib/gcc/arm-none-eabi/4.8.4/../../../../arm-none-eabi/lib/armv7-m\libc.a(lib_a-reent.o)
 .ARM.attributes
                0x00000d7d       0x2d c:/program files (x86)/gnu tools arm embedded/4.8 2014q2/bin/../lib/gcc/arm-none-eabi/4.8.4/../../../../arm-none-eabi/lib/armv7-m\libc.a(lib_a-strlen.o)
 .ARM.attributes
                0x00000daa       0x2d c:/program files (x86)/gnu tools arm embedded/4.8 2014q2/bin/../lib/gcc/arm-none-eabi/4.8.4/../../../../arm-none-eabi/lib/armv7-m\libc.a(lib_a-vsnprintf.o)
 .ARM.attributes
                0x00000dd7       0x2d c:/program files (x86)/gnu tools arm embedded/4.8 2014q2/bin/../lib/gcc/arm-none-eabi/4.8.4/../../../../arm-none-eabi/lib/armv7-m\libc.a(lib_a-freer.o)
 .ARM.attributes
                0x00000e04       0x2d c:/program files (x86)/gnu tools arm embedded/4.8 2014q2/bin/../lib/gcc/arm-none-eabi/4.8.4/../../../../arm-none-eabi/lib/armv7-m\libc.a(lib_a-mallocr.o)
 .ARM.attributes
                0x00000e31       0x2d c:/program files (x86)/gnu tools arm embedded/4.8 2014q2/bin/../lib/gcc/arm-none-eabi/4.8.4/../../../../arm-none-eabi/lib/armv7-m\libc.a(lib_a-mlock.o)
 .ARM.attributes
                0x00000e5e       0x2d c:/program files (x86)/gnu tools arm embedded/4.8 2014q2/bin/../lib/gcc/arm-none-eabi/4.8.4/../../../../arm-none-eabi/lib/armv7-m\libc.a(lib_a-sbrkr.o)
 .ARM.attributes
                0x00000e8b       0x2d c:/program files (x86)/gnu tools arm embedded/4.8 2014q2/bin/../lib/gcc/arm-none-eabi/4.8.4/../../../../arm-none-eabi/lib/armv7-m\libc.a(lib_a-svfprintf.o)
 .ARM.attributes
                0x00000eb8       0x2d c:/program files (x86)/gnu tools arm embedded/4.8 2014q2/bin/../lib/gcc/arm-none-eabi/4.8.4/../../../../arm-none-eabi/lib/armv7-m\libc.a(lib_a-dtoa.o)
 .ARM.attributes
                0x00000ee5       0x2d c:/program files (x86)/gnu tools arm embedded/4.8 2014q2/bin/../lib/gcc/arm-none-eabi/4.8.4/../../../../arm-none-eabi/lib/armv7-m\libc.a(lib_a-locale.o)
 .ARM.attributes
                0x00000f12       0x2d c:/program files (x86)/gnu tools arm embedded/4.8 2014q2/bin/../lib/gcc/arm-none-eabi/4.8.4/../../../../arm-none-eabi/lib/armv7-m\libc.a(lib_a-memchr-stub.o)
 .ARM.attributes
                0x00000f3f       0x2d c:/program files (x86)/gnu tools arm embedded/4.8 2014q2/bin/../lib/gcc/arm-none-eabi/4.8.4/../../../../arm-none-eabi/lib/armv7-m\libc.a(lib_a-mprec.o)
 .ARM.attributes
                0x00000f6c       0x2d c:/program files (x86)/gnu tools arm embedded/4.8 2014q2/bin/../lib/gcc/arm-none-eabi/4.8.4/../../../../arm-none-eabi/lib/armv7-m\libc.a(lib_a-s_fpclassify.o)
 .ARM.attributes
                0x00000f99       0x2d c:/program files (x86)/gnu tools arm embedded/4.8 2014q2/bin/../lib/gcc/arm-none-eabi/4.8.4/../../../../arm-none-eabi/lib/armv7-m\libc.a(lib_a-svfiprintf.o)
 .ARM.attributes
                0x00000fc6       0x2d c:/program files (x86)/gnu tools arm embedded/4.8 2014q2/bin/../lib/gcc/arm-none-eabi/4.8.4/../../../../arm-none-eabi/lib/armv7-m\libc.a(lib_a-callocr.o)
 .ARM.attributes
                0x00000ff3       0x2d c:/program files (x86)/gnu tools arm embedded/4.8 2014q2/bin/../lib/gcc/arm-none-eabi/4.8.4/../../../../arm-none-eabi/lib/armv7-m\libc.a(lib_a-memmove.o)
 .ARM.attributes
                0x00001020       0x2d c:/program files (x86)/gnu tools arm embedded/4.8 2014q2/bin/../lib/gcc/arm-none-eabi/4.8.4/../../../../arm-none-eabi/lib/armv7-m\libc.a(lib_a-memset.o)
 .ARM.attributes
                0x0000104d       0x2d c:/program files (x86)/gnu tools arm embedded/4.8 2014q2/bin/../lib/gcc/arm-none-eabi/4.8.4/../../../../arm-none-eabi/lib/armv7-m\libc.a(lib_a-reallocr.o)
 .ARM.attributes
                0x0000107a       0x1d c:/program files (x86)/gnu tools arm embedded/4.8 2014q2/bin/../lib/gcc/arm-none-eabi/4.8.4/armv7-m\libgcc.a(_aeabi_uldivmod.o)
 .ARM.attributes
                0x00001097       0x2d c:/program files (x86)/gnu tools arm embedded/4.8 2014q2/bin/../lib/gcc/arm-none-eabi/4.8.4/armv7-m\libgcc.a(bpabi.o)
 .ARM.attributes
                0x000010c4       0x1d c:/program files (x86)/gnu tools arm embedded/4.8 2014q2/bin/../lib/gcc/arm-none-eabi/4.8.4/armv7-m\libgcc.a(_dvmd_tls.o)
 .ARM.attributes
                0x000010e1       0x2d c:/program files (x86)/gnu tools arm embedded/4.8 2014q2/bin/../lib/gcc/arm-none-eabi/4.8.4/armv7-m\libgcc.a(_divdi3.o)
 .ARM.attributes